<!doctype html public "-//w3c//dtd html 4.0 transitional//en">
<html><head>
<title>Static Call Graph - [.\Objects\RT106X.axf]</title></head>
<body><HR>
<H1>Static Call Graph for image .\Objects\RT106X.axf</H1><HR>
<BR><P>#&#060CALLGRAPH&#062# ARM Linker, 6130100: Last Updated: Tue Feb 25 13:55:10 2020
<BR><P>
<H3>Maximum Stack Usage =        776 bytes + Unknown(Cycles, Untraceable Function Pointers)</H3><H3>
Call chain for Maximum Stack Depth:</H3>
__rt_entry_main &rArr; main &rArr; board_init &rArr; BOARD_InitDebugConsole &rArr; DbgConsole_Init &rArr; SerialManager_Init &rArr; Serial_UartInit &rArr; HAL_UartInit &rArr; LPUART_Init &rArr; CLOCK_ControlGate &rArr; __aeabi_assert &rArr; DbgConsole_Printf &rArr; StrFormatPrintf &rArr; __hardfp_pow &rArr; sqrt &rArr; __set_errno
<P>
<H3>
Mutually Recursive functions
</H3> <LI><a href="#[4]">BusFault_Handler</a>&nbsp;&nbsp;&nbsp;&rArr;&nbsp;&nbsp;&nbsp;<a href="#[4]">BusFault_Handler</a><BR>
 <LI><a href="#[10f]">DbgConsole_SendData</a>&nbsp;&nbsp;&nbsp;&rArr;&nbsp;&nbsp;&nbsp;<a href="#[101]">__aeabi_assert</a><BR>
 <LI><a href="#[112]">SerialManager_WriteBlocking</a>&nbsp;&nbsp;&nbsp;&rArr;&nbsp;&nbsp;&nbsp;<a href="#[101]">__aeabi_assert</a><BR>
 <LI><a href="#[151]">Serial_UartWrite</a>&nbsp;&nbsp;&nbsp;&rArr;&nbsp;&nbsp;&nbsp;<a href="#[101]">__aeabi_assert</a><BR>
 <LI><a href="#[12f]">HAL_UartSendBlocking</a>&nbsp;&nbsp;&nbsp;&rArr;&nbsp;&nbsp;&nbsp;<a href="#[101]">__aeabi_assert</a><BR>
 <LI><a href="#[130]">LPUART_WriteBlocking</a>&nbsp;&nbsp;&nbsp;&rArr;&nbsp;&nbsp;&nbsp;<a href="#[101]">__aeabi_assert</a><BR>
 <LI><a href="#[7]">DebugMon_Handler</a>&nbsp;&nbsp;&nbsp;&rArr;&nbsp;&nbsp;&nbsp;<a href="#[7]">DebugMon_Handler</a><BR>
 <LI><a href="#[2]">HardFault_Handler</a>&nbsp;&nbsp;&nbsp;&rArr;&nbsp;&nbsp;&nbsp;<a href="#[2]">HardFault_Handler</a><BR>
 <LI><a href="#[3]">MemManage_Handler</a>&nbsp;&nbsp;&nbsp;&rArr;&nbsp;&nbsp;&nbsp;<a href="#[3]">MemManage_Handler</a><BR>
 <LI><a href="#[1]">NMI_Handler</a>&nbsp;&nbsp;&nbsp;&rArr;&nbsp;&nbsp;&nbsp;<a href="#[1]">NMI_Handler</a><BR>
 <LI><a href="#[8]">PendSV_Handler</a>&nbsp;&nbsp;&nbsp;&rArr;&nbsp;&nbsp;&nbsp;<a href="#[8]">PendSV_Handler</a><BR>
 <LI><a href="#[6]">SVC_Handler</a>&nbsp;&nbsp;&nbsp;&rArr;&nbsp;&nbsp;&nbsp;<a href="#[6]">SVC_Handler</a><BR>
 <LI><a href="#[5]">UsageFault_Handler</a>&nbsp;&nbsp;&nbsp;&rArr;&nbsp;&nbsp;&nbsp;<a href="#[5]">UsageFault_Handler</a><BR>
</UL>
<P>
<H3>
Function Pointers
</H3><UL>
 <LI><a href="#[85]">ACMP1_IRQHandler</a> from startup_mimxrt1064.o(.text) referenced from startup_mimxrt1064.o(RESET)
 <LI><a href="#[86]">ACMP2_IRQHandler</a> from startup_mimxrt1064.o(.text) referenced from startup_mimxrt1064.o(RESET)
 <LI><a href="#[87]">ACMP3_IRQHandler</a> from startup_mimxrt1064.o(.text) referenced from startup_mimxrt1064.o(RESET)
 <LI><a href="#[88]">ACMP4_IRQHandler</a> from startup_mimxrt1064.o(.text) referenced from startup_mimxrt1064.o(RESET)
 <LI><a href="#[4d]">ADC1_IRQHandler</a> from startup_mimxrt1064.o(.text) referenced from startup_mimxrt1064.o(RESET)
 <LI><a href="#[4e]">ADC2_IRQHandler</a> from startup_mimxrt1064.o(.text) referenced from startup_mimxrt1064.o(RESET)
 <LI><a href="#[83]">ADC_ETC_ERROR_IRQ_IRQHandler</a> from startup_mimxrt1064.o(.text) referenced from startup_mimxrt1064.o(RESET)
 <LI><a href="#[80]">ADC_ETC_IRQ0_IRQHandler</a> from startup_mimxrt1064.o(.text) referenced from startup_mimxrt1064.o(RESET)
 <LI><a href="#[81]">ADC_ETC_IRQ1_IRQHandler</a> from startup_mimxrt1064.o(.text) referenced from startup_mimxrt1064.o(RESET)
 <LI><a href="#[82]">ADC_ETC_IRQ2_IRQHandler</a> from startup_mimxrt1064.o(.text) referenced from startup_mimxrt1064.o(RESET)
 <LI><a href="#[41]">BEE_IRQHandler</a> from startup_mimxrt1064.o(.text) referenced from startup_mimxrt1064.o(RESET)
 <LI><a href="#[4]">BusFault_Handler</a> from common.o(.text.BusFault_Handler) referenced from startup_mimxrt1064.o(RESET)
 <LI><a href="#[cc]">CAN1_DriverIRQHandler</a> from fsl_flexcan.o(.text.CAN1_DriverIRQHandler) referenced from startup_mimxrt1064.o(.text)
 <LI><a href="#[2e]">CAN1_IRQHandler</a> from startup_mimxrt1064.o(.text) referenced from startup_mimxrt1064.o(RESET)
 <LI><a href="#[cd]">CAN2_DriverIRQHandler</a> from fsl_flexcan.o(.text.CAN2_DriverIRQHandler) referenced from startup_mimxrt1064.o(.text)
 <LI><a href="#[2f]">CAN2_IRQHandler</a> from startup_mimxrt1064.o(.text) referenced from startup_mimxrt1064.o(RESET)
 <LI><a href="#[dd]">CAN3_DriverIRQHandler</a> from fsl_flexcan.o(.text.CAN3_DriverIRQHandler) referenced from startup_mimxrt1064.o(.text)
 <LI><a href="#[a4]">CAN3_IRQHandler</a> from startup_mimxrt1064.o(.text) referenced from startup_mimxrt1064.o(RESET)
 <LI><a href="#[69]">CCM_1_IRQHandler</a> from startup_mimxrt1064.o(.text) referenced from startup_mimxrt1064.o(RESET)
 <LI><a href="#[6a]">CCM_2_IRQHandler</a> from startup_mimxrt1064.o(.text) referenced from startup_mimxrt1064.o(RESET)
 <LI><a href="#[df]">CLOCK_SetDiv</a> from clock_config.o(.text.CLOCK_SetDiv) referenced from clock_config.o(.text.BOARD_BootClockRUN)
 <LI><a href="#[e0]">CLOCK_SetMux</a> from clock_config.o(.text.CLOCK_SetMux) referenced from clock_config.o(.text.BOARD_BootClockRUN)
 <LI><a href="#[1d]">CORE_IRQHandler</a> from startup_mimxrt1064.o(.text) referenced from startup_mimxrt1064.o(RESET)
 <LI><a href="#[35]">CSI_IRQHandler</a> from isr.o(.text.CSI_IRQHandler) referenced from startup_mimxrt1064.o(RESET)
 <LI><a href="#[3b]">CSU_IRQHandler</a> from startup_mimxrt1064.o(.text) referenced from startup_mimxrt1064.o(RESET)
 <LI><a href="#[1b]">CTI0_ERROR_IRQHandler</a> from startup_mimxrt1064.o(.text) referenced from startup_mimxrt1064.o(RESET)
 <LI><a href="#[1c]">CTI1_ERROR_IRQHandler</a> from startup_mimxrt1064.o(.text) referenced from startup_mimxrt1064.o(RESET)
 <LI><a href="#[4f]">DCDC_IRQHandler</a> from startup_mimxrt1064.o(.text) referenced from startup_mimxrt1064.o(RESET)
 <LI><a href="#[3c]">DCP_IRQHandler</a> from startup_mimxrt1064.o(.text) referenced from startup_mimxrt1064.o(RESET)
 <LI><a href="#[3d]">DCP_VMI_IRQHandler</a> from startup_mimxrt1064.o(.text) referenced from startup_mimxrt1064.o(RESET)
 <LI><a href="#[ab]">DMA0_DMA16_DriverIRQHandler</a> from fsl_edma.o(.text.DMA0_DMA16_DriverIRQHandler) referenced from startup_mimxrt1064.o(.text)
 <LI><a href="#[a]">DMA0_DMA16_IRQHandler</a> from startup_mimxrt1064.o(.text) referenced from startup_mimxrt1064.o(RESET)
 <LI><a href="#[b5]">DMA10_DMA26_DriverIRQHandler</a> from fsl_edma.o(.text.DMA10_DMA26_DriverIRQHandler) referenced from startup_mimxrt1064.o(.text)
 <LI><a href="#[14]">DMA10_DMA26_IRQHandler</a> from startup_mimxrt1064.o(.text) referenced from startup_mimxrt1064.o(RESET)
 <LI><a href="#[b6]">DMA11_DMA27_DriverIRQHandler</a> from fsl_edma.o(.text.DMA11_DMA27_DriverIRQHandler) referenced from startup_mimxrt1064.o(.text)
 <LI><a href="#[15]">DMA11_DMA27_IRQHandler</a> from startup_mimxrt1064.o(.text) referenced from startup_mimxrt1064.o(RESET)
 <LI><a href="#[b7]">DMA12_DMA28_DriverIRQHandler</a> from fsl_edma.o(.text.DMA12_DMA28_DriverIRQHandler) referenced from startup_mimxrt1064.o(.text)
 <LI><a href="#[16]">DMA12_DMA28_IRQHandler</a> from startup_mimxrt1064.o(.text) referenced from startup_mimxrt1064.o(RESET)
 <LI><a href="#[b8]">DMA13_DMA29_DriverIRQHandler</a> from fsl_edma.o(.text.DMA13_DMA29_DriverIRQHandler) referenced from startup_mimxrt1064.o(.text)
 <LI><a href="#[17]">DMA13_DMA29_IRQHandler</a> from startup_mimxrt1064.o(.text) referenced from startup_mimxrt1064.o(RESET)
 <LI><a href="#[b9]">DMA14_DMA30_DriverIRQHandler</a> from fsl_edma.o(.text.DMA14_DMA30_DriverIRQHandler) referenced from startup_mimxrt1064.o(.text)
 <LI><a href="#[18]">DMA14_DMA30_IRQHandler</a> from startup_mimxrt1064.o(.text) referenced from startup_mimxrt1064.o(RESET)
 <LI><a href="#[ba]">DMA15_DMA31_DriverIRQHandler</a> from fsl_edma.o(.text.DMA15_DMA31_DriverIRQHandler) referenced from startup_mimxrt1064.o(.text)
 <LI><a href="#[19]">DMA15_DMA31_IRQHandler</a> from startup_mimxrt1064.o(.text) referenced from startup_mimxrt1064.o(RESET)
 <LI><a href="#[ac]">DMA1_DMA17_DriverIRQHandler</a> from fsl_edma.o(.text.DMA1_DMA17_DriverIRQHandler) referenced from startup_mimxrt1064.o(.text)
 <LI><a href="#[b]">DMA1_DMA17_IRQHandler</a> from startup_mimxrt1064.o(.text) referenced from startup_mimxrt1064.o(RESET)
 <LI><a href="#[ad]">DMA2_DMA18_DriverIRQHandler</a> from fsl_edma.o(.text.DMA2_DMA18_DriverIRQHandler) referenced from startup_mimxrt1064.o(.text)
 <LI><a href="#[c]">DMA2_DMA18_IRQHandler</a> from startup_mimxrt1064.o(.text) referenced from startup_mimxrt1064.o(RESET)
 <LI><a href="#[ae]">DMA3_DMA19_DriverIRQHandler</a> from fsl_edma.o(.text.DMA3_DMA19_DriverIRQHandler) referenced from startup_mimxrt1064.o(.text)
 <LI><a href="#[d]">DMA3_DMA19_IRQHandler</a> from startup_mimxrt1064.o(.text) referenced from startup_mimxrt1064.o(RESET)
 <LI><a href="#[af]">DMA4_DMA20_DriverIRQHandler</a> from fsl_edma.o(.text.DMA4_DMA20_DriverIRQHandler) referenced from startup_mimxrt1064.o(.text)
 <LI><a href="#[e]">DMA4_DMA20_IRQHandler</a> from startup_mimxrt1064.o(.text) referenced from startup_mimxrt1064.o(RESET)
 <LI><a href="#[b0]">DMA5_DMA21_DriverIRQHandler</a> from fsl_edma.o(.text.DMA5_DMA21_DriverIRQHandler) referenced from startup_mimxrt1064.o(.text)
 <LI><a href="#[f]">DMA5_DMA21_IRQHandler</a> from startup_mimxrt1064.o(.text) referenced from startup_mimxrt1064.o(RESET)
 <LI><a href="#[b1]">DMA6_DMA22_DriverIRQHandler</a> from fsl_edma.o(.text.DMA6_DMA22_DriverIRQHandler) referenced from startup_mimxrt1064.o(.text)
 <LI><a href="#[10]">DMA6_DMA22_IRQHandler</a> from startup_mimxrt1064.o(.text) referenced from startup_mimxrt1064.o(RESET)
 <LI><a href="#[b2]">DMA7_DMA23_DriverIRQHandler</a> from fsl_edma.o(.text.DMA7_DMA23_DriverIRQHandler) referenced from startup_mimxrt1064.o(.text)
 <LI><a href="#[11]">DMA7_DMA23_IRQHandler</a> from startup_mimxrt1064.o(.text) referenced from startup_mimxrt1064.o(RESET)
 <LI><a href="#[b3]">DMA8_DMA24_DriverIRQHandler</a> from fsl_edma.o(.text.DMA8_DMA24_DriverIRQHandler) referenced from startup_mimxrt1064.o(.text)
 <LI><a href="#[12]">DMA8_DMA24_IRQHandler</a> from startup_mimxrt1064.o(.text) referenced from startup_mimxrt1064.o(RESET)
 <LI><a href="#[b4]">DMA9_DMA25_DriverIRQHandler</a> from fsl_edma.o(.text.DMA9_DMA25_DriverIRQHandler) referenced from startup_mimxrt1064.o(.text)
 <LI><a href="#[13]">DMA9_DMA25_IRQHandler</a> from startup_mimxrt1064.o(.text) referenced from startup_mimxrt1064.o(RESET)
 <LI><a href="#[bb]">DMA_ERROR_DriverIRQHandler</a> from startup_mimxrt1064.o(.text) referenced from startup_mimxrt1064.o(.text)
 <LI><a href="#[1a]">DMA_ERROR_IRQHandler</a> from startup_mimxrt1064.o(.text) referenced from startup_mimxrt1064.o(RESET)
 <LI><a href="#[e1]">DbgConsole_PrintCallback</a> from fsl_debug_console.o(.text.DbgConsole_PrintCallback) referenced from fsl_debug_console.o(.text.DbgConsole_Printf)
 <LI><a href="#[7]">DebugMon_Handler</a> from common.o(.text.DebugMon_Handler) referenced from startup_mimxrt1064.o(RESET)
 <LI><a href="#[a8]">DefaultISR</a> from startup_mimxrt1064.o(.text) referenced from startup_mimxrt1064.o(.text)
 <LI><a href="#[a8]">DefaultISR</a> from startup_mimxrt1064.o(.text) referenced 81 times from startup_mimxrt1064.o(RESET)
 <LI><a href="#[8b]">ENC1_IRQHandler</a> from startup_mimxrt1064.o(.text) referenced from startup_mimxrt1064.o(RESET)
 <LI><a href="#[8c]">ENC2_IRQHandler</a> from startup_mimxrt1064.o(.text) referenced from startup_mimxrt1064.o(RESET)
 <LI><a href="#[8d]">ENC3_IRQHandler</a> from startup_mimxrt1064.o(.text) referenced from startup_mimxrt1064.o(RESET)
 <LI><a href="#[8e]">ENC4_IRQHandler</a> from startup_mimxrt1064.o(.text) referenced from startup_mimxrt1064.o(RESET)
 <LI><a href="#[dc]">ENET2_1588_Timer_DriverIRQHandler</a> from startup_mimxrt1064.o(.text) referenced from startup_mimxrt1064.o(.text)
 <LI><a href="#[a3]">ENET2_1588_Timer_IRQHandler</a> from startup_mimxrt1064.o(.text) referenced from startup_mimxrt1064.o(RESET)
 <LI><a href="#[db]">ENET2_DriverIRQHandler</a> from fsl_enet.o(.text.ENET2_DriverIRQHandler) referenced from startup_mimxrt1064.o(.text)
 <LI><a href="#[a2]">ENET2_IRQHandler</a> from startup_mimxrt1064.o(.text) referenced from startup_mimxrt1064.o(RESET)
 <LI><a href="#[da]">ENET_1588_Timer_DriverIRQHandler</a> from startup_mimxrt1064.o(.text) referenced from startup_mimxrt1064.o(.text)
 <LI><a href="#[7d]">ENET_1588_Timer_IRQHandler</a> from fsl_enet.o(.text.ENET_1588_Timer_IRQHandler) referenced from startup_mimxrt1064.o(RESET)
 <LI><a href="#[d9]">ENET_DriverIRQHandler</a> from fsl_enet.o(.text.ENET_DriverIRQHandler) referenced from startup_mimxrt1064.o(.text)
 <LI><a href="#[7c]">ENET_IRQHandler</a> from startup_mimxrt1064.o(.text) referenced from startup_mimxrt1064.o(RESET)
 <LI><a href="#[68]">EWM_IRQHandler</a> from startup_mimxrt1064.o(.text) referenced from startup_mimxrt1064.o(RESET)
 <LI><a href="#[d3]">FLEXIO1_DriverIRQHandler</a> from fsl_flexio.o(.text.FLEXIO1_DriverIRQHandler) referenced from startup_mimxrt1064.o(.text)
 <LI><a href="#[64]">FLEXIO1_IRQHandler</a> from startup_mimxrt1064.o(.text) referenced from startup_mimxrt1064.o(RESET)
 <LI><a href="#[d4]">FLEXIO2_DriverIRQHandler</a> from fsl_flexio.o(.text.FLEXIO2_DriverIRQHandler) referenced from startup_mimxrt1064.o(.text)
 <LI><a href="#[65]">FLEXIO2_IRQHandler</a> from startup_mimxrt1064.o(.text) referenced from startup_mimxrt1064.o(RESET)
 <LI><a href="#[de]">FLEXIO3_DriverIRQHandler</a> from fsl_flexio.o(.text.FLEXIO3_DriverIRQHandler) referenced from startup_mimxrt1064.o(.text)
 <LI><a href="#[a6]">FLEXIO3_IRQHandler</a> from startup_mimxrt1064.o(.text) referenced from startup_mimxrt1064.o(RESET)
 <LI><a href="#[30]">FLEXRAM_IRQHandler</a> from startup_mimxrt1064.o(.text) referenced from startup_mimxrt1064.o(RESET)
 <LI><a href="#[d5]">FLEXSPI2_DriverIRQHandler</a> from startup_mimxrt1064.o(.text) referenced from startup_mimxrt1064.o(.text)
 <LI><a href="#[75]">FLEXSPI2_IRQHandler</a> from startup_mimxrt1064.o(.text) referenced from startup_mimxrt1064.o(RESET)
 <LI><a href="#[d6]">FLEXSPI_DriverIRQHandler</a> from startup_mimxrt1064.o(.text) referenced from startup_mimxrt1064.o(.text)
 <LI><a href="#[76]">FLEXSPI_IRQHandler</a> from startup_mimxrt1064.o(.text) referenced from startup_mimxrt1064.o(RESET)
 <LI><a href="#[6b]">GPC_IRQHandler</a> from startup_mimxrt1064.o(.text) referenced from startup_mimxrt1064.o(RESET)
 <LI><a href="#[5a]">GPIO1_Combined_0_15_IRQHandler</a> from startup_mimxrt1064.o(.text) referenced from startup_mimxrt1064.o(RESET)
 <LI><a href="#[5b]">GPIO1_Combined_16_31_IRQHandler</a> from startup_mimxrt1064.o(.text) referenced from startup_mimxrt1064.o(RESET)
 <LI><a href="#[52]">GPIO1_INT0_IRQHandler</a> from startup_mimxrt1064.o(.text) referenced from startup_mimxrt1064.o(RESET)
 <LI><a href="#[53]">GPIO1_INT1_IRQHandler</a> from startup_mimxrt1064.o(.text) referenced from startup_mimxrt1064.o(RESET)
 <LI><a href="#[54]">GPIO1_INT2_IRQHandler</a> from startup_mimxrt1064.o(.text) referenced from startup_mimxrt1064.o(RESET)
 <LI><a href="#[55]">GPIO1_INT3_IRQHandler</a> from startup_mimxrt1064.o(.text) referenced from startup_mimxrt1064.o(RESET)
 <LI><a href="#[56]">GPIO1_INT4_IRQHandler</a> from startup_mimxrt1064.o(.text) referenced from startup_mimxrt1064.o(RESET)
 <LI><a href="#[57]">GPIO1_INT5_IRQHandler</a> from startup_mimxrt1064.o(.text) referenced from startup_mimxrt1064.o(RESET)
 <LI><a href="#[58]">GPIO1_INT6_IRQHandler</a> from startup_mimxrt1064.o(.text) referenced from startup_mimxrt1064.o(RESET)
 <LI><a href="#[59]">GPIO1_INT7_IRQHandler</a> from startup_mimxrt1064.o(.text) referenced from startup_mimxrt1064.o(RESET)
 <LI><a href="#[5c]">GPIO2_Combined_0_15_IRQHandler</a> from isr.o(.text.GPIO2_Combined_0_15_IRQHandler) referenced from startup_mimxrt1064.o(RESET)
 <LI><a href="#[5d]">GPIO2_Combined_16_31_IRQHandler</a> from isr.o(.text.GPIO2_Combined_16_31_IRQHandler) referenced from startup_mimxrt1064.o(RESET)
 <LI><a href="#[5e]">GPIO3_Combined_0_15_IRQHandler</a> from fsl_sdmmc_host.o(.text.GPIO3_Combined_0_15_IRQHandler) referenced from startup_mimxrt1064.o(RESET)
 <LI><a href="#[5f]">GPIO3_Combined_16_31_IRQHandler</a> from startup_mimxrt1064.o(.text) referenced from startup_mimxrt1064.o(RESET)
 <LI><a href="#[60]">GPIO4_Combined_0_15_IRQHandler</a> from startup_mimxrt1064.o(.text) referenced from startup_mimxrt1064.o(RESET)
 <LI><a href="#[61]">GPIO4_Combined_16_31_IRQHandler</a> from startup_mimxrt1064.o(.text) referenced from startup_mimxrt1064.o(RESET)
 <LI><a href="#[62]">GPIO5_Combined_0_15_IRQHandler</a> from startup_mimxrt1064.o(.text) referenced from startup_mimxrt1064.o(RESET)
 <LI><a href="#[63]">GPIO5_Combined_16_31_IRQHandler</a> from startup_mimxrt1064.o(.text) referenced from startup_mimxrt1064.o(RESET)
 <LI><a href="#[a7]">GPIO6_7_8_9_IRQHandler</a> from startup_mimxrt1064.o(.text) referenced from startup_mimxrt1064.o(RESET)
 <LI><a href="#[33]">GPR_IRQ_IRQHandler</a> from startup_mimxrt1064.o(.text) referenced from startup_mimxrt1064.o(RESET)
 <LI><a href="#[6e]">GPT1_IRQHandler</a> from startup_mimxrt1064.o(.text) referenced from startup_mimxrt1064.o(RESET)
 <LI><a href="#[6f]">GPT2_IRQHandler</a> from startup_mimxrt1064.o(.text) referenced from startup_mimxrt1064.o(RESET)
 <LI><a href="#[2]">HardFault_Handler</a> from common.o(.text.HardFault_Handler) referenced from startup_mimxrt1064.o(RESET)
 <LI><a href="#[31]">KPP_IRQHandler</a> from startup_mimxrt1064.o(.text) referenced from startup_mimxrt1064.o(RESET)
 <LI><a href="#[34]">LCDIF_IRQHandler</a> from startup_mimxrt1064.o(.text) referenced from startup_mimxrt1064.o(RESET)
 <LI><a href="#[c4]">LPI2C1_DriverIRQHandler</a> from fsl_lpi2c.o(.text.LPI2C1_DriverIRQHandler) referenced from startup_mimxrt1064.o(.text)
 <LI><a href="#[26]">LPI2C1_IRQHandler</a> from startup_mimxrt1064.o(.text) referenced from startup_mimxrt1064.o(RESET)
 <LI><a href="#[c5]">LPI2C2_DriverIRQHandler</a> from fsl_lpi2c.o(.text.LPI2C2_DriverIRQHandler) referenced from startup_mimxrt1064.o(.text)
 <LI><a href="#[27]">LPI2C2_IRQHandler</a> from startup_mimxrt1064.o(.text) referenced from startup_mimxrt1064.o(RESET)
 <LI><a href="#[c6]">LPI2C3_DriverIRQHandler</a> from fsl_lpi2c.o(.text.LPI2C3_DriverIRQHandler) referenced from startup_mimxrt1064.o(.text)
 <LI><a href="#[28]">LPI2C3_IRQHandler</a> from startup_mimxrt1064.o(.text) referenced from startup_mimxrt1064.o(RESET)
 <LI><a href="#[c7]">LPI2C4_DriverIRQHandler</a> from fsl_lpi2c.o(.text.LPI2C4_DriverIRQHandler) referenced from startup_mimxrt1064.o(.text)
 <LI><a href="#[29]">LPI2C4_IRQHandler</a> from startup_mimxrt1064.o(.text) referenced from startup_mimxrt1064.o(RESET)
 <LI><a href="#[c8]">LPSPI1_DriverIRQHandler</a> from fsl_lpspi.o(.text.LPSPI1_DriverIRQHandler) referenced from startup_mimxrt1064.o(.text)
 <LI><a href="#[2a]">LPSPI1_IRQHandler</a> from startup_mimxrt1064.o(.text) referenced from startup_mimxrt1064.o(RESET)
 <LI><a href="#[c9]">LPSPI2_DriverIRQHandler</a> from fsl_lpspi.o(.text.LPSPI2_DriverIRQHandler) referenced from startup_mimxrt1064.o(.text)
 <LI><a href="#[2b]">LPSPI2_IRQHandler</a> from startup_mimxrt1064.o(.text) referenced from startup_mimxrt1064.o(RESET)
 <LI><a href="#[ca]">LPSPI3_DriverIRQHandler</a> from fsl_lpspi.o(.text.LPSPI3_DriverIRQHandler) referenced from startup_mimxrt1064.o(.text)
 <LI><a href="#[2c]">LPSPI3_IRQHandler</a> from startup_mimxrt1064.o(.text) referenced from startup_mimxrt1064.o(RESET)
 <LI><a href="#[cb]">LPSPI4_DriverIRQHandler</a> from fsl_lpspi.o(.text.LPSPI4_DriverIRQHandler) referenced from startup_mimxrt1064.o(.text)
 <LI><a href="#[2d]">LPSPI4_IRQHandler</a> from startup_mimxrt1064.o(.text) referenced from startup_mimxrt1064.o(RESET)
 <LI><a href="#[bc]">LPUART1_DriverIRQHandler</a> from fsl_lpuart.o(.text.LPUART1_DriverIRQHandler) referenced from startup_mimxrt1064.o(.text)
 <LI><a href="#[1e]">LPUART1_IRQHandler</a> from startup_mimxrt1064.o(.text) referenced from startup_mimxrt1064.o(RESET)
 <LI><a href="#[bd]">LPUART2_DriverIRQHandler</a> from fsl_lpuart.o(.text.LPUART2_DriverIRQHandler) referenced from startup_mimxrt1064.o(.text)
 <LI><a href="#[1f]">LPUART2_IRQHandler</a> from startup_mimxrt1064.o(.text) referenced from startup_mimxrt1064.o(RESET)
 <LI><a href="#[be]">LPUART3_DriverIRQHandler</a> from fsl_lpuart.o(.text.LPUART3_DriverIRQHandler) referenced from startup_mimxrt1064.o(.text)
 <LI><a href="#[20]">LPUART3_IRQHandler</a> from startup_mimxrt1064.o(.text) referenced from startup_mimxrt1064.o(RESET)
 <LI><a href="#[bf]">LPUART4_DriverIRQHandler</a> from fsl_lpuart.o(.text.LPUART4_DriverIRQHandler) referenced from startup_mimxrt1064.o(.text)
 <LI><a href="#[21]">LPUART4_IRQHandler</a> from startup_mimxrt1064.o(.text) referenced from startup_mimxrt1064.o(RESET)
 <LI><a href="#[c0]">LPUART5_DriverIRQHandler</a> from fsl_lpuart.o(.text.LPUART5_DriverIRQHandler) referenced from startup_mimxrt1064.o(.text)
 <LI><a href="#[22]">LPUART5_IRQHandler</a> from startup_mimxrt1064.o(.text) referenced from startup_mimxrt1064.o(RESET)
 <LI><a href="#[c1]">LPUART6_DriverIRQHandler</a> from fsl_lpuart.o(.text.LPUART6_DriverIRQHandler) referenced from startup_mimxrt1064.o(.text)
 <LI><a href="#[23]">LPUART6_IRQHandler</a> from startup_mimxrt1064.o(.text) referenced from startup_mimxrt1064.o(RESET)
 <LI><a href="#[c2]">LPUART7_DriverIRQHandler</a> from fsl_lpuart.o(.text.LPUART7_DriverIRQHandler) referenced from startup_mimxrt1064.o(.text)
 <LI><a href="#[24]">LPUART7_IRQHandler</a> from startup_mimxrt1064.o(.text) referenced from startup_mimxrt1064.o(RESET)
 <LI><a href="#[c3]">LPUART8_DriverIRQHandler</a> from fsl_lpuart.o(.text.LPUART8_DriverIRQHandler) referenced from startup_mimxrt1064.o(.text)
 <LI><a href="#[25]">LPUART8_IRQHandler</a> from startup_mimxrt1064.o(.text) referenced from startup_mimxrt1064.o(RESET)
 <LI><a href="#[3]">MemManage_Handler</a> from common.o(.text.MemManage_Handler) referenced from startup_mimxrt1064.o(RESET)
 <LI><a href="#[1]">NMI_Handler</a> from common.o(.text.NMI_Handler) referenced from startup_mimxrt1064.o(RESET)
 <LI><a href="#[84]">PIT_IRQHandler</a> from isr.o(.text.PIT_IRQHandler) referenced from startup_mimxrt1064.o(RESET)
 <LI><a href="#[47]">PMU_EVENT_IRQHandler</a> from startup_mimxrt1064.o(.text) referenced from startup_mimxrt1064.o(RESET)
 <LI><a href="#[70]">PWM1_0_IRQHandler</a> from startup_mimxrt1064.o(.text) referenced from startup_mimxrt1064.o(RESET)
 <LI><a href="#[71]">PWM1_1_IRQHandler</a> from startup_mimxrt1064.o(.text) referenced from startup_mimxrt1064.o(RESET)
 <LI><a href="#[72]">PWM1_2_IRQHandler</a> from startup_mimxrt1064.o(.text) referenced from startup_mimxrt1064.o(RESET)
 <LI><a href="#[73]">PWM1_3_IRQHandler</a> from startup_mimxrt1064.o(.text) referenced from startup_mimxrt1064.o(RESET)
 <LI><a href="#[74]">PWM1_FAULT_IRQHandler</a> from startup_mimxrt1064.o(.text) referenced from startup_mimxrt1064.o(RESET)
 <LI><a href="#[93]">PWM2_0_IRQHandler</a> from startup_mimxrt1064.o(.text) referenced from startup_mimxrt1064.o(RESET)
 <LI><a href="#[94]">PWM2_1_IRQHandler</a> from startup_mimxrt1064.o(.text) referenced from startup_mimxrt1064.o(RESET)
 <LI><a href="#[95]">PWM2_2_IRQHandler</a> from startup_mimxrt1064.o(.text) referenced from startup_mimxrt1064.o(RESET)
 <LI><a href="#[96]">PWM2_3_IRQHandler</a> from startup_mimxrt1064.o(.text) referenced from startup_mimxrt1064.o(RESET)
 <LI><a href="#[97]">PWM2_FAULT_IRQHandler</a> from startup_mimxrt1064.o(.text) referenced from startup_mimxrt1064.o(RESET)
 <LI><a href="#[98]">PWM3_0_IRQHandler</a> from startup_mimxrt1064.o(.text) referenced from startup_mimxrt1064.o(RESET)
 <LI><a href="#[99]">PWM3_1_IRQHandler</a> from startup_mimxrt1064.o(.text) referenced from startup_mimxrt1064.o(RESET)
 <LI><a href="#[9a]">PWM3_2_IRQHandler</a> from startup_mimxrt1064.o(.text) referenced from startup_mimxrt1064.o(RESET)
 <LI><a href="#[9b]">PWM3_3_IRQHandler</a> from startup_mimxrt1064.o(.text) referenced from startup_mimxrt1064.o(RESET)
 <LI><a href="#[9c]">PWM3_FAULT_IRQHandler</a> from startup_mimxrt1064.o(.text) referenced from startup_mimxrt1064.o(RESET)
 <LI><a href="#[9d]">PWM4_0_IRQHandler</a> from startup_mimxrt1064.o(.text) referenced from startup_mimxrt1064.o(RESET)
 <LI><a href="#[9e]">PWM4_1_IRQHandler</a> from startup_mimxrt1064.o(.text) referenced from startup_mimxrt1064.o(RESET)
 <LI><a href="#[9f]">PWM4_2_IRQHandler</a> from startup_mimxrt1064.o(.text) referenced from startup_mimxrt1064.o(RESET)
 <LI><a href="#[a0]">PWM4_3_IRQHandler</a> from startup_mimxrt1064.o(.text) referenced from startup_mimxrt1064.o(RESET)
 <LI><a href="#[a1]">PWM4_FAULT_IRQHandler</a> from startup_mimxrt1064.o(.text) referenced from startup_mimxrt1064.o(RESET)
 <LI><a href="#[36]">PXP_IRQHandler</a> from startup_mimxrt1064.o(.text) referenced from startup_mimxrt1064.o(RESET)
 <LI><a href="#[8]">PendSV_Handler</a> from common.o(.text.PendSV_Handler) referenced from startup_mimxrt1064.o(RESET)
 <LI><a href="#[67]">RTWDOG_IRQHandler</a> from startup_mimxrt1064.o(.text) referenced from startup_mimxrt1064.o(RESET)
 <LI><a href="#[6d]">Reserved115_IRQHandler</a> from startup_mimxrt1064.o(.text) referenced from startup_mimxrt1064.o(RESET)
 <LI><a href="#[89]">Reserved143_IRQHandler</a> from startup_mimxrt1064.o(.text) referenced from startup_mimxrt1064.o(RESET)
 <LI><a href="#[8a]">Reserved144_IRQHandler</a> from startup_mimxrt1064.o(.text) referenced from startup_mimxrt1064.o(RESET)
 <LI><a href="#[a5]">Reserved171_IRQHandler</a> from startup_mimxrt1064.o(.text) referenced from startup_mimxrt1064.o(RESET)
 <LI><a href="#[3e]">Reserved68_IRQHandler</a> from startup_mimxrt1064.o(.text) referenced from startup_mimxrt1064.o(RESET)
 <LI><a href="#[48]">Reserved78_IRQHandler</a> from startup_mimxrt1064.o(.text) referenced from startup_mimxrt1064.o(RESET)
 <LI><a href="#[50]">Reserved86_IRQHandler</a> from startup_mimxrt1064.o(.text) referenced from startup_mimxrt1064.o(RESET)
 <LI><a href="#[51]">Reserved87_IRQHandler</a> from startup_mimxrt1064.o(.text) referenced from startup_mimxrt1064.o(RESET)
 <LI><a href="#[0]">Reset_Handler</a> from startup_mimxrt1064.o(.text) referenced from startup_mimxrt1064.o(RESET)
 <LI><a href="#[ce]">SAI1_DriverIRQHandler</a> from fsl_sai.o(.text.SAI1_DriverIRQHandler) referenced from startup_mimxrt1064.o(.text)
 <LI><a href="#[42]">SAI1_IRQHandler</a> from startup_mimxrt1064.o(.text) referenced from startup_mimxrt1064.o(RESET)
 <LI><a href="#[cf]">SAI2_DriverIRQHandler</a> from fsl_sai.o(.text.SAI2_DriverIRQHandler) referenced from startup_mimxrt1064.o(.text)
 <LI><a href="#[43]">SAI2_IRQHandler</a> from startup_mimxrt1064.o(.text) referenced from startup_mimxrt1064.o(RESET)
 <LI><a href="#[d0]">SAI3_RX_DriverIRQHandler</a> from fsl_sai.o(.text.SAI3_RX_DriverIRQHandler) referenced from startup_mimxrt1064.o(.text)
 <LI><a href="#[44]">SAI3_RX_IRQHandler</a> from startup_mimxrt1064.o(.text) referenced from startup_mimxrt1064.o(RESET)
 <LI><a href="#[d1]">SAI3_TX_DriverIRQHandler</a> from fsl_sai.o(.text.SAI3_TX_DriverIRQHandler) referenced from startup_mimxrt1064.o(.text)
 <LI><a href="#[45]">SAI3_TX_IRQHandler</a> from startup_mimxrt1064.o(.text) referenced from startup_mimxrt1064.o(RESET)
 <LI><a href="#[77]">SEMC_IRQHandler</a> from startup_mimxrt1064.o(.text) referenced from startup_mimxrt1064.o(RESET)
 <LI><a href="#[40]">SJC_IRQHandler</a> from startup_mimxrt1064.o(.text) referenced from startup_mimxrt1064.o(RESET)
 <LI><a href="#[38]">SNVS_HP_WRAPPER_IRQHandler</a> from startup_mimxrt1064.o(.text) referenced from startup_mimxrt1064.o(RESET)
 <LI><a href="#[39]">SNVS_HP_WRAPPER_TZ_IRQHandler</a> from startup_mimxrt1064.o(.text) referenced from startup_mimxrt1064.o(RESET)
 <LI><a href="#[3a]">SNVS_LP_WRAPPER_IRQHandler</a> from startup_mimxrt1064.o(.text) referenced from startup_mimxrt1064.o(RESET)
 <LI><a href="#[d2]">SPDIF_DriverIRQHandler</a> from fsl_spdif.o(.text.SPDIF_DriverIRQHandler) referenced from startup_mimxrt1064.o(.text)
 <LI><a href="#[46]">SPDIF_IRQHandler</a> from startup_mimxrt1064.o(.text) referenced from startup_mimxrt1064.o(RESET)
 <LI><a href="#[6c]">SRC_IRQHandler</a> from startup_mimxrt1064.o(.text) referenced from startup_mimxrt1064.o(RESET)
 <LI><a href="#[6]">SVC_Handler</a> from common.o(.text.SVC_Handler) referenced from startup_mimxrt1064.o(RESET)
 <LI><a href="#[9]">SysTick_Handler</a> from fsl_sdmmc_event.o(.text.SysTick_Handler) referenced from startup_mimxrt1064.o(RESET)
 <LI><a href="#[a9]">SystemInit</a> from system_mimxrt1064.o(.text.SystemInit) referenced from startup_mimxrt1064.o(.text)
 <LI><a href="#[49]">TEMP_LOW_HIGH_IRQHandler</a> from startup_mimxrt1064.o(.text) referenced from startup_mimxrt1064.o(RESET)
 <LI><a href="#[4a]">TEMP_PANIC_IRQHandler</a> from startup_mimxrt1064.o(.text) referenced from startup_mimxrt1064.o(RESET)
 <LI><a href="#[8f]">TMR1_IRQHandler</a> from startup_mimxrt1064.o(.text) referenced from startup_mimxrt1064.o(RESET)
 <LI><a href="#[90]">TMR2_IRQHandler</a> from startup_mimxrt1064.o(.text) referenced from startup_mimxrt1064.o(RESET)
 <LI><a href="#[91]">TMR3_IRQHandler</a> from startup_mimxrt1064.o(.text) referenced from startup_mimxrt1064.o(RESET)
 <LI><a href="#[92]">TMR4_IRQHandler</a> from startup_mimxrt1064.o(.text) referenced from startup_mimxrt1064.o(RESET)
 <LI><a href="#[3f]">TRNG_IRQHandler</a> from startup_mimxrt1064.o(.text) referenced from startup_mimxrt1064.o(RESET)
 <LI><a href="#[32]">TSC_DIG_IRQHandler</a> from startup_mimxrt1064.o(.text) referenced from startup_mimxrt1064.o(RESET)
 <LI><a href="#[7b]">USB_OTG1_IRQHandler</a> from zf_usb_cdc.o(.text.USB_OTG1_IRQHandler) referenced from startup_mimxrt1064.o(RESET)
 <LI><a href="#[7a]">USB_OTG2_IRQHandler</a> from zf_usb_cdc.o(.text.USB_OTG2_IRQHandler) referenced from startup_mimxrt1064.o(RESET)
 <LI><a href="#[4b]">USB_PHY1_IRQHandler</a> from startup_mimxrt1064.o(.text) referenced from startup_mimxrt1064.o(RESET)
 <LI><a href="#[4c]">USB_PHY2_IRQHandler</a> from startup_mimxrt1064.o(.text) referenced from startup_mimxrt1064.o(RESET)
 <LI><a href="#[d7]">USDHC1_DriverIRQHandler</a> from fsl_usdhc.o(.text.USDHC1_DriverIRQHandler) referenced from startup_mimxrt1064.o(.text)
 <LI><a href="#[78]">USDHC1_IRQHandler</a> from startup_mimxrt1064.o(.text) referenced from startup_mimxrt1064.o(RESET)
 <LI><a href="#[d8]">USDHC2_DriverIRQHandler</a> from fsl_usdhc.o(.text.USDHC2_DriverIRQHandler) referenced from startup_mimxrt1064.o(.text)
 <LI><a href="#[79]">USDHC2_IRQHandler</a> from startup_mimxrt1064.o(.text) referenced from startup_mimxrt1064.o(RESET)
 <LI><a href="#[5]">UsageFault_Handler</a> from common.o(.text.UsageFault_Handler) referenced from startup_mimxrt1064.o(RESET)
 <LI><a href="#[66]">WDOG1_IRQHandler</a> from startup_mimxrt1064.o(.text) referenced from startup_mimxrt1064.o(RESET)
 <LI><a href="#[37]">WDOG2_IRQHandler</a> from startup_mimxrt1064.o(.text) referenced from startup_mimxrt1064.o(RESET)
 <LI><a href="#[7e]">XBAR1_IRQ_0_1_IRQHandler</a> from startup_mimxrt1064.o(.text) referenced from startup_mimxrt1064.o(RESET)
 <LI><a href="#[7f]">XBAR1_IRQ_2_3_IRQHandler</a> from startup_mimxrt1064.o(.text) referenced from startup_mimxrt1064.o(RESET)
 <LI><a href="#[aa]">__main</a> from __main.o(!!!main) referenced from startup_mimxrt1064.o(.text)
</UL>
<P>
<H3>
Global Symbols
</H3>
<P><STRONG><a name="[aa]"></a>__main</STRONG> (Thumb, 8 bytes, Stack size 0 bytes, __main.o(!!!main))
<BR><BR>[Calls]<UL><LI><a href="#[178]">&gt;&gt;</a>&nbsp;&nbsp;&nbsp;__rt_entry (via Veneer)
<LI><a href="#[177]">&gt;&gt;</a>&nbsp;&nbsp;&nbsp;__scatterload
</UL>
<BR>[Address Reference Count : 1]<UL><LI> startup_mimxrt1064.o(.text)
</UL>
<P><STRONG><a name="[177]"></a>__scatterload</STRONG> (Thumb, 0 bytes, Stack size unknown bytes, __scatter.o(!!!scatter))
<BR><BR>[Called By]<UL><LI><a href="#[aa]">&gt;&gt;</a>&nbsp;&nbsp;&nbsp;__main
</UL>

<P><STRONG><a name="[179]"></a>__scatterload_rt2</STRONG> (Thumb, 44 bytes, Stack size unknown bytes, __scatter.o(!!!scatter), UNUSED)
<BR><BR>[Calls]<UL><LI><a href="#[178]">&gt;&gt;</a>&nbsp;&nbsp;&nbsp;__rt_entry (via Veneer)
</UL>

<P><STRONG><a name="[17c]"></a>__scatterload_rt2_thumb_only</STRONG> (Thumb, 0 bytes, Stack size unknown bytes, __scatter.o(!!!scatter), UNUSED)

<P><STRONG><a name="[17d]"></a>__scatterload_null</STRONG> (Thumb, 0 bytes, Stack size unknown bytes, __scatter.o(!!!scatter), UNUSED)

<P><STRONG><a name="[17e]"></a>__decompress</STRONG> (Thumb, 58 bytes, Stack size unknown bytes, __dczerorl.o(!!dczerorl), UNUSED)

<P><STRONG><a name="[17f]"></a>__decompress0</STRONG> (Thumb, 0 bytes, Stack size unknown bytes, __dczerorl.o(!!dczerorl), UNUSED)

<P><STRONG><a name="[17a]"></a>__scatterload_copy</STRONG> (Thumb, 26 bytes, Stack size unknown bytes, __scatter_copy.o(!!handler_copy), UNUSED)
<BR><BR>[Calls]<UL><LI><a href="#[17a]">&gt;&gt;</a>&nbsp;&nbsp;&nbsp;__scatterload_copy
</UL>
<BR>[Called By]<UL><LI><a href="#[17a]">&gt;&gt;</a>&nbsp;&nbsp;&nbsp;__scatterload_copy
</UL>

<P><STRONG><a name="[180]"></a>__scatterload_zeroinit</STRONG> (Thumb, 28 bytes, Stack size unknown bytes, __scatter_zi.o(!!handler_zi), UNUSED)

<P><STRONG><a name="[0]"></a>Reset_Handler</STRONG> (Thumb, 76 bytes, Stack size 0 bytes, startup_mimxrt1064.o(.text))
<BR>[Address Reference Count : 1]<UL><LI> startup_mimxrt1064.o(RESET)
</UL>
<P><STRONG><a name="[a]"></a>DMA0_DMA16_IRQHandler</STRONG> (Thumb, 4 bytes, Stack size 0 bytes, startup_mimxrt1064.o(.text))
<BR>[Address Reference Count : 1]<UL><LI> startup_mimxrt1064.o(RESET)
</UL>
<P><STRONG><a name="[b]"></a>DMA1_DMA17_IRQHandler</STRONG> (Thumb, 4 bytes, Stack size 0 bytes, startup_mimxrt1064.o(.text))
<BR>[Address Reference Count : 1]<UL><LI> startup_mimxrt1064.o(RESET)
</UL>
<P><STRONG><a name="[c]"></a>DMA2_DMA18_IRQHandler</STRONG> (Thumb, 4 bytes, Stack size 0 bytes, startup_mimxrt1064.o(.text))
<BR>[Address Reference Count : 1]<UL><LI> startup_mimxrt1064.o(RESET)
</UL>
<P><STRONG><a name="[d]"></a>DMA3_DMA19_IRQHandler</STRONG> (Thumb, 4 bytes, Stack size 0 bytes, startup_mimxrt1064.o(.text))
<BR>[Address Reference Count : 1]<UL><LI> startup_mimxrt1064.o(RESET)
</UL>
<P><STRONG><a name="[e]"></a>DMA4_DMA20_IRQHandler</STRONG> (Thumb, 4 bytes, Stack size 0 bytes, startup_mimxrt1064.o(.text))
<BR>[Address Reference Count : 1]<UL><LI> startup_mimxrt1064.o(RESET)
</UL>
<P><STRONG><a name="[f]"></a>DMA5_DMA21_IRQHandler</STRONG> (Thumb, 4 bytes, Stack size 0 bytes, startup_mimxrt1064.o(.text))
<BR>[Address Reference Count : 1]<UL><LI> startup_mimxrt1064.o(RESET)
</UL>
<P><STRONG><a name="[10]"></a>DMA6_DMA22_IRQHandler</STRONG> (Thumb, 4 bytes, Stack size 0 bytes, startup_mimxrt1064.o(.text))
<BR>[Address Reference Count : 1]<UL><LI> startup_mimxrt1064.o(RESET)
</UL>
<P><STRONG><a name="[11]"></a>DMA7_DMA23_IRQHandler</STRONG> (Thumb, 4 bytes, Stack size 0 bytes, startup_mimxrt1064.o(.text))
<BR>[Address Reference Count : 1]<UL><LI> startup_mimxrt1064.o(RESET)
</UL>
<P><STRONG><a name="[12]"></a>DMA8_DMA24_IRQHandler</STRONG> (Thumb, 4 bytes, Stack size 0 bytes, startup_mimxrt1064.o(.text))
<BR>[Address Reference Count : 1]<UL><LI> startup_mimxrt1064.o(RESET)
</UL>
<P><STRONG><a name="[13]"></a>DMA9_DMA25_IRQHandler</STRONG> (Thumb, 4 bytes, Stack size 0 bytes, startup_mimxrt1064.o(.text))
<BR>[Address Reference Count : 1]<UL><LI> startup_mimxrt1064.o(RESET)
</UL>
<P><STRONG><a name="[14]"></a>DMA10_DMA26_IRQHandler</STRONG> (Thumb, 4 bytes, Stack size 0 bytes, startup_mimxrt1064.o(.text))
<BR>[Address Reference Count : 1]<UL><LI> startup_mimxrt1064.o(RESET)
</UL>
<P><STRONG><a name="[15]"></a>DMA11_DMA27_IRQHandler</STRONG> (Thumb, 4 bytes, Stack size 0 bytes, startup_mimxrt1064.o(.text))
<BR>[Address Reference Count : 1]<UL><LI> startup_mimxrt1064.o(RESET)
</UL>
<P><STRONG><a name="[16]"></a>DMA12_DMA28_IRQHandler</STRONG> (Thumb, 4 bytes, Stack size 0 bytes, startup_mimxrt1064.o(.text))
<BR>[Address Reference Count : 1]<UL><LI> startup_mimxrt1064.o(RESET)
</UL>
<P><STRONG><a name="[17]"></a>DMA13_DMA29_IRQHandler</STRONG> (Thumb, 4 bytes, Stack size 0 bytes, startup_mimxrt1064.o(.text))
<BR>[Address Reference Count : 1]<UL><LI> startup_mimxrt1064.o(RESET)
</UL>
<P><STRONG><a name="[18]"></a>DMA14_DMA30_IRQHandler</STRONG> (Thumb, 4 bytes, Stack size 0 bytes, startup_mimxrt1064.o(.text))
<BR>[Address Reference Count : 1]<UL><LI> startup_mimxrt1064.o(RESET)
</UL>
<P><STRONG><a name="[19]"></a>DMA15_DMA31_IRQHandler</STRONG> (Thumb, 4 bytes, Stack size 0 bytes, startup_mimxrt1064.o(.text))
<BR>[Address Reference Count : 1]<UL><LI> startup_mimxrt1064.o(RESET)
</UL>
<P><STRONG><a name="[1a]"></a>DMA_ERROR_IRQHandler</STRONG> (Thumb, 4 bytes, Stack size 0 bytes, startup_mimxrt1064.o(.text))
<BR>[Address Reference Count : 1]<UL><LI> startup_mimxrt1064.o(RESET)
</UL>
<P><STRONG><a name="[1e]"></a>LPUART1_IRQHandler</STRONG> (Thumb, 4 bytes, Stack size 0 bytes, startup_mimxrt1064.o(.text))
<BR>[Address Reference Count : 1]<UL><LI> startup_mimxrt1064.o(RESET)
</UL>
<P><STRONG><a name="[1f]"></a>LPUART2_IRQHandler</STRONG> (Thumb, 4 bytes, Stack size 0 bytes, startup_mimxrt1064.o(.text))
<BR>[Address Reference Count : 1]<UL><LI> startup_mimxrt1064.o(RESET)
</UL>
<P><STRONG><a name="[20]"></a>LPUART3_IRQHandler</STRONG> (Thumb, 4 bytes, Stack size 0 bytes, startup_mimxrt1064.o(.text))
<BR>[Address Reference Count : 1]<UL><LI> startup_mimxrt1064.o(RESET)
</UL>
<P><STRONG><a name="[21]"></a>LPUART4_IRQHandler</STRONG> (Thumb, 4 bytes, Stack size 0 bytes, startup_mimxrt1064.o(.text))
<BR>[Address Reference Count : 1]<UL><LI> startup_mimxrt1064.o(RESET)
</UL>
<P><STRONG><a name="[22]"></a>LPUART5_IRQHandler</STRONG> (Thumb, 4 bytes, Stack size 0 bytes, startup_mimxrt1064.o(.text))
<BR>[Address Reference Count : 1]<UL><LI> startup_mimxrt1064.o(RESET)
</UL>
<P><STRONG><a name="[23]"></a>LPUART6_IRQHandler</STRONG> (Thumb, 4 bytes, Stack size 0 bytes, startup_mimxrt1064.o(.text))
<BR>[Address Reference Count : 1]<UL><LI> startup_mimxrt1064.o(RESET)
</UL>
<P><STRONG><a name="[24]"></a>LPUART7_IRQHandler</STRONG> (Thumb, 4 bytes, Stack size 0 bytes, startup_mimxrt1064.o(.text))
<BR>[Address Reference Count : 1]<UL><LI> startup_mimxrt1064.o(RESET)
</UL>
<P><STRONG><a name="[25]"></a>LPUART8_IRQHandler</STRONG> (Thumb, 4 bytes, Stack size 0 bytes, startup_mimxrt1064.o(.text))
<BR>[Address Reference Count : 1]<UL><LI> startup_mimxrt1064.o(RESET)
</UL>
<P><STRONG><a name="[26]"></a>LPI2C1_IRQHandler</STRONG> (Thumb, 4 bytes, Stack size 0 bytes, startup_mimxrt1064.o(.text))
<BR>[Address Reference Count : 1]<UL><LI> startup_mimxrt1064.o(RESET)
</UL>
<P><STRONG><a name="[27]"></a>LPI2C2_IRQHandler</STRONG> (Thumb, 4 bytes, Stack size 0 bytes, startup_mimxrt1064.o(.text))
<BR>[Address Reference Count : 1]<UL><LI> startup_mimxrt1064.o(RESET)
</UL>
<P><STRONG><a name="[28]"></a>LPI2C3_IRQHandler</STRONG> (Thumb, 4 bytes, Stack size 0 bytes, startup_mimxrt1064.o(.text))
<BR>[Address Reference Count : 1]<UL><LI> startup_mimxrt1064.o(RESET)
</UL>
<P><STRONG><a name="[29]"></a>LPI2C4_IRQHandler</STRONG> (Thumb, 4 bytes, Stack size 0 bytes, startup_mimxrt1064.o(.text))
<BR>[Address Reference Count : 1]<UL><LI> startup_mimxrt1064.o(RESET)
</UL>
<P><STRONG><a name="[2a]"></a>LPSPI1_IRQHandler</STRONG> (Thumb, 4 bytes, Stack size 0 bytes, startup_mimxrt1064.o(.text))
<BR>[Address Reference Count : 1]<UL><LI> startup_mimxrt1064.o(RESET)
</UL>
<P><STRONG><a name="[2b]"></a>LPSPI2_IRQHandler</STRONG> (Thumb, 4 bytes, Stack size 0 bytes, startup_mimxrt1064.o(.text))
<BR>[Address Reference Count : 1]<UL><LI> startup_mimxrt1064.o(RESET)
</UL>
<P><STRONG><a name="[2c]"></a>LPSPI3_IRQHandler</STRONG> (Thumb, 4 bytes, Stack size 0 bytes, startup_mimxrt1064.o(.text))
<BR>[Address Reference Count : 1]<UL><LI> startup_mimxrt1064.o(RESET)
</UL>
<P><STRONG><a name="[2d]"></a>LPSPI4_IRQHandler</STRONG> (Thumb, 4 bytes, Stack size 0 bytes, startup_mimxrt1064.o(.text))
<BR>[Address Reference Count : 1]<UL><LI> startup_mimxrt1064.o(RESET)
</UL>
<P><STRONG><a name="[2e]"></a>CAN1_IRQHandler</STRONG> (Thumb, 4 bytes, Stack size 0 bytes, startup_mimxrt1064.o(.text))
<BR>[Address Reference Count : 1]<UL><LI> startup_mimxrt1064.o(RESET)
</UL>
<P><STRONG><a name="[2f]"></a>CAN2_IRQHandler</STRONG> (Thumb, 4 bytes, Stack size 0 bytes, startup_mimxrt1064.o(.text))
<BR>[Address Reference Count : 1]<UL><LI> startup_mimxrt1064.o(RESET)
</UL>
<P><STRONG><a name="[42]"></a>SAI1_IRQHandler</STRONG> (Thumb, 4 bytes, Stack size 0 bytes, startup_mimxrt1064.o(.text))
<BR>[Address Reference Count : 1]<UL><LI> startup_mimxrt1064.o(RESET)
</UL>
<P><STRONG><a name="[43]"></a>SAI2_IRQHandler</STRONG> (Thumb, 4 bytes, Stack size 0 bytes, startup_mimxrt1064.o(.text))
<BR>[Address Reference Count : 1]<UL><LI> startup_mimxrt1064.o(RESET)
</UL>
<P><STRONG><a name="[44]"></a>SAI3_RX_IRQHandler</STRONG> (Thumb, 4 bytes, Stack size 0 bytes, startup_mimxrt1064.o(.text))
<BR>[Address Reference Count : 1]<UL><LI> startup_mimxrt1064.o(RESET)
</UL>
<P><STRONG><a name="[45]"></a>SAI3_TX_IRQHandler</STRONG> (Thumb, 4 bytes, Stack size 0 bytes, startup_mimxrt1064.o(.text))
<BR>[Address Reference Count : 1]<UL><LI> startup_mimxrt1064.o(RESET)
</UL>
<P><STRONG><a name="[46]"></a>SPDIF_IRQHandler</STRONG> (Thumb, 4 bytes, Stack size 0 bytes, startup_mimxrt1064.o(.text))
<BR>[Address Reference Count : 1]<UL><LI> startup_mimxrt1064.o(RESET)
</UL>
<P><STRONG><a name="[64]"></a>FLEXIO1_IRQHandler</STRONG> (Thumb, 4 bytes, Stack size 0 bytes, startup_mimxrt1064.o(.text))
<BR>[Address Reference Count : 1]<UL><LI> startup_mimxrt1064.o(RESET)
</UL>
<P><STRONG><a name="[65]"></a>FLEXIO2_IRQHandler</STRONG> (Thumb, 4 bytes, Stack size 0 bytes, startup_mimxrt1064.o(.text))
<BR>[Address Reference Count : 1]<UL><LI> startup_mimxrt1064.o(RESET)
</UL>
<P><STRONG><a name="[75]"></a>FLEXSPI2_IRQHandler</STRONG> (Thumb, 4 bytes, Stack size 0 bytes, startup_mimxrt1064.o(.text))
<BR>[Address Reference Count : 1]<UL><LI> startup_mimxrt1064.o(RESET)
</UL>
<P><STRONG><a name="[76]"></a>FLEXSPI_IRQHandler</STRONG> (Thumb, 4 bytes, Stack size 0 bytes, startup_mimxrt1064.o(.text))
<BR>[Address Reference Count : 1]<UL><LI> startup_mimxrt1064.o(RESET)
</UL>
<P><STRONG><a name="[78]"></a>USDHC1_IRQHandler</STRONG> (Thumb, 4 bytes, Stack size 0 bytes, startup_mimxrt1064.o(.text))
<BR>[Address Reference Count : 1]<UL><LI> startup_mimxrt1064.o(RESET)
</UL>
<P><STRONG><a name="[79]"></a>USDHC2_IRQHandler</STRONG> (Thumb, 4 bytes, Stack size 0 bytes, startup_mimxrt1064.o(.text))
<BR>[Address Reference Count : 1]<UL><LI> startup_mimxrt1064.o(RESET)
</UL>
<P><STRONG><a name="[7c]"></a>ENET_IRQHandler</STRONG> (Thumb, 4 bytes, Stack size 0 bytes, startup_mimxrt1064.o(.text))
<BR>[Address Reference Count : 1]<UL><LI> startup_mimxrt1064.o(RESET)
</UL>
<P><STRONG><a name="[a2]"></a>ENET2_IRQHandler</STRONG> (Thumb, 4 bytes, Stack size 0 bytes, startup_mimxrt1064.o(.text))
<BR>[Address Reference Count : 1]<UL><LI> startup_mimxrt1064.o(RESET)
</UL>
<P><STRONG><a name="[a3]"></a>ENET2_1588_Timer_IRQHandler</STRONG> (Thumb, 4 bytes, Stack size 0 bytes, startup_mimxrt1064.o(.text))
<BR>[Address Reference Count : 1]<UL><LI> startup_mimxrt1064.o(RESET)
</UL>
<P><STRONG><a name="[a4]"></a>CAN3_IRQHandler</STRONG> (Thumb, 4 bytes, Stack size 0 bytes, startup_mimxrt1064.o(.text))
<BR>[Address Reference Count : 1]<UL><LI> startup_mimxrt1064.o(RESET)
</UL>
<P><STRONG><a name="[a6]"></a>FLEXIO3_IRQHandler</STRONG> (Thumb, 4 bytes, Stack size 0 bytes, startup_mimxrt1064.o(.text))
<BR>[Address Reference Count : 1]<UL><LI> startup_mimxrt1064.o(RESET)
</UL>
<P><STRONG><a name="[85]"></a>ACMP1_IRQHandler</STRONG> (Thumb, 0 bytes, Stack size 0 bytes, startup_mimxrt1064.o(.text))
<BR>[Address Reference Count : 1]<UL><LI> startup_mimxrt1064.o(RESET)
</UL>
<P><STRONG><a name="[86]"></a>ACMP2_IRQHandler</STRONG> (Thumb, 0 bytes, Stack size 0 bytes, startup_mimxrt1064.o(.text))
<BR>[Address Reference Count : 1]<UL><LI> startup_mimxrt1064.o(RESET)
</UL>
<P><STRONG><a name="[87]"></a>ACMP3_IRQHandler</STRONG> (Thumb, 0 bytes, Stack size 0 bytes, startup_mimxrt1064.o(.text))
<BR>[Address Reference Count : 1]<UL><LI> startup_mimxrt1064.o(RESET)
</UL>
<P><STRONG><a name="[88]"></a>ACMP4_IRQHandler</STRONG> (Thumb, 0 bytes, Stack size 0 bytes, startup_mimxrt1064.o(.text))
<BR>[Address Reference Count : 1]<UL><LI> startup_mimxrt1064.o(RESET)
</UL>
<P><STRONG><a name="[4d]"></a>ADC1_IRQHandler</STRONG> (Thumb, 0 bytes, Stack size 0 bytes, startup_mimxrt1064.o(.text))
<BR>[Address Reference Count : 1]<UL><LI> startup_mimxrt1064.o(RESET)
</UL>
<P><STRONG><a name="[4e]"></a>ADC2_IRQHandler</STRONG> (Thumb, 0 bytes, Stack size 0 bytes, startup_mimxrt1064.o(.text))
<BR>[Address Reference Count : 1]<UL><LI> startup_mimxrt1064.o(RESET)
</UL>
<P><STRONG><a name="[83]"></a>ADC_ETC_ERROR_IRQ_IRQHandler</STRONG> (Thumb, 0 bytes, Stack size 0 bytes, startup_mimxrt1064.o(.text))
<BR>[Address Reference Count : 1]<UL><LI> startup_mimxrt1064.o(RESET)
</UL>
<P><STRONG><a name="[80]"></a>ADC_ETC_IRQ0_IRQHandler</STRONG> (Thumb, 0 bytes, Stack size 0 bytes, startup_mimxrt1064.o(.text))
<BR>[Address Reference Count : 1]<UL><LI> startup_mimxrt1064.o(RESET)
</UL>
<P><STRONG><a name="[81]"></a>ADC_ETC_IRQ1_IRQHandler</STRONG> (Thumb, 0 bytes, Stack size 0 bytes, startup_mimxrt1064.o(.text))
<BR>[Address Reference Count : 1]<UL><LI> startup_mimxrt1064.o(RESET)
</UL>
<P><STRONG><a name="[82]"></a>ADC_ETC_IRQ2_IRQHandler</STRONG> (Thumb, 0 bytes, Stack size 0 bytes, startup_mimxrt1064.o(.text))
<BR>[Address Reference Count : 1]<UL><LI> startup_mimxrt1064.o(RESET)
</UL>
<P><STRONG><a name="[41]"></a>BEE_IRQHandler</STRONG> (Thumb, 0 bytes, Stack size 0 bytes, startup_mimxrt1064.o(.text))
<BR>[Address Reference Count : 1]<UL><LI> startup_mimxrt1064.o(RESET)
</UL>
<P><STRONG><a name="[69]"></a>CCM_1_IRQHandler</STRONG> (Thumb, 0 bytes, Stack size 0 bytes, startup_mimxrt1064.o(.text))
<BR>[Address Reference Count : 1]<UL><LI> startup_mimxrt1064.o(RESET)
</UL>
<P><STRONG><a name="[6a]"></a>CCM_2_IRQHandler</STRONG> (Thumb, 0 bytes, Stack size 0 bytes, startup_mimxrt1064.o(.text))
<BR>[Address Reference Count : 1]<UL><LI> startup_mimxrt1064.o(RESET)
</UL>
<P><STRONG><a name="[1d]"></a>CORE_IRQHandler</STRONG> (Thumb, 0 bytes, Stack size 0 bytes, startup_mimxrt1064.o(.text))
<BR>[Address Reference Count : 1]<UL><LI> startup_mimxrt1064.o(RESET)
</UL>
<P><STRONG><a name="[3b]"></a>CSU_IRQHandler</STRONG> (Thumb, 0 bytes, Stack size 0 bytes, startup_mimxrt1064.o(.text))
<BR>[Address Reference Count : 1]<UL><LI> startup_mimxrt1064.o(RESET)
</UL>
<P><STRONG><a name="[1b]"></a>CTI0_ERROR_IRQHandler</STRONG> (Thumb, 0 bytes, Stack size 0 bytes, startup_mimxrt1064.o(.text))
<BR>[Address Reference Count : 1]<UL><LI> startup_mimxrt1064.o(RESET)
</UL>
<P><STRONG><a name="[1c]"></a>CTI1_ERROR_IRQHandler</STRONG> (Thumb, 0 bytes, Stack size 0 bytes, startup_mimxrt1064.o(.text))
<BR>[Address Reference Count : 1]<UL><LI> startup_mimxrt1064.o(RESET)
</UL>
<P><STRONG><a name="[4f]"></a>DCDC_IRQHandler</STRONG> (Thumb, 0 bytes, Stack size 0 bytes, startup_mimxrt1064.o(.text))
<BR>[Address Reference Count : 1]<UL><LI> startup_mimxrt1064.o(RESET)
</UL>
<P><STRONG><a name="[3c]"></a>DCP_IRQHandler</STRONG> (Thumb, 0 bytes, Stack size 0 bytes, startup_mimxrt1064.o(.text))
<BR>[Address Reference Count : 1]<UL><LI> startup_mimxrt1064.o(RESET)
</UL>
<P><STRONG><a name="[3d]"></a>DCP_VMI_IRQHandler</STRONG> (Thumb, 0 bytes, Stack size 0 bytes, startup_mimxrt1064.o(.text))
<BR>[Address Reference Count : 1]<UL><LI> startup_mimxrt1064.o(RESET)
</UL>
<P><STRONG><a name="[bb]"></a>DMA_ERROR_DriverIRQHandler</STRONG> (Thumb, 0 bytes, Stack size 0 bytes, startup_mimxrt1064.o(.text))
<BR>[Address Reference Count : 1]<UL><LI> startup_mimxrt1064.o(.text)
</UL>
<P><STRONG><a name="[a8]"></a>DefaultISR</STRONG> (Thumb, 0 bytes, Stack size 0 bytes, startup_mimxrt1064.o(.text))
<BR>[Address Reference Count : 2]<UL><LI> startup_mimxrt1064.o(RESET)
<LI> startup_mimxrt1064.o(.text)
</UL>
<P><STRONG><a name="[8b]"></a>ENC1_IRQHandler</STRONG> (Thumb, 0 bytes, Stack size 0 bytes, startup_mimxrt1064.o(.text))
<BR>[Address Reference Count : 1]<UL><LI> startup_mimxrt1064.o(RESET)
</UL>
<P><STRONG><a name="[8c]"></a>ENC2_IRQHandler</STRONG> (Thumb, 0 bytes, Stack size 0 bytes, startup_mimxrt1064.o(.text))
<BR>[Address Reference Count : 1]<UL><LI> startup_mimxrt1064.o(RESET)
</UL>
<P><STRONG><a name="[8d]"></a>ENC3_IRQHandler</STRONG> (Thumb, 0 bytes, Stack size 0 bytes, startup_mimxrt1064.o(.text))
<BR>[Address Reference Count : 1]<UL><LI> startup_mimxrt1064.o(RESET)
</UL>
<P><STRONG><a name="[8e]"></a>ENC4_IRQHandler</STRONG> (Thumb, 0 bytes, Stack size 0 bytes, startup_mimxrt1064.o(.text))
<BR>[Address Reference Count : 1]<UL><LI> startup_mimxrt1064.o(RESET)
</UL>
<P><STRONG><a name="[dc]"></a>ENET2_1588_Timer_DriverIRQHandler</STRONG> (Thumb, 0 bytes, Stack size 0 bytes, startup_mimxrt1064.o(.text))
<BR>[Address Reference Count : 1]<UL><LI> startup_mimxrt1064.o(.text)
</UL>
<P><STRONG><a name="[da]"></a>ENET_1588_Timer_DriverIRQHandler</STRONG> (Thumb, 0 bytes, Stack size 0 bytes, startup_mimxrt1064.o(.text))
<BR>[Address Reference Count : 1]<UL><LI> startup_mimxrt1064.o(.text)
</UL>
<P><STRONG><a name="[68]"></a>EWM_IRQHandler</STRONG> (Thumb, 0 bytes, Stack size 0 bytes, startup_mimxrt1064.o(.text))
<BR>[Address Reference Count : 1]<UL><LI> startup_mimxrt1064.o(RESET)
</UL>
<P><STRONG><a name="[30]"></a>FLEXRAM_IRQHandler</STRONG> (Thumb, 0 bytes, Stack size 0 bytes, startup_mimxrt1064.o(.text))
<BR>[Address Reference Count : 1]<UL><LI> startup_mimxrt1064.o(RESET)
</UL>
<P><STRONG><a name="[d5]"></a>FLEXSPI2_DriverIRQHandler</STRONG> (Thumb, 0 bytes, Stack size 0 bytes, startup_mimxrt1064.o(.text))
<BR>[Address Reference Count : 1]<UL><LI> startup_mimxrt1064.o(.text)
</UL>
<P><STRONG><a name="[d6]"></a>FLEXSPI_DriverIRQHandler</STRONG> (Thumb, 0 bytes, Stack size 0 bytes, startup_mimxrt1064.o(.text))
<BR>[Address Reference Count : 1]<UL><LI> startup_mimxrt1064.o(.text)
</UL>
<P><STRONG><a name="[6b]"></a>GPC_IRQHandler</STRONG> (Thumb, 0 bytes, Stack size 0 bytes, startup_mimxrt1064.o(.text))
<BR>[Address Reference Count : 1]<UL><LI> startup_mimxrt1064.o(RESET)
</UL>
<P><STRONG><a name="[5a]"></a>GPIO1_Combined_0_15_IRQHandler</STRONG> (Thumb, 0 bytes, Stack size 0 bytes, startup_mimxrt1064.o(.text))
<BR>[Address Reference Count : 1]<UL><LI> startup_mimxrt1064.o(RESET)
</UL>
<P><STRONG><a name="[5b]"></a>GPIO1_Combined_16_31_IRQHandler</STRONG> (Thumb, 0 bytes, Stack size 0 bytes, startup_mimxrt1064.o(.text))
<BR>[Address Reference Count : 1]<UL><LI> startup_mimxrt1064.o(RESET)
</UL>
<P><STRONG><a name="[52]"></a>GPIO1_INT0_IRQHandler</STRONG> (Thumb, 0 bytes, Stack size 0 bytes, startup_mimxrt1064.o(.text))
<BR>[Address Reference Count : 1]<UL><LI> startup_mimxrt1064.o(RESET)
</UL>
<P><STRONG><a name="[53]"></a>GPIO1_INT1_IRQHandler</STRONG> (Thumb, 0 bytes, Stack size 0 bytes, startup_mimxrt1064.o(.text))
<BR>[Address Reference Count : 1]<UL><LI> startup_mimxrt1064.o(RESET)
</UL>
<P><STRONG><a name="[54]"></a>GPIO1_INT2_IRQHandler</STRONG> (Thumb, 0 bytes, Stack size 0 bytes, startup_mimxrt1064.o(.text))
<BR>[Address Reference Count : 1]<UL><LI> startup_mimxrt1064.o(RESET)
</UL>
<P><STRONG><a name="[55]"></a>GPIO1_INT3_IRQHandler</STRONG> (Thumb, 0 bytes, Stack size 0 bytes, startup_mimxrt1064.o(.text))
<BR>[Address Reference Count : 1]<UL><LI> startup_mimxrt1064.o(RESET)
</UL>
<P><STRONG><a name="[56]"></a>GPIO1_INT4_IRQHandler</STRONG> (Thumb, 0 bytes, Stack size 0 bytes, startup_mimxrt1064.o(.text))
<BR>[Address Reference Count : 1]<UL><LI> startup_mimxrt1064.o(RESET)
</UL>
<P><STRONG><a name="[57]"></a>GPIO1_INT5_IRQHandler</STRONG> (Thumb, 0 bytes, Stack size 0 bytes, startup_mimxrt1064.o(.text))
<BR>[Address Reference Count : 1]<UL><LI> startup_mimxrt1064.o(RESET)
</UL>
<P><STRONG><a name="[58]"></a>GPIO1_INT6_IRQHandler</STRONG> (Thumb, 0 bytes, Stack size 0 bytes, startup_mimxrt1064.o(.text))
<BR>[Address Reference Count : 1]<UL><LI> startup_mimxrt1064.o(RESET)
</UL>
<P><STRONG><a name="[59]"></a>GPIO1_INT7_IRQHandler</STRONG> (Thumb, 0 bytes, Stack size 0 bytes, startup_mimxrt1064.o(.text))
<BR>[Address Reference Count : 1]<UL><LI> startup_mimxrt1064.o(RESET)
</UL>
<P><STRONG><a name="[5f]"></a>GPIO3_Combined_16_31_IRQHandler</STRONG> (Thumb, 0 bytes, Stack size 0 bytes, startup_mimxrt1064.o(.text))
<BR>[Address Reference Count : 1]<UL><LI> startup_mimxrt1064.o(RESET)
</UL>
<P><STRONG><a name="[60]"></a>GPIO4_Combined_0_15_IRQHandler</STRONG> (Thumb, 0 bytes, Stack size 0 bytes, startup_mimxrt1064.o(.text))
<BR>[Address Reference Count : 1]<UL><LI> startup_mimxrt1064.o(RESET)
</UL>
<P><STRONG><a name="[61]"></a>GPIO4_Combined_16_31_IRQHandler</STRONG> (Thumb, 0 bytes, Stack size 0 bytes, startup_mimxrt1064.o(.text))
<BR>[Address Reference Count : 1]<UL><LI> startup_mimxrt1064.o(RESET)
</UL>
<P><STRONG><a name="[62]"></a>GPIO5_Combined_0_15_IRQHandler</STRONG> (Thumb, 0 bytes, Stack size 0 bytes, startup_mimxrt1064.o(.text))
<BR>[Address Reference Count : 1]<UL><LI> startup_mimxrt1064.o(RESET)
</UL>
<P><STRONG><a name="[63]"></a>GPIO5_Combined_16_31_IRQHandler</STRONG> (Thumb, 0 bytes, Stack size 0 bytes, startup_mimxrt1064.o(.text))
<BR>[Address Reference Count : 1]<UL><LI> startup_mimxrt1064.o(RESET)
</UL>
<P><STRONG><a name="[a7]"></a>GPIO6_7_8_9_IRQHandler</STRONG> (Thumb, 0 bytes, Stack size 0 bytes, startup_mimxrt1064.o(.text))
<BR>[Address Reference Count : 1]<UL><LI> startup_mimxrt1064.o(RESET)
</UL>
<P><STRONG><a name="[33]"></a>GPR_IRQ_IRQHandler</STRONG> (Thumb, 0 bytes, Stack size 0 bytes, startup_mimxrt1064.o(.text))
<BR>[Address Reference Count : 1]<UL><LI> startup_mimxrt1064.o(RESET)
</UL>
<P><STRONG><a name="[6e]"></a>GPT1_IRQHandler</STRONG> (Thumb, 0 bytes, Stack size 0 bytes, startup_mimxrt1064.o(.text))
<BR>[Address Reference Count : 1]<UL><LI> startup_mimxrt1064.o(RESET)
</UL>
<P><STRONG><a name="[6f]"></a>GPT2_IRQHandler</STRONG> (Thumb, 0 bytes, Stack size 0 bytes, startup_mimxrt1064.o(.text))
<BR>[Address Reference Count : 1]<UL><LI> startup_mimxrt1064.o(RESET)
</UL>
<P><STRONG><a name="[31]"></a>KPP_IRQHandler</STRONG> (Thumb, 0 bytes, Stack size 0 bytes, startup_mimxrt1064.o(.text))
<BR>[Address Reference Count : 1]<UL><LI> startup_mimxrt1064.o(RESET)
</UL>
<P><STRONG><a name="[34]"></a>LCDIF_IRQHandler</STRONG> (Thumb, 0 bytes, Stack size 0 bytes, startup_mimxrt1064.o(.text))
<BR>[Address Reference Count : 1]<UL><LI> startup_mimxrt1064.o(RESET)
</UL>
<P><STRONG><a name="[47]"></a>PMU_EVENT_IRQHandler</STRONG> (Thumb, 0 bytes, Stack size 0 bytes, startup_mimxrt1064.o(.text))
<BR>[Address Reference Count : 1]<UL><LI> startup_mimxrt1064.o(RESET)
</UL>
<P><STRONG><a name="[70]"></a>PWM1_0_IRQHandler</STRONG> (Thumb, 0 bytes, Stack size 0 bytes, startup_mimxrt1064.o(.text))
<BR>[Address Reference Count : 1]<UL><LI> startup_mimxrt1064.o(RESET)
</UL>
<P><STRONG><a name="[71]"></a>PWM1_1_IRQHandler</STRONG> (Thumb, 0 bytes, Stack size 0 bytes, startup_mimxrt1064.o(.text))
<BR>[Address Reference Count : 1]<UL><LI> startup_mimxrt1064.o(RESET)
</UL>
<P><STRONG><a name="[72]"></a>PWM1_2_IRQHandler</STRONG> (Thumb, 0 bytes, Stack size 0 bytes, startup_mimxrt1064.o(.text))
<BR>[Address Reference Count : 1]<UL><LI> startup_mimxrt1064.o(RESET)
</UL>
<P><STRONG><a name="[73]"></a>PWM1_3_IRQHandler</STRONG> (Thumb, 0 bytes, Stack size 0 bytes, startup_mimxrt1064.o(.text))
<BR>[Address Reference Count : 1]<UL><LI> startup_mimxrt1064.o(RESET)
</UL>
<P><STRONG><a name="[74]"></a>PWM1_FAULT_IRQHandler</STRONG> (Thumb, 0 bytes, Stack size 0 bytes, startup_mimxrt1064.o(.text))
<BR>[Address Reference Count : 1]<UL><LI> startup_mimxrt1064.o(RESET)
</UL>
<P><STRONG><a name="[93]"></a>PWM2_0_IRQHandler</STRONG> (Thumb, 0 bytes, Stack size 0 bytes, startup_mimxrt1064.o(.text))
<BR>[Address Reference Count : 1]<UL><LI> startup_mimxrt1064.o(RESET)
</UL>
<P><STRONG><a name="[94]"></a>PWM2_1_IRQHandler</STRONG> (Thumb, 0 bytes, Stack size 0 bytes, startup_mimxrt1064.o(.text))
<BR>[Address Reference Count : 1]<UL><LI> startup_mimxrt1064.o(RESET)
</UL>
<P><STRONG><a name="[95]"></a>PWM2_2_IRQHandler</STRONG> (Thumb, 0 bytes, Stack size 0 bytes, startup_mimxrt1064.o(.text))
<BR>[Address Reference Count : 1]<UL><LI> startup_mimxrt1064.o(RESET)
</UL>
<P><STRONG><a name="[96]"></a>PWM2_3_IRQHandler</STRONG> (Thumb, 0 bytes, Stack size 0 bytes, startup_mimxrt1064.o(.text))
<BR>[Address Reference Count : 1]<UL><LI> startup_mimxrt1064.o(RESET)
</UL>
<P><STRONG><a name="[97]"></a>PWM2_FAULT_IRQHandler</STRONG> (Thumb, 0 bytes, Stack size 0 bytes, startup_mimxrt1064.o(.text))
<BR>[Address Reference Count : 1]<UL><LI> startup_mimxrt1064.o(RESET)
</UL>
<P><STRONG><a name="[98]"></a>PWM3_0_IRQHandler</STRONG> (Thumb, 0 bytes, Stack size 0 bytes, startup_mimxrt1064.o(.text))
<BR>[Address Reference Count : 1]<UL><LI> startup_mimxrt1064.o(RESET)
</UL>
<P><STRONG><a name="[99]"></a>PWM3_1_IRQHandler</STRONG> (Thumb, 0 bytes, Stack size 0 bytes, startup_mimxrt1064.o(.text))
<BR>[Address Reference Count : 1]<UL><LI> startup_mimxrt1064.o(RESET)
</UL>
<P><STRONG><a name="[9a]"></a>PWM3_2_IRQHandler</STRONG> (Thumb, 0 bytes, Stack size 0 bytes, startup_mimxrt1064.o(.text))
<BR>[Address Reference Count : 1]<UL><LI> startup_mimxrt1064.o(RESET)
</UL>
<P><STRONG><a name="[9b]"></a>PWM3_3_IRQHandler</STRONG> (Thumb, 0 bytes, Stack size 0 bytes, startup_mimxrt1064.o(.text))
<BR>[Address Reference Count : 1]<UL><LI> startup_mimxrt1064.o(RESET)
</UL>
<P><STRONG><a name="[9c]"></a>PWM3_FAULT_IRQHandler</STRONG> (Thumb, 0 bytes, Stack size 0 bytes, startup_mimxrt1064.o(.text))
<BR>[Address Reference Count : 1]<UL><LI> startup_mimxrt1064.o(RESET)
</UL>
<P><STRONG><a name="[9d]"></a>PWM4_0_IRQHandler</STRONG> (Thumb, 0 bytes, Stack size 0 bytes, startup_mimxrt1064.o(.text))
<BR>[Address Reference Count : 1]<UL><LI> startup_mimxrt1064.o(RESET)
</UL>
<P><STRONG><a name="[9e]"></a>PWM4_1_IRQHandler</STRONG> (Thumb, 0 bytes, Stack size 0 bytes, startup_mimxrt1064.o(.text))
<BR>[Address Reference Count : 1]<UL><LI> startup_mimxrt1064.o(RESET)
</UL>
<P><STRONG><a name="[9f]"></a>PWM4_2_IRQHandler</STRONG> (Thumb, 0 bytes, Stack size 0 bytes, startup_mimxrt1064.o(.text))
<BR>[Address Reference Count : 1]<UL><LI> startup_mimxrt1064.o(RESET)
</UL>
<P><STRONG><a name="[a0]"></a>PWM4_3_IRQHandler</STRONG> (Thumb, 0 bytes, Stack size 0 bytes, startup_mimxrt1064.o(.text))
<BR>[Address Reference Count : 1]<UL><LI> startup_mimxrt1064.o(RESET)
</UL>
<P><STRONG><a name="[a1]"></a>PWM4_FAULT_IRQHandler</STRONG> (Thumb, 0 bytes, Stack size 0 bytes, startup_mimxrt1064.o(.text))
<BR>[Address Reference Count : 1]<UL><LI> startup_mimxrt1064.o(RESET)
</UL>
<P><STRONG><a name="[36]"></a>PXP_IRQHandler</STRONG> (Thumb, 0 bytes, Stack size 0 bytes, startup_mimxrt1064.o(.text))
<BR>[Address Reference Count : 1]<UL><LI> startup_mimxrt1064.o(RESET)
</UL>
<P><STRONG><a name="[67]"></a>RTWDOG_IRQHandler</STRONG> (Thumb, 0 bytes, Stack size 0 bytes, startup_mimxrt1064.o(.text))
<BR>[Address Reference Count : 1]<UL><LI> startup_mimxrt1064.o(RESET)
</UL>
<P><STRONG><a name="[6d]"></a>Reserved115_IRQHandler</STRONG> (Thumb, 0 bytes, Stack size 0 bytes, startup_mimxrt1064.o(.text))
<BR>[Address Reference Count : 1]<UL><LI> startup_mimxrt1064.o(RESET)
</UL>
<P><STRONG><a name="[89]"></a>Reserved143_IRQHandler</STRONG> (Thumb, 0 bytes, Stack size 0 bytes, startup_mimxrt1064.o(.text))
<BR>[Address Reference Count : 1]<UL><LI> startup_mimxrt1064.o(RESET)
</UL>
<P><STRONG><a name="[8a]"></a>Reserved144_IRQHandler</STRONG> (Thumb, 0 bytes, Stack size 0 bytes, startup_mimxrt1064.o(.text))
<BR>[Address Reference Count : 1]<UL><LI> startup_mimxrt1064.o(RESET)
</UL>
<P><STRONG><a name="[a5]"></a>Reserved171_IRQHandler</STRONG> (Thumb, 0 bytes, Stack size 0 bytes, startup_mimxrt1064.o(.text))
<BR>[Address Reference Count : 1]<UL><LI> startup_mimxrt1064.o(RESET)
</UL>
<P><STRONG><a name="[3e]"></a>Reserved68_IRQHandler</STRONG> (Thumb, 0 bytes, Stack size 0 bytes, startup_mimxrt1064.o(.text))
<BR>[Address Reference Count : 1]<UL><LI> startup_mimxrt1064.o(RESET)
</UL>
<P><STRONG><a name="[48]"></a>Reserved78_IRQHandler</STRONG> (Thumb, 0 bytes, Stack size 0 bytes, startup_mimxrt1064.o(.text))
<BR>[Address Reference Count : 1]<UL><LI> startup_mimxrt1064.o(RESET)
</UL>
<P><STRONG><a name="[50]"></a>Reserved86_IRQHandler</STRONG> (Thumb, 0 bytes, Stack size 0 bytes, startup_mimxrt1064.o(.text))
<BR>[Address Reference Count : 1]<UL><LI> startup_mimxrt1064.o(RESET)
</UL>
<P><STRONG><a name="[51]"></a>Reserved87_IRQHandler</STRONG> (Thumb, 0 bytes, Stack size 0 bytes, startup_mimxrt1064.o(.text))
<BR>[Address Reference Count : 1]<UL><LI> startup_mimxrt1064.o(RESET)
</UL>
<P><STRONG><a name="[77]"></a>SEMC_IRQHandler</STRONG> (Thumb, 0 bytes, Stack size 0 bytes, startup_mimxrt1064.o(.text))
<BR>[Address Reference Count : 1]<UL><LI> startup_mimxrt1064.o(RESET)
</UL>
<P><STRONG><a name="[40]"></a>SJC_IRQHandler</STRONG> (Thumb, 0 bytes, Stack size 0 bytes, startup_mimxrt1064.o(.text))
<BR>[Address Reference Count : 1]<UL><LI> startup_mimxrt1064.o(RESET)
</UL>
<P><STRONG><a name="[38]"></a>SNVS_HP_WRAPPER_IRQHandler</STRONG> (Thumb, 0 bytes, Stack size 0 bytes, startup_mimxrt1064.o(.text))
<BR>[Address Reference Count : 1]<UL><LI> startup_mimxrt1064.o(RESET)
</UL>
<P><STRONG><a name="[39]"></a>SNVS_HP_WRAPPER_TZ_IRQHandler</STRONG> (Thumb, 0 bytes, Stack size 0 bytes, startup_mimxrt1064.o(.text))
<BR>[Address Reference Count : 1]<UL><LI> startup_mimxrt1064.o(RESET)
</UL>
<P><STRONG><a name="[3a]"></a>SNVS_LP_WRAPPER_IRQHandler</STRONG> (Thumb, 0 bytes, Stack size 0 bytes, startup_mimxrt1064.o(.text))
<BR>[Address Reference Count : 1]<UL><LI> startup_mimxrt1064.o(RESET)
</UL>
<P><STRONG><a name="[6c]"></a>SRC_IRQHandler</STRONG> (Thumb, 0 bytes, Stack size 0 bytes, startup_mimxrt1064.o(.text))
<BR>[Address Reference Count : 1]<UL><LI> startup_mimxrt1064.o(RESET)
</UL>
<P><STRONG><a name="[49]"></a>TEMP_LOW_HIGH_IRQHandler</STRONG> (Thumb, 0 bytes, Stack size 0 bytes, startup_mimxrt1064.o(.text))
<BR>[Address Reference Count : 1]<UL><LI> startup_mimxrt1064.o(RESET)
</UL>
<P><STRONG><a name="[4a]"></a>TEMP_PANIC_IRQHandler</STRONG> (Thumb, 0 bytes, Stack size 0 bytes, startup_mimxrt1064.o(.text))
<BR>[Address Reference Count : 1]<UL><LI> startup_mimxrt1064.o(RESET)
</UL>
<P><STRONG><a name="[8f]"></a>TMR1_IRQHandler</STRONG> (Thumb, 0 bytes, Stack size 0 bytes, startup_mimxrt1064.o(.text))
<BR>[Address Reference Count : 1]<UL><LI> startup_mimxrt1064.o(RESET)
</UL>
<P><STRONG><a name="[90]"></a>TMR2_IRQHandler</STRONG> (Thumb, 0 bytes, Stack size 0 bytes, startup_mimxrt1064.o(.text))
<BR>[Address Reference Count : 1]<UL><LI> startup_mimxrt1064.o(RESET)
</UL>
<P><STRONG><a name="[91]"></a>TMR3_IRQHandler</STRONG> (Thumb, 0 bytes, Stack size 0 bytes, startup_mimxrt1064.o(.text))
<BR>[Address Reference Count : 1]<UL><LI> startup_mimxrt1064.o(RESET)
</UL>
<P><STRONG><a name="[92]"></a>TMR4_IRQHandler</STRONG> (Thumb, 0 bytes, Stack size 0 bytes, startup_mimxrt1064.o(.text))
<BR>[Address Reference Count : 1]<UL><LI> startup_mimxrt1064.o(RESET)
</UL>
<P><STRONG><a name="[3f]"></a>TRNG_IRQHandler</STRONG> (Thumb, 0 bytes, Stack size 0 bytes, startup_mimxrt1064.o(.text))
<BR>[Address Reference Count : 1]<UL><LI> startup_mimxrt1064.o(RESET)
</UL>
<P><STRONG><a name="[32]"></a>TSC_DIG_IRQHandler</STRONG> (Thumb, 0 bytes, Stack size 0 bytes, startup_mimxrt1064.o(.text))
<BR>[Address Reference Count : 1]<UL><LI> startup_mimxrt1064.o(RESET)
</UL>
<P><STRONG><a name="[4b]"></a>USB_PHY1_IRQHandler</STRONG> (Thumb, 0 bytes, Stack size 0 bytes, startup_mimxrt1064.o(.text))
<BR>[Address Reference Count : 1]<UL><LI> startup_mimxrt1064.o(RESET)
</UL>
<P><STRONG><a name="[4c]"></a>USB_PHY2_IRQHandler</STRONG> (Thumb, 0 bytes, Stack size 0 bytes, startup_mimxrt1064.o(.text))
<BR>[Address Reference Count : 1]<UL><LI> startup_mimxrt1064.o(RESET)
</UL>
<P><STRONG><a name="[66]"></a>WDOG1_IRQHandler</STRONG> (Thumb, 0 bytes, Stack size 0 bytes, startup_mimxrt1064.o(.text))
<BR>[Address Reference Count : 1]<UL><LI> startup_mimxrt1064.o(RESET)
</UL>
<P><STRONG><a name="[37]"></a>WDOG2_IRQHandler</STRONG> (Thumb, 0 bytes, Stack size 0 bytes, startup_mimxrt1064.o(.text))
<BR>[Address Reference Count : 1]<UL><LI> startup_mimxrt1064.o(RESET)
</UL>
<P><STRONG><a name="[7e]"></a>XBAR1_IRQ_0_1_IRQHandler</STRONG> (Thumb, 0 bytes, Stack size 0 bytes, startup_mimxrt1064.o(.text))
<BR>[Address Reference Count : 1]<UL><LI> startup_mimxrt1064.o(RESET)
</UL>
<P><STRONG><a name="[7f]"></a>XBAR1_IRQ_2_3_IRQHandler</STRONG> (Thumb, 0 bytes, Stack size 0 bytes, startup_mimxrt1064.o(.text))
<BR>[Address Reference Count : 1]<UL><LI> startup_mimxrt1064.o(RESET)
</UL>
<P><STRONG><a name="[a9]"></a>SystemInit</STRONG> (Thumb, 300 bytes, Stack size 20 bytes, system_mimxrt1064.o(.text.SystemInit))
<BR><BR>[Stack]<UL><LI>Max Depth = 20<LI>Call Chain = SystemInit
</UL>
<BR>[Calls]<UL><LI><a href="#[17b]">&gt;&gt;</a>&nbsp;&nbsp;&nbsp;SystemInitHook
</UL>
<BR>[Address Reference Count : 1]<UL><LI> startup_mimxrt1064.o(.text)
</UL>
<P><STRONG><a name="[17b]"></a>SystemInitHook</STRONG> (Thumb, 2 bytes, Stack size 0 bytes, system_mimxrt1064.o(.text.SystemInitHook))
<BR><BR>[Called By]<UL><LI><a href="#[a9]">&gt;&gt;</a>&nbsp;&nbsp;&nbsp;SystemInit
</UL>

<P><STRONG><a name="[e5]"></a>__rt_lib_init</STRONG> (Thumb, 0 bytes, Stack size unknown bytes, libinit.o(.ARM.Collect$$libinit$$00000000))
<BR><BR>[Called By]<UL><LI><a href="#[e4]">&gt;&gt;</a>&nbsp;&nbsp;&nbsp;__rt_entry_li
</UL>

<P><STRONG><a name="[e2]"></a>__rt_lib_init_fp_1</STRONG> (Thumb, 0 bytes, Stack size unknown bytes, libinit2.o(.ARM.Collect$$libinit$$00000001))
<BR><BR>[Calls]<UL><LI><a href="#[e3]">&gt;&gt;</a>&nbsp;&nbsp;&nbsp;_fp_init
</UL>

<P><STRONG><a name="[181]"></a>__rt_lib_init_alloca_1</STRONG> (Thumb, 0 bytes, Stack size unknown bytes, libinit2.o(.ARM.Collect$$libinit$$0000002E))

<P><STRONG><a name="[182]"></a>__rt_lib_init_argv_1</STRONG> (Thumb, 0 bytes, Stack size unknown bytes, libinit2.o(.ARM.Collect$$libinit$$0000002C))

<P><STRONG><a name="[183]"></a>__rt_lib_init_atexit_1</STRONG> (Thumb, 0 bytes, Stack size unknown bytes, libinit2.o(.ARM.Collect$$libinit$$0000001B))

<P><STRONG><a name="[184]"></a>__rt_lib_init_clock_1</STRONG> (Thumb, 0 bytes, Stack size unknown bytes, libinit2.o(.ARM.Collect$$libinit$$00000021))

<P><STRONG><a name="[185]"></a>__rt_lib_init_cpp_1</STRONG> (Thumb, 0 bytes, Stack size unknown bytes, libinit2.o(.ARM.Collect$$libinit$$00000032))

<P><STRONG><a name="[186]"></a>__rt_lib_init_exceptions_1</STRONG> (Thumb, 0 bytes, Stack size unknown bytes, libinit2.o(.ARM.Collect$$libinit$$00000030))

<P><STRONG><a name="[187]"></a>__rt_lib_init_fp_trap_1</STRONG> (Thumb, 0 bytes, Stack size unknown bytes, libinit2.o(.ARM.Collect$$libinit$$0000001F))

<P><STRONG><a name="[188]"></a>__rt_lib_init_getenv_1</STRONG> (Thumb, 0 bytes, Stack size unknown bytes, libinit2.o(.ARM.Collect$$libinit$$00000023))

<P><STRONG><a name="[189]"></a>__rt_lib_init_heap_1</STRONG> (Thumb, 0 bytes, Stack size unknown bytes, libinit2.o(.ARM.Collect$$libinit$$0000000A))

<P><STRONG><a name="[18a]"></a>__rt_lib_init_lc_collate_1</STRONG> (Thumb, 0 bytes, Stack size unknown bytes, libinit2.o(.ARM.Collect$$libinit$$00000011))

<P><STRONG><a name="[18b]"></a>__rt_lib_init_lc_ctype_1</STRONG> (Thumb, 0 bytes, Stack size unknown bytes, libinit2.o(.ARM.Collect$$libinit$$00000013))

<P><STRONG><a name="[18c]"></a>__rt_lib_init_lc_monetary_1</STRONG> (Thumb, 0 bytes, Stack size unknown bytes, libinit2.o(.ARM.Collect$$libinit$$00000015))

<P><STRONG><a name="[18d]"></a>__rt_lib_init_lc_numeric_1</STRONG> (Thumb, 0 bytes, Stack size unknown bytes, libinit2.o(.ARM.Collect$$libinit$$00000017))

<P><STRONG><a name="[18e]"></a>__rt_lib_init_lc_time_1</STRONG> (Thumb, 0 bytes, Stack size unknown bytes, libinit2.o(.ARM.Collect$$libinit$$00000019))

<P><STRONG><a name="[18f]"></a>__rt_lib_init_preinit_1</STRONG> (Thumb, 0 bytes, Stack size unknown bytes, libinit2.o(.ARM.Collect$$libinit$$00000004))

<P><STRONG><a name="[190]"></a>__rt_lib_init_rand_1</STRONG> (Thumb, 0 bytes, Stack size unknown bytes, libinit2.o(.ARM.Collect$$libinit$$0000000E))

<P><STRONG><a name="[191]"></a>__rt_lib_init_return</STRONG> (Thumb, 0 bytes, Stack size unknown bytes, libinit2.o(.ARM.Collect$$libinit$$00000033))

<P><STRONG><a name="[192]"></a>__rt_lib_init_signal_1</STRONG> (Thumb, 0 bytes, Stack size unknown bytes, libinit2.o(.ARM.Collect$$libinit$$0000001D))

<P><STRONG><a name="[193]"></a>__rt_lib_init_stdio_1</STRONG> (Thumb, 0 bytes, Stack size unknown bytes, libinit2.o(.ARM.Collect$$libinit$$00000025))

<P><STRONG><a name="[194]"></a>__rt_lib_init_user_alloc_1</STRONG> (Thumb, 0 bytes, Stack size unknown bytes, libinit2.o(.ARM.Collect$$libinit$$0000000C))

<P><STRONG><a name="[ea]"></a>__rt_lib_shutdown</STRONG> (Thumb, 0 bytes, Stack size unknown bytes, libshutdown.o(.ARM.Collect$$libshutdown$$00000000))
<BR><BR>[Called By]<UL><LI><a href="#[e9]">&gt;&gt;</a>&nbsp;&nbsp;&nbsp;__rt_exit_ls
</UL>

<P><STRONG><a name="[195]"></a>__rt_lib_shutdown_cpp_1</STRONG> (Thumb, 0 bytes, Stack size unknown bytes, libshutdown2.o(.ARM.Collect$$libshutdown$$00000002))

<P><STRONG><a name="[196]"></a>__rt_lib_shutdown_fp_trap_1</STRONG> (Thumb, 0 bytes, Stack size unknown bytes, libshutdown2.o(.ARM.Collect$$libshutdown$$00000007))

<P><STRONG><a name="[197]"></a>__rt_lib_shutdown_heap_1</STRONG> (Thumb, 0 bytes, Stack size unknown bytes, libshutdown2.o(.ARM.Collect$$libshutdown$$0000000F))

<P><STRONG><a name="[198]"></a>__rt_lib_shutdown_return</STRONG> (Thumb, 0 bytes, Stack size unknown bytes, libshutdown2.o(.ARM.Collect$$libshutdown$$00000010))

<P><STRONG><a name="[199]"></a>__rt_lib_shutdown_signal_1</STRONG> (Thumb, 0 bytes, Stack size unknown bytes, libshutdown2.o(.ARM.Collect$$libshutdown$$0000000A))

<P><STRONG><a name="[19a]"></a>__rt_lib_shutdown_stdio_1</STRONG> (Thumb, 0 bytes, Stack size unknown bytes, libshutdown2.o(.ARM.Collect$$libshutdown$$00000004))

<P><STRONG><a name="[19b]"></a>__rt_lib_shutdown_user_alloc_1</STRONG> (Thumb, 0 bytes, Stack size unknown bytes, libshutdown2.o(.ARM.Collect$$libshutdown$$0000000C))

<P><STRONG><a name="[178]"></a>__rt_entry</STRONG> (Thumb, 0 bytes, Stack size unknown bytes, __rtentry.o(.ARM.Collect$$rtentry$$00000000))
<BR><BR>[Called By]<UL><LI><a href="#[aa]">&gt;&gt;</a>&nbsp;&nbsp;&nbsp;__main (via Veneer)
<LI><a href="#[179]">&gt;&gt;</a>&nbsp;&nbsp;&nbsp;__scatterload_rt2 (via Veneer)
</UL>

<P><STRONG><a name="[19c]"></a>__rt_entry_presh_1</STRONG> (Thumb, 0 bytes, Stack size unknown bytes, __rtentry2.o(.ARM.Collect$$rtentry$$00000002))

<P><STRONG><a name="[19d]"></a>__rt_entry_sh</STRONG> (Thumb, 0 bytes, Stack size unknown bytes, __rtentry7.o(.ARM.Collect$$rtentry$$00000007))

<P><STRONG><a name="[e4]"></a>__rt_entry_li</STRONG> (Thumb, 0 bytes, Stack size unknown bytes, __rtentry2.o(.ARM.Collect$$rtentry$$0000000A))
<BR><BR>[Calls]<UL><LI><a href="#[e5]">&gt;&gt;</a>&nbsp;&nbsp;&nbsp;__rt_lib_init
</UL>

<P><STRONG><a name="[19e]"></a>__rt_entry_postsh_1</STRONG> (Thumb, 0 bytes, Stack size unknown bytes, __rtentry2.o(.ARM.Collect$$rtentry$$00000009))

<P><STRONG><a name="[e6]"></a>__rt_entry_main</STRONG> (Thumb, 0 bytes, Stack size unknown bytes, __rtentry2.o(.ARM.Collect$$rtentry$$0000000D))
<BR><BR>[Stack]<UL><LI>Max Depth = 776 + Unknown Stack Size
<LI>Call Chain = __rt_entry_main &rArr; main &rArr; board_init &rArr; BOARD_InitDebugConsole &rArr; DbgConsole_Init &rArr; SerialManager_Init &rArr; Serial_UartInit &rArr; HAL_UartInit &rArr; LPUART_Init &rArr; CLOCK_ControlGate &rArr; __aeabi_assert &rArr; DbgConsole_Printf &rArr; StrFormatPrintf &rArr; __hardfp_pow &rArr; sqrt &rArr; __set_errno
</UL>
<BR>[Calls]<UL><LI><a href="#[e7]">&gt;&gt;</a>&nbsp;&nbsp;&nbsp;main
<LI><a href="#[e8]">&gt;&gt;</a>&nbsp;&nbsp;&nbsp;exit
</UL>

<P><STRONG><a name="[19f]"></a>__rt_entry_postli_1</STRONG> (Thumb, 0 bytes, Stack size unknown bytes, __rtentry2.o(.ARM.Collect$$rtentry$$0000000C))

<P><STRONG><a name="[f2]"></a>__rt_exit</STRONG> (Thumb, 0 bytes, Stack size unknown bytes, rtexit.o(.ARM.Collect$$rtexit$$00000000))
<BR><BR>[Called By]<UL><LI><a href="#[e8]">&gt;&gt;</a>&nbsp;&nbsp;&nbsp;exit
</UL>

<P><STRONG><a name="[e9]"></a>__rt_exit_ls</STRONG> (Thumb, 0 bytes, Stack size unknown bytes, rtexit2.o(.ARM.Collect$$rtexit$$00000003))
<BR><BR>[Calls]<UL><LI><a href="#[ea]">&gt;&gt;</a>&nbsp;&nbsp;&nbsp;__rt_lib_shutdown
</UL>

<P><STRONG><a name="[1a0]"></a>__rt_exit_prels_1</STRONG> (Thumb, 0 bytes, Stack size unknown bytes, rtexit2.o(.ARM.Collect$$rtexit$$00000002))

<P><STRONG><a name="[eb]"></a>__rt_exit_exit</STRONG> (Thumb, 0 bytes, Stack size unknown bytes, rtexit2.o(.ARM.Collect$$rtexit$$00000004))
<BR><BR>[Calls]<UL><LI><a href="#[ec]">&gt;&gt;</a>&nbsp;&nbsp;&nbsp;_sys_exit
</UL>

<P><STRONG><a name="[ee]"></a>__aeabi_uldivmod</STRONG> (Thumb, 0 bytes, Stack size 48 bytes, lludivv7m.o(.text))
<BR><BR>[Stack]<UL><LI>Max Depth = 48<LI>Call Chain = __aeabi_uldivmod
</UL>
<BR>[Called By]<UL><LI><a href="#[107]">&gt;&gt;</a>&nbsp;&nbsp;&nbsp;ConvertRadixNumToString
<LI><a href="#[ed]">&gt;&gt;</a>&nbsp;&nbsp;&nbsp;_ll_sdiv
</UL>

<P><STRONG><a name="[1a1]"></a>_ll_udiv</STRONG> (Thumb, 240 bytes, Stack size 48 bytes, lludivv7m.o(.text), UNUSED)

<P><STRONG><a name="[120]"></a>__aeabi_llsl</STRONG> (Thumb, 0 bytes, Stack size 0 bytes, llshl.o(.text))
<BR><BR>[Called By]<UL><LI><a href="#[100]">&gt;&gt;</a>&nbsp;&nbsp;&nbsp;FLEXCAN_TransferHandleIRQ
<LI><a href="#[125]">&gt;&gt;</a>&nbsp;&nbsp;&nbsp;FLEXCAN_TransferFDAbortSend
<LI><a href="#[124]">&gt;&gt;</a>&nbsp;&nbsp;&nbsp;FLEXCAN_TransferFDAbortReceive
<LI><a href="#[123]">&gt;&gt;</a>&nbsp;&nbsp;&nbsp;FLEXCAN_TransferAbortSend
<LI><a href="#[11f]">&gt;&gt;</a>&nbsp;&nbsp;&nbsp;FLEXCAN_TransferAbortReceive
</UL>

<P><STRONG><a name="[1a2]"></a>_ll_shift_l</STRONG> (Thumb, 38 bytes, Stack size 0 bytes, llshl.o(.text), UNUSED)

<P><STRONG><a name="[126]"></a>__aeabi_llsr</STRONG> (Thumb, 0 bytes, Stack size 0 bytes, llushr.o(.text))
<BR><BR>[Called By]<UL><LI><a href="#[100]">&gt;&gt;</a>&nbsp;&nbsp;&nbsp;FLEXCAN_TransferHandleIRQ
</UL>

<P><STRONG><a name="[1a3]"></a>_ll_ushift_r</STRONG> (Thumb, 38 bytes, Stack size 0 bytes, llushr.o(.text), UNUSED)

<P><STRONG><a name="[108]"></a>__aeabi_ldivmod</STRONG> (Thumb, 0 bytes, Stack size 24 bytes, llsdiv.o(.text))
<BR><BR>[Stack]<UL><LI>Max Depth = 24<LI>Call Chain = __aeabi_ldivmod
</UL>
<BR>[Called By]<UL><LI><a href="#[107]">&gt;&gt;</a>&nbsp;&nbsp;&nbsp;ConvertRadixNumToString
</UL>

<P><STRONG><a name="[ed]"></a>_ll_sdiv</STRONG> (Thumb, 116 bytes, Stack size 24 bytes, llsdiv.o(.text), UNUSED)
<BR><BR>[Calls]<UL><LI><a href="#[ee]">&gt;&gt;</a>&nbsp;&nbsp;&nbsp;__aeabi_uldivmod
</UL>

<P><STRONG><a name="[152]"></a>strlen</STRONG> (Thumb, 62 bytes, Stack size 8 bytes, strlen.o(.text))
<BR><BR>[Stack]<UL><LI>Max Depth = 8<LI>Call Chain = strlen
</UL>
<BR>[Called By]<UL><LI><a href="#[111]">&gt;&gt;</a>&nbsp;&nbsp;&nbsp;StrFormatPrintf
</UL>

<P><STRONG><a name="[10b]"></a>__aeabi_memclr4</STRONG> (Thumb, 0 bytes, Stack size 4 bytes, rt_memclr_w.o(.text))
<BR><BR>[Stack]<UL><LI>Max Depth = 4<LI>Call Chain = __aeabi_memclr4
</UL>
<BR>[Called By]<UL><LI><a href="#[ff]">&gt;&gt;</a>&nbsp;&nbsp;&nbsp;DbgConsole_Init
<LI><a href="#[12d]">&gt;&gt;</a>&nbsp;&nbsp;&nbsp;LPUART_GetDefaultConfig
<LI><a href="#[133]">&gt;&gt;</a>&nbsp;&nbsp;&nbsp;LPI2C_SlaveTransferHandleIRQ
<LI><a href="#[14a]">&gt;&gt;</a>&nbsp;&nbsp;&nbsp;SAI_TransferAbortSend
<LI><a href="#[149]">&gt;&gt;</a>&nbsp;&nbsp;&nbsp;SAI_TransferAbortReceive
<LI><a href="#[14d]">&gt;&gt;</a>&nbsp;&nbsp;&nbsp;SPDIF_TransferTxHandleIRQ
<LI><a href="#[14f]">&gt;&gt;</a>&nbsp;&nbsp;&nbsp;SPDIF_TransferAbortReceive
<LI><a href="#[110]">&gt;&gt;</a>&nbsp;&nbsp;&nbsp;DbgConsole_Printf
</UL>

<P><STRONG><a name="[1a4]"></a>__aeabi_memclr8</STRONG> (Thumb, 0 bytes, Stack size 4 bytes, rt_memclr_w.o(.text), UNUSED)

<P><STRONG><a name="[1a5]"></a>__rt_memclr_w</STRONG> (Thumb, 78 bytes, Stack size 4 bytes, rt_memclr_w.o(.text), UNUSED)

<P><STRONG><a name="[1a6]"></a>_memset_w</STRONG> (Thumb, 0 bytes, Stack size unknown bytes, rt_memclr_w.o(.text), UNUSED)

<P><STRONG><a name="[ef]"></a>__read_errno</STRONG> (Thumb, 10 bytes, Stack size 8 bytes, _rserrno.o(.text), UNUSED)
<BR><BR>[Calls]<UL><LI><a href="#[f0]">&gt;&gt;</a>&nbsp;&nbsp;&nbsp;__aeabi_errno_addr
</UL>

<P><STRONG><a name="[f1]"></a>__set_errno</STRONG> (Thumb, 12 bytes, Stack size 8 bytes, _rserrno.o(.text))
<BR><BR>[Stack]<UL><LI>Max Depth = 8<LI>Call Chain = __set_errno
</UL>
<BR>[Calls]<UL><LI><a href="#[f0]">&gt;&gt;</a>&nbsp;&nbsp;&nbsp;__aeabi_errno_addr
</UL>
<BR>[Called By]<UL><LI><a href="#[16b]">&gt;&gt;</a>&nbsp;&nbsp;&nbsp;sqrt
<LI><a href="#[154]">&gt;&gt;</a>&nbsp;&nbsp;&nbsp;__hardfp_pow
</UL>

<P><STRONG><a name="[f0]"></a>__aeabi_errno_addr</STRONG> (Thumb, 8 bytes, Stack size 0 bytes, rt_errno_addr_intlibspace.o(.text))
<BR><BR>[Called By]<UL><LI><a href="#[f1]">&gt;&gt;</a>&nbsp;&nbsp;&nbsp;__set_errno
<LI><a href="#[ef]">&gt;&gt;</a>&nbsp;&nbsp;&nbsp;__read_errno
</UL>

<P><STRONG><a name="[1a7]"></a>__errno$intlibspace</STRONG> (Thumb, 0 bytes, Stack size 0 bytes, rt_errno_addr_intlibspace.o(.text), UNUSED)

<P><STRONG><a name="[1a8]"></a>__rt_errno_addr$intlibspace</STRONG> (Thumb, 0 bytes, Stack size 0 bytes, rt_errno_addr_intlibspace.o(.text), UNUSED)

<P><STRONG><a name="[1a9]"></a>__I$use$semihosting</STRONG> (Thumb, 0 bytes, Stack size 0 bytes, use_no_semi.o(.text), UNUSED)

<P><STRONG><a name="[1aa]"></a>__use_no_semihosting_swi</STRONG> (Thumb, 2 bytes, Stack size 0 bytes, use_no_semi.o(.text), UNUSED)

<P><STRONG><a name="[1ab]"></a>__semihosting_library_function</STRONG> (Thumb, 0 bytes, Stack size 8 bytes, indicate_semi.o(.text), UNUSED)

<P><STRONG><a name="[e8]"></a>exit</STRONG> (Thumb, 18 bytes, Stack size 8 bytes, exit.o(.text))
<BR><BR>[Stack]<UL><LI>Max Depth = 8 + Unknown Stack Size
<LI>Call Chain = exit
</UL>
<BR>[Calls]<UL><LI><a href="#[f2]">&gt;&gt;</a>&nbsp;&nbsp;&nbsp;__rt_exit
</UL>
<BR>[Called By]<UL><LI><a href="#[e6]">&gt;&gt;</a>&nbsp;&nbsp;&nbsp;__rt_entry_main
</UL>

<P><STRONG><a name="[ec]"></a>_sys_exit</STRONG> (Thumb, 8 bytes, Stack size 0 bytes, sys_exit.o(.text))
<BR><BR>[Called By]<UL><LI><a href="#[eb]">&gt;&gt;</a>&nbsp;&nbsp;&nbsp;__rt_exit_exit
</UL>

<P><STRONG><a name="[f3]"></a>BOARD_BootClockRUN</STRONG> (Thumb, 1232 bytes, Stack size 40 bytes, clock_config.o(.text.BOARD_BootClockRUN))
<BR><BR>[Stack]<UL><LI>Max Depth = 640<LI>Call Chain = BOARD_BootClockRUN &rArr; CLOCK_SetMux &rArr; __aeabi_assert &rArr; DbgConsole_Printf &rArr; StrFormatPrintf &rArr; __hardfp_pow &rArr; sqrt &rArr; __set_errno
</UL>
<BR>[Calls]<UL><LI><a href="#[f6]">&gt;&gt;</a>&nbsp;&nbsp;&nbsp;CLOCK_SwitchOsc
<LI><a href="#[f5]">&gt;&gt;</a>&nbsp;&nbsp;&nbsp;CLOCK_InitRcOsc24M
<LI><a href="#[f4]">&gt;&gt;</a>&nbsp;&nbsp;&nbsp;CLOCK_InitExternalClk
<LI><a href="#[f7]">&gt;&gt;</a>&nbsp;&nbsp;&nbsp;CLOCK_InitArmPll
<LI><a href="#[f9]">&gt;&gt;</a>&nbsp;&nbsp;&nbsp;CLOCK_DeinitVideoPll
<LI><a href="#[fb]">&gt;&gt;</a>&nbsp;&nbsp;&nbsp;CLOCK_DeinitUsb2Pll
<LI><a href="#[fa]">&gt;&gt;</a>&nbsp;&nbsp;&nbsp;CLOCK_DeinitEnetPll
<LI><a href="#[f8]">&gt;&gt;</a>&nbsp;&nbsp;&nbsp;CLOCK_DeinitAudioPll
<LI><a href="#[e0]">&gt;&gt;</a>&nbsp;&nbsp;&nbsp;CLOCK_SetMux
</UL>
<BR>[Called By]<UL><LI><a href="#[15f]">&gt;&gt;</a>&nbsp;&nbsp;&nbsp;board_init
</UL>

<P><STRONG><a name="[160]"></a>BOARD_ConfigMPU</STRONG> (Thumb, 464 bytes, Stack size 20 bytes, board.o(.text.BOARD_ConfigMPU))
<BR><BR>[Stack]<UL><LI>Max Depth = 20<LI>Call Chain = BOARD_ConfigMPU
</UL>
<BR>[Called By]<UL><LI><a href="#[15f]">&gt;&gt;</a>&nbsp;&nbsp;&nbsp;board_init
</UL>

[...]
<LI><a href="#[169]">&gt;&gt;</a>&nbsp;&nbsp;&nbsp;__mathlib_dbl_divzero
<LI><a href="#[170]">&gt;&gt;</a>&nbsp;&nbsp;&nbsp;__ARM_scalbn
<LI><a href="#[f1]">&gt;&gt;</a>&nbsp;&nbsp;&nbsp;__set_errno
</UL>
<BR>[Called By]<UL><LI><a href="#[111]">&gt;&gt;</a>&nbsp;&nbsp;&nbsp;StrFormatPrintf
</UL>

<P><STRONG><a name="[16f]"></a>__kernel_poly</STRONG> (Thumb, 112 bytes, Stack size 0 bytes, poly.o(i.__kernel_poly))
<BR><BR>[Called By]<UL><LI><a href="#[154]">&gt;&gt;</a>&nbsp;&nbsp;&nbsp;__hardfp_pow
</UL>

<P><STRONG><a name="[169]"></a>__mathlib_dbl_divzero</STRONG> (Thumb, 14 bytes, Stack size 0 bytes, dunder.o(i.__mathlib_dbl_divzero))
<BR><BR>[Called By]<UL><LI><a href="#[154]">&gt;&gt;</a>&nbsp;&nbsp;&nbsp;__hardfp_pow
</UL>

<P><STRONG><a name="[168]"></a>__mathlib_dbl_infnan2</STRONG> (Thumb, 6 bytes, Stack size 0 bytes, dunder.o(i.__mathlib_dbl_infnan2))
<BR><BR>[Called By]<UL><LI><a href="#[154]">&gt;&gt;</a>&nbsp;&nbsp;&nbsp;__hardfp_pow
</UL>

<P><STRONG><a name="[16d]"></a>__mathlib_dbl_invalid</STRONG> (Thumb, 10 bytes, Stack size 0 bytes, dunder.o(i.__mathlib_dbl_invalid))
<BR><BR>[Called By]<UL><LI><a href="#[154]">&gt;&gt;</a>&nbsp;&nbsp;&nbsp;__hardfp_pow
</UL>

<P><STRONG><a name="[16a]"></a>__mathlib_dbl_overflow</STRONG> (Thumb, 10 bytes, Stack size 0 bytes, dunder.o(i.__mathlib_dbl_overflow))
<BR><BR>[Called By]<UL><LI><a href="#[154]">&gt;&gt;</a>&nbsp;&nbsp;&nbsp;__hardfp_pow
</UL>

<P><STRONG><a name="[16e]"></a>__mathlib_dbl_underflow</STRONG> (Thumb, 10 bytes, Stack size 0 bytes, dunder.o(i.__mathlib_dbl_underflow))
<BR><BR>[Called By]<UL><LI><a href="#[154]">&gt;&gt;</a>&nbsp;&nbsp;&nbsp;__hardfp_pow
</UL>

<P><STRONG><a name="[16c]"></a>fabs</STRONG> (Thumb, 24 bytes, Stack size 8 bytes, fabs.o(i.fabs))
<BR><BR>[Stack]<UL><LI>Max Depth = 8<LI>Call Chain = fabs
</UL>
<BR>[Called By]<UL><LI><a href="#[154]">&gt;&gt;</a>&nbsp;&nbsp;&nbsp;__hardfp_pow
</UL>

<P><STRONG><a name="[16b]"></a>sqrt</STRONG> (Thumb, 106 bytes, Stack size 24 bytes, sqrt.o(i.sqrt))
<BR><BR>[Stack]<UL><LI>Max Depth = 32<LI>Call Chain = sqrt &rArr; __set_errno
</UL>
<BR>[Calls]<UL><LI><a href="#[f1]">&gt;&gt;</a>&nbsp;&nbsp;&nbsp;__set_errno
</UL>
<BR>[Called By]<UL><LI><a href="#[154]">&gt;&gt;</a>&nbsp;&nbsp;&nbsp;__hardfp_pow
</UL>

<P><STRONG><a name="[172]"></a>__fpl_dcheck_NaN1</STRONG> (Thumb, 10 bytes, Stack size 0 bytes, dcheck1.o(x$fpl$dcheck1))
<BR><BR>[Calls]<UL><LI><a href="#[173]">&gt;&gt;</a>&nbsp;&nbsp;&nbsp;__fpl_return_NaN
</UL>
<BR>[Called By]<UL><LI><a href="#[170]">&gt;&gt;</a>&nbsp;&nbsp;&nbsp;__ARM_scalbn
</UL>

<P><STRONG><a name="[156]"></a>__aeabi_l2d</STRONG> (Thumb, 0 bytes, Stack size 8 bytes, dfltll_clz.o(x$fpl$dfltll))
<BR><BR>[Stack]<UL><LI>Max Depth = 8<LI>Call Chain = __aeabi_l2d
</UL>
<BR>[Called By]<UL><LI><a href="#[111]">&gt;&gt;</a>&nbsp;&nbsp;&nbsp;StrFormatPrintf
</UL>

<P><STRONG><a name="[1ac]"></a>_ll_sto_d</STRONG> (Thumb, 162 bytes, Stack size 8 bytes, dfltll_clz.o(x$fpl$dfltll), UNUSED)

<P><STRONG><a name="[175]"></a>__fpl_dnaninf</STRONG> (Thumb, 156 bytes, Stack size 16 bytes, dnaninf.o(x$fpl$dnaninf), UNUSED)
<BR><BR>[Called By]<UL><LI><a href="#[174]">&gt;&gt;</a>&nbsp;&nbsp;&nbsp;_ll_sfrom_d
</UL>

<P><STRONG><a name="[e3]"></a>_fp_init</STRONG> (Thumb, 26 bytes, Stack size 0 bytes, fpinit.o(x$fpl$fpinit))
<BR><BR>[Called By]<UL><LI><a href="#[e2]">&gt;&gt;</a>&nbsp;&nbsp;&nbsp;__rt_lib_init_fp_1
</UL>

<P><STRONG><a name="[1ad]"></a>__fplib_config_fpu_vfp</STRONG> (Thumb, 0 bytes, Stack size unknown bytes, fpinit.o(x$fpl$fpinit), UNUSED)

<P><STRONG><a name="[1ae]"></a>__fplib_config_pureend_doubles</STRONG> (Thumb, 0 bytes, Stack size unknown bytes, fpinit.o(x$fpl$fpinit), UNUSED)

<P><STRONG><a name="[155]"></a>__aeabi_d2lz</STRONG> (Thumb, 0 bytes, Stack size 32 bytes, dfixll.o(x$fpl$llsfromd))
<BR><BR>[Stack]<UL><LI>Max Depth = 32<LI>Call Chain = __aeabi_d2lz
</UL>
<BR>[Called By]<UL><LI><a href="#[111]">&gt;&gt;</a>&nbsp;&nbsp;&nbsp;StrFormatPrintf
</UL>

<P><STRONG><a name="[174]"></a>_ll_sfrom_d</STRONG> (Thumb, 194 bytes, Stack size 32 bytes, dfixll.o(x$fpl$llsfromd), UNUSED)
<BR><BR>[Calls]<UL><LI><a href="#[175]">&gt;&gt;</a>&nbsp;&nbsp;&nbsp;__fpl_dnaninf
</UL>

<P><STRONG><a name="[173]"></a>__fpl_return_NaN</STRONG> (Thumb, 100 bytes, Stack size 0 bytes, retnan.o(x$fpl$retnan))
<BR><BR>[Calls]<UL><LI><a href="#[176]">&gt;&gt;</a>&nbsp;&nbsp;&nbsp;__fpl_cmpreturn
</UL>
<BR>[Called By]<UL><LI><a href="#[172]">&gt;&gt;</a>&nbsp;&nbsp;&nbsp;__fpl_dcheck_NaN1
</UL>

<P><STRONG><a name="[170]"></a>__ARM_scalbn</STRONG> (Thumb, 92 bytes, Stack size 0 bytes, scalbn.o(x$fpl$scalbn))
<BR><BR>[Calls]<UL><LI><a href="#[172]">&gt;&gt;</a>&nbsp;&nbsp;&nbsp;__fpl_dcheck_NaN1
</UL>
<BR>[Called By]<UL><LI><a href="#[154]">&gt;&gt;</a>&nbsp;&nbsp;&nbsp;__hardfp_pow
</UL>

<P><STRONG><a name="[176]"></a>__fpl_cmpreturn</STRONG> (Thumb, 48 bytes, Stack size 0 bytes, trapv.o(x$fpl$trapveneer))
<BR><BR>[Called By]<UL><LI><a href="#[173]">&gt;&gt;</a>&nbsp;&nbsp;&nbsp;__fpl_return_NaN
</UL>
<P>
<H3>
Local Symbols
</H3>
<P><STRONG><a name="[df]"></a>CLOCK_SetDiv</STRONG> (Thumb, 76 bytes, Stack size 8 bytes, clock_config.o(.text.CLOCK_SetDiv))
<BR><BR>[Stack]<UL><LI>Max Depth = 600<LI>Call Chain = CLOCK_SetDiv &rArr; __aeabi_assert &rArr; DbgConsole_Printf &rArr; StrFormatPrintf &rArr; __hardfp_pow &rArr; sqrt &rArr; __set_errno
</UL>
<BR>[Calls]<UL><LI><a href="#[101]">&gt;&gt;</a>&nbsp;&nbsp;&nbsp;__aeabi_assert
</UL>
<BR>[Address Reference Count : 1]<UL><LI> clock_config.o(.text.BOARD_BootClockRUN)
</UL>
<P><STRONG><a name="[e0]"></a>CLOCK_SetMux</STRONG> (Thumb, 92 bytes, Stack size 8 bytes, clock_config.o(.text.CLOCK_SetMux))
<BR><BR>[Stack]<UL><LI>Max Depth = 600<LI>Call Chain = CLOCK_SetMux &rArr; __aeabi_assert &rArr; DbgConsole_Printf &rArr; StrFormatPrintf &rArr; __hardfp_pow &rArr; sqrt &rArr; __set_errno
</UL>
<BR>[Calls]<UL><LI><a href="#[101]">&gt;&gt;</a>&nbsp;&nbsp;&nbsp;__aeabi_assert
</UL>
<BR>[Called By]<UL><LI><a href="#[f3]">&gt;&gt;</a>&nbsp;&nbsp;&nbsp;BOARD_BootClockRUN
</UL>
<BR>[Address Reference Count : 1]<UL><LI> clock_config.o(.text.BOARD_BootClockRUN)
</UL>
<P><STRONG><a name="[105]"></a>CSI_TransferLoadBufferToDevice</STRONG> (Thumb, 48 bytes, Stack size 8 bytes, fsl_csi.o(.text.CSI_TransferLoadBufferToDevice))
<BR><BR>[Stack]<UL><LI>Max Depth = 8<LI>Call Chain = CSI_TransferLoadBufferToDevice
</UL>
<BR>[Called By]<UL><LI><a href="#[104]">&gt;&gt;</a>&nbsp;&nbsp;&nbsp;CSI_TransferHandleIRQ
</UL>

<P><STRONG><a name="[121]"></a>FLEXCAN_DisableMbInterrupts</STRONG> (Thumb, 14 bytes, Stack size 0 bytes, fsl_flexcan.o(.text.FLEXCAN_DisableMbInterrupts))
<BR><BR>[Called By]<UL><LI><a href="#[125]">&gt;&gt;</a>&nbsp;&nbsp;&nbsp;FLEXCAN_TransferFDAbortSend
<LI><a href="#[124]">&gt;&gt;</a>&nbsp;&nbsp;&nbsp;FLEXCAN_TransferFDAbortReceive
<LI><a href="#[123]">&gt;&gt;</a>&nbsp;&nbsp;&nbsp;FLEXCAN_TransferAbortSend
<LI><a href="#[11f]">&gt;&gt;</a>&nbsp;&nbsp;&nbsp;FLEXCAN_TransferAbortReceive
</UL>

<P><STRONG><a name="[11a]"></a>FLEXCAN_GetFDMailboxOffset</STRONG> (Thumb, 96 bytes, Stack size 0 bytes, fsl_flexcan.o(.text.FLEXCAN_GetFDMailboxOffset))
<BR><BR>[Called By]<UL><LI><a href="#[11d]">&gt;&gt;</a>&nbsp;&nbsp;&nbsp;FLEXCAN_SetFDTxMbConfig
<LI><a href="#[118]">&gt;&gt;</a>&nbsp;&nbsp;&nbsp;FLEXCAN_ReadFDRxMb
</UL>

<P><STRONG><a name="[119]"></a>FLEXCAN_IsMbOccupied</STRONG> (Thumb, 32 bytes, Stack size 0 bytes, fsl_flexcan.o(.text.FLEXCAN_IsMbOccupied))
<BR><BR>[Called By]<UL><LI><a href="#[125]">&gt;&gt;</a>&nbsp;&nbsp;&nbsp;FLEXCAN_TransferFDAbortSend
<LI><a href="#[124]">&gt;&gt;</a>&nbsp;&nbsp;&nbsp;FLEXCAN_TransferFDAbortReceive
<LI><a href="#[123]">&gt;&gt;</a>&nbsp;&nbsp;&nbsp;FLEXCAN_TransferAbortSend
<LI><a href="#[11f]">&gt;&gt;</a>&nbsp;&nbsp;&nbsp;FLEXCAN_TransferAbortReceive
<LI><a href="#[11e]">&gt;&gt;</a>&nbsp;&nbsp;&nbsp;FLEXCAN_SetTxMbConfig
<LI><a href="#[11d]">&gt;&gt;</a>&nbsp;&nbsp;&nbsp;FLEXCAN_SetFDTxMbConfig
<LI><a href="#[11c]">&gt;&gt;</a>&nbsp;&nbsp;&nbsp;FLEXCAN_ReadRxMb
<LI><a href="#[118]">&gt;&gt;</a>&nbsp;&nbsp;&nbsp;FLEXCAN_ReadFDRxMb
</UL>

<P><STRONG><a name="[131]"></a>LPI2C_CommonIRQHandler</STRONG> (Thumb, 68 bytes, Stack size 16 bytes, fsl_lpi2c.o(.text.LPI2C_CommonIRQHandler))
<BR><BR>[Stack]<UL><LI>Max Depth = 648<LI>Call Chain = LPI2C_CommonIRQHandler &rArr; LPI2C_MasterTransferHandleIRQ &rArr; __aeabi_assert &rArr; DbgConsole_Printf &rArr; StrFormatPrintf &rArr; __hardfp_pow &rArr; sqrt &rArr; __set_errno
</UL>
<BR>[Calls]<UL><LI><a href="#[133]">&gt;&gt;</a>&nbsp;&nbsp;&nbsp;LPI2C_SlaveTransferHandleIRQ
<LI><a href="#[132]">&gt;&gt;</a>&nbsp;&nbsp;&nbsp;LPI2C_MasterTransferHandleIRQ
</UL>
<BR>[Called By]<UL><LI><a href="#[c7]">&gt;&gt;</a>&nbsp;&nbsp;&nbsp;LPI2C4_DriverIRQHandler
<LI><a href="#[c6]">&gt;&gt;</a>&nbsp;&nbsp;&nbsp;LPI2C3_DriverIRQHandler
<LI><a href="#[c5]">&gt;&gt;</a>&nbsp;&nbsp;&nbsp;LPI2C2_DriverIRQHandler
<LI><a href="#[c4]">&gt;&gt;</a>&nbsp;&nbsp;&nbsp;LPI2C1_DriverIRQHandler
</UL>

<P><STRONG><a name="[135]"></a>LPI2C_SlaveCheckAndClearError</STRONG> (Thumb, 56 bytes, Stack size 0 bytes, fsl_lpi2c.o(.text.LPI2C_SlaveCheckAndClearError))
<BR><BR>[Stack]<UL><LI>Max Depth = 592<LI>Call Chain = LPI2C_SlaveCheckAndClearError &rArr; __aeabi_assert &rArr; DbgConsole_Printf &rArr; StrFormatPrintf &rArr; __hardfp_pow &rArr; sqrt &rArr; __set_errno
</UL>
<BR>[Calls]<UL><LI><a href="#[101]">&gt;&gt;</a>&nbsp;&nbsp;&nbsp;__aeabi_assert
</UL>
<BR>[Called By]<UL><LI><a href="#[133]">&gt;&gt;</a>&nbsp;&nbsp;&nbsp;LPI2C_SlaveTransferHandleIRQ
</UL>

<P><STRONG><a name="[137]"></a>LPSPI_CombineWriteData</STRONG> (Thumb, 156 bytes, Stack size 0 bytes, fsl_lpspi.o(.text.LPSPI_CombineWriteData))
<BR><BR>[Stack]<UL><LI>Max Depth = 592<LI>Call Chain = LPSPI_CombineWriteData &rArr; __aeabi_assert &rArr; DbgConsole_Printf &rArr; StrFormatPrintf &rArr; __hardfp_pow &rArr; sqrt &rArr; __set_errno
</UL>
<BR>[Calls]<UL><LI><a href="#[101]">&gt;&gt;</a>&nbsp;&nbsp;&nbsp;__aeabi_assert
</UL>
<BR>[Called By]<UL><LI><a href="#[138]">&gt;&gt;</a>&nbsp;&nbsp;&nbsp;LPSPI_SlaveTransferHandleIRQ
<LI><a href="#[13e]">&gt;&gt;</a>&nbsp;&nbsp;&nbsp;LPSPI_SlaveTransferFillUpTxFifo
<LI><a href="#[13b]">&gt;&gt;</a>&nbsp;&nbsp;&nbsp;LPSPI_MasterTransferFillUpTxFifo
</UL>

<P><STRONG><a name="[136]"></a>LPSPI_CommonIRQHandler</STRONG> (Thumb, 14 bytes, Stack size 0 bytes, fsl_lpspi.o(.text.LPSPI_CommonIRQHandler))
<BR><BR>[Stack]<UL><LI>Max Depth = 624<LI>Call Chain = LPSPI_CommonIRQHandler &rArr; LPSPI_SlaveTransferHandleIRQ &rArr; LPSPI_SlaveTransferFillUpTxFifo &rArr; __aeabi_assert &rArr; DbgConsole_Printf &rArr; StrFormatPrintf &rArr; __hardfp_pow &rArr; sqrt &rArr; __set_errno
</UL>
<BR>[Calls]<UL><LI><a href="#[138]">&gt;&gt;</a>&nbsp;&nbsp;&nbsp;LPSPI_SlaveTransferHandleIRQ
<LI><a href="#[139]">&gt;&gt;</a>&nbsp;&nbsp;&nbsp;LPSPI_MasterTransferHandleIRQ
</UL>
<BR>[Called By]<UL><LI><a href="#[cb]">&gt;&gt;</a>&nbsp;&nbsp;&nbsp;LPSPI4_DriverIRQHandler
<LI><a href="#[ca]">&gt;&gt;</a>&nbsp;&nbsp;&nbsp;LPSPI3_DriverIRQHandler
<LI><a href="#[c9]">&gt;&gt;</a>&nbsp;&nbsp;&nbsp;LPSPI2_DriverIRQHandler
<LI><a href="#[c8]">&gt;&gt;</a>&nbsp;&nbsp;&nbsp;LPSPI1_DriverIRQHandler
</UL>

<P><STRONG><a name="[13a]"></a>LPSPI_MasterTransferComplete</STRONG> (Thumb, 48 bytes, Stack size 0 bytes, fsl_lpspi.o(.text.LPSPI_MasterTransferComplete))
<BR><BR>[Stack]<UL><LI>Max Depth = 592<LI>Call Chain = LPSPI_MasterTransferComplete &rArr; __aeabi_assert &rArr; DbgConsole_Printf &rArr; StrFormatPrintf &rArr; __hardfp_pow &rArr; sqrt &rArr; __set_errno
</UL>
<BR>[Calls]<UL><LI><a href="#[101]">&gt;&gt;</a>&nbsp;&nbsp;&nbsp;__aeabi_assert
</UL>
<BR>[Called By]<UL><LI><a href="#[139]">&gt;&gt;</a>&nbsp;&nbsp;&nbsp;LPSPI_MasterTransferHandleIRQ
</UL>

<P><STRONG><a name="[13b]"></a>LPSPI_MasterTransferFillUpTxFifo</STRONG> (Thumb, 144 bytes, Stack size 16 bytes, fsl_lpspi.o(.text.LPSPI_MasterTransferFillUpTxFifo))
<BR><BR>[Stack]<UL><LI>Max Depth = 608<LI>Call Chain = LPSPI_MasterTransferFillUpTxFifo &rArr; __aeabi_assert &rArr; DbgConsole_Printf &rArr; StrFormatPrintf &rArr; __hardfp_pow &rArr; sqrt &rArr; __set_errno
</UL>
<BR>[Calls]<UL><LI><a href="#[101]">&gt;&gt;</a>&nbsp;&nbsp;&nbsp;__aeabi_assert
<LI><a href="#[137]">&gt;&gt;</a>&nbsp;&nbsp;&nbsp;LPSPI_CombineWriteData
</UL>
<BR>[Called By]<UL><LI><a href="#[139]">&gt;&gt;</a>&nbsp;&nbsp;&nbsp;LPSPI_MasterTransferHandleIRQ
</UL>

<P><STRONG><a name="[13c]"></a>LPSPI_SeparateReadData</STRONG> (Thumb, 132 bytes, Stack size 8 bytes, fsl_lpspi.o(.text.LPSPI_SeparateReadData))
<BR><BR>[Stack]<UL><LI>Max Depth = 600<LI>Call Chain = LPSPI_SeparateReadData &rArr; __aeabi_assert &rArr; DbgConsole_Printf &rArr; StrFormatPrintf &rArr; __hardfp_pow &rArr; sqrt &rArr; __set_errno
</UL>
<BR>[Calls]<UL><LI><a href="#[101]">&gt;&gt;</a>&nbsp;&nbsp;&nbsp;__aeabi_assert
</UL>
<BR>[Called By]<UL><LI><a href="#[138]">&gt;&gt;</a>&nbsp;&nbsp;&nbsp;LPSPI_SlaveTransferHandleIRQ
<LI><a href="#[139]">&gt;&gt;</a>&nbsp;&nbsp;&nbsp;LPSPI_MasterTransferHandleIRQ
</UL>

<P><STRONG><a name="[13d]"></a>LPSPI_SlaveTransferComplete</STRONG> (Thumb, 64 bytes, Stack size 0 bytes, fsl_lpspi.o(.text.LPSPI_SlaveTransferComplete))
<BR><BR>[Stack]<UL><LI>Max Depth = 592<LI>Call Chain = LPSPI_SlaveTransferComplete &rArr; __aeabi_assert &rArr; DbgConsole_Printf &rArr; StrFormatPrintf &rArr; __hardfp_pow &rArr; sqrt &rArr; __set_errno
</UL>
<BR>[Calls]<UL><LI><a href="#[101]">&gt;&gt;</a>&nbsp;&nbsp;&nbsp;__aeabi_assert
</UL>
<BR>[Called By]<UL><LI><a href="#[138]">&gt;&gt;</a>&nbsp;&nbsp;&nbsp;LPSPI_SlaveTransferHandleIRQ
</UL>

<P><STRONG><a name="[13e]"></a>LPSPI_SlaveTransferFillUpTxFifo</STRONG> (Thumb, 88 bytes, Stack size 16 bytes, fsl_lpspi.o(.text.LPSPI_SlaveTransferFillUpTxFifo))
<BR><BR>[Stack]<UL><LI>Max Depth = 608<LI>Call Chain = LPSPI_SlaveTransferFillUpTxFifo &rArr; __aeabi_assert &rArr; DbgConsole_Printf &rArr; StrFormatPrintf &rArr; __hardfp_pow &rArr; sqrt &rArr; __set_errno
</UL>
<BR>[Calls]<UL><LI><a href="#[101]">&gt;&gt;</a>&nbsp;&nbsp;&nbsp;__aeabi_assert
<LI><a href="#[137]">&gt;&gt;</a>&nbsp;&nbsp;&nbsp;LPSPI_CombineWriteData
</UL>
<BR>[Called By]<UL><LI><a href="#[138]">&gt;&gt;</a>&nbsp;&nbsp;&nbsp;LPSPI_SlaveTransferHandleIRQ
</UL>

<P><STRONG><a name="[102]"></a>CLOCK_ControlGate</STRONG> (Thumb, 124 bytes, Stack size 16 bytes, fsl_lpuart.o(.text.CLOCK_ControlGate))
<BR><BR>[Stack]<UL><LI>Max Depth = 608<LI>Call Chain = CLOCK_ControlGate &rArr; __aeabi_assert &rArr; DbgConsole_Printf &rArr; StrFormatPrintf &rArr; __hardfp_pow &rArr; sqrt &rArr; __set_errno
</UL>
<BR>[Calls]<UL><LI><a href="#[101]">&gt;&gt;</a>&nbsp;&nbsp;&nbsp;__aeabi_assert
</UL>
<BR>[Called By]<UL><LI><a href="#[12e]">&gt;&gt;</a>&nbsp;&nbsp;&nbsp;LPUART_Init
<LI><a href="#[140]">&gt;&gt;</a>&nbsp;&nbsp;&nbsp;LPUART_Deinit
</UL>

<P><STRONG><a name="[142]"></a>LPUART_ReadNonBlocking</STRONG> (Thumb, 60 bytes, Stack size 8 bytes, fsl_lpuart.o(.text.LPUART_ReadNonBlocking))
<BR><BR>[Stack]<UL><LI>Max Depth = 600<LI>Call Chain = LPUART_ReadNonBlocking &rArr; __aeabi_assert &rArr; DbgConsole_Printf &rArr; StrFormatPrintf &rArr; __hardfp_pow &rArr; sqrt &rArr; __set_errno
</UL>
<BR>[Calls]<UL><LI><a href="#[101]">&gt;&gt;</a>&nbsp;&nbsp;&nbsp;__aeabi_assert
</UL>
<BR>[Called By]<UL><LI><a href="#[13f]">&gt;&gt;</a>&nbsp;&nbsp;&nbsp;LPUART_TransferHandleIRQ
</UL>

<P><STRONG><a name="[146]"></a>LPUART_TransferIsRxRingBufferFull</STRONG> (Thumb, 40 bytes, Stack size 8 bytes, fsl_lpuart.o(.text.LPUART_TransferIsRxRingBufferFull))
<BR><BR>[Stack]<UL><LI>Max Depth = 600<LI>Call Chain = LPUART_TransferIsRxRingBufferFull &rArr; __aeabi_assert &rArr; DbgConsole_Printf &rArr; StrFormatPrintf &rArr; __hardfp_pow &rArr; sqrt &rArr; __set_errno
</UL>
<BR>[Calls]<UL><LI><a href="#[101]">&gt;&gt;</a>&nbsp;&nbsp;&nbsp;__aeabi_assert
<LI><a href="#[143]">&gt;&gt;</a>&nbsp;&nbsp;&nbsp;LPUART_TransferGetRxRingBufferLength
</UL>
<BR>[Called By]<UL><LI><a href="#[13f]">&gt;&gt;</a>&nbsp;&nbsp;&nbsp;LPUART_TransferHandleIRQ
</UL>

<P><STRONG><a name="[14b]"></a>SAI_ReadNonBlocking</STRONG> (Thumb, 90 bytes, Stack size 28 bytes, fsl_sai.o(.text.SAI_ReadNonBlocking))
<BR><BR>[Stack]<UL><LI>Max Depth = 28<LI>Call Chain = SAI_ReadNonBlocking
</UL>
<BR>[Called By]<UL><LI><a href="#[147]">&gt;&gt;</a>&nbsp;&nbsp;&nbsp;SAI_TransferRxHandleIRQ
</UL>

<P><STRONG><a name="[14c]"></a>SAI_WriteNonBlocking</STRONG> (Thumb, 94 bytes, Stack size 36 bytes, fsl_sai.o(.text.SAI_WriteNonBlocking))
<BR><BR>[Stack]<UL><LI>Max Depth = 36<LI>Call Chain = SAI_WriteNonBlocking
</UL>
<BR>[Called By]<UL><LI><a href="#[148]">&gt;&gt;</a>&nbsp;&nbsp;&nbsp;SAI_TransferTxHandleIRQ
</UL>

<P><STRONG><a name="[15e]"></a>USDHC_ReadDataPort</STRONG> (Thumb, 72 bytes, Stack size 16 bytes, fsl_usdhc.o(.text.USDHC_ReadDataPort))
<BR><BR>[Stack]<UL><LI>Max Depth = 16<LI>Call Chain = USDHC_ReadDataPort
</UL>
<BR>[Called By]<UL><LI><a href="#[15b]">&gt;&gt;</a>&nbsp;&nbsp;&nbsp;USDHC_TransferHandleIRQ
</UL>

<P><STRONG><a name="[15c]"></a>USDHC_ReceiveCommandResponse</STRONG> (Thumb, 96 bytes, Stack size 16 bytes, fsl_usdhc.o(.text.USDHC_ReceiveCommandResponse))
<BR><BR>[Stack]<UL><LI>Max Depth = 16<LI>Call Chain = USDHC_ReceiveCommandResponse
</UL>
<BR>[Called By]<UL><LI><a href="#[15b]">&gt;&gt;</a>&nbsp;&nbsp;&nbsp;USDHC_TransferHandleIRQ
</UL>

<P><STRONG><a name="[15d]"></a>USDHC_WriteDataPort</STRONG> (Thumb, 74 bytes, Stack size 16 bytes, fsl_usdhc.o(.text.USDHC_WriteDataPort))
<BR><BR>[Stack]<UL><LI>Max Depth = 16<LI>Call Chain = USDHC_WriteDataPort
</UL>
<BR>[Called By]<UL><LI><a href="#[15b]">&gt;&gt;</a>&nbsp;&nbsp;&nbsp;USDHC_TransferHandleIRQ
</UL>

<P><STRONG><a name="[12a]"></a>SDMMCHOST_NofiyCardInsertStatus</STRONG> (Thumb, 44 bytes, Stack size 0 bytes, fsl_sdmmc_host.o(.text.SDMMCHOST_NofiyCardInsertStatus))
<BR><BR>[Called By]<UL><LI><a href="#[5e]">&gt;&gt;</a>&nbsp;&nbsp;&nbsp;GPIO3_Combined_0_15_IRQHandler
</UL>

<P><STRONG><a name="[166]"></a>IOMUXC_SetPinMux</STRONG> (Thumb, 20 bytes, Stack size 8 bytes, zf_iomuxc.o(.text.IOMUXC_SetPinMux))
<BR><BR>[Stack]<UL><LI>Max Depth = 8<LI>Call Chain = IOMUXC_SetPinMux
</UL>
<BR>[Called By]<UL><LI><a href="#[165]">&gt;&gt;</a>&nbsp;&nbsp;&nbsp;iomuxc_pinconf
</UL>

<P><STRONG><a name="[15a]"></a>USB_DeviceControl</STRONG> (Thumb, 20 bytes, Stack size 0 bytes, usb_device_dci.o(.text.USB_DeviceControl))
<BR><BR>[Called By]<UL><LI><a href="#[158]">&gt;&gt;</a>&nbsp;&nbsp;&nbsp;USB_DeviceNotificationTrigger
</UL>

<P><STRONG><a name="[157]"></a>USB_DeviceEhciCancelControlPipe</STRONG> (Thumb, 196 bytes, Stack size 48 bytes, usb_device_ehci.o(.text.USB_DeviceEhciCancelControlPipe))
<BR><BR>[Stack]<UL><LI>Max Depth = 80<LI>Call Chain = USB_DeviceEhciCancelControlPipe &rArr; USB_DeviceNotificationTrigger
</UL>
<BR>[Calls]<UL><LI><a href="#[158]">&gt;&gt;</a>&nbsp;&nbsp;&nbsp;USB_DeviceNotificationTrigger
</UL>
<BR>[Called By]<UL><LI><a href="#[159]">&gt;&gt;</a>&nbsp;&nbsp;&nbsp;USB_DeviceEhciIsrFunction
</UL>

<P><STRONG><a name="[e1]"></a>DbgConsole_PrintCallback</STRONG> (Thumb, 54 bytes, Stack size 24 bytes, fsl_debug_console.o(.text.DbgConsole_PrintCallback))
<BR><BR>[Stack]<UL><LI>Max Depth = 40<LI>Call Chain = DbgConsole_PrintCallback &rArr; DbgConsole_SendData &rArr;  __aeabi_assert (Cycle)
</UL>
<BR>[Calls]<UL><LI><a href="#[10f]">&gt;&gt;</a>&nbsp;&nbsp;&nbsp;DbgConsole_SendData
</UL>
<BR>[Address Reference Count : 1]<UL><LI> fsl_debug_console.o(.text.DbgConsole_Printf)
</UL>
<P><STRONG><a name="[107]"></a>ConvertRadixNumToString</STRONG> (Thumb, 202 bytes, Stack size 32 bytes, fsl_str.o(.text.ConvertRadixNumToString))
<BR><BR>[Stack]<UL><LI>Max Depth = 80<LI>Call Chain = ConvertRadixNumToString &rArr; __aeabi_uldivmod
</UL>
<BR>[Calls]<UL><LI><a href="#[108]">&gt;&gt;</a>&nbsp;&nbsp;&nbsp;__aeabi_ldivmod
<LI><a href="#[ee]">&gt;&gt;</a>&nbsp;&nbsp;&nbsp;__aeabi_uldivmod
</UL>
<BR>[Called By]<UL><LI><a href="#[111]">&gt;&gt;</a>&nbsp;&nbsp;&nbsp;StrFormatPrintf
</UL>
<P>
<H3>
Undefined Global Symbols
</H3><HR></body></html>
