<html>
<body>
<pre>
<h1>µVision Build Log</h1>
<h2>Tool Versions:</h2>
IDE-Version: ¦ÌVision V5.29.0.0
Copyright (C) 2019 ARM Ltd and ARM Germany GmbH. All rights reserved.
License Information: light pan, zucc, LIC=KIVNB-2K960-INFA7-E52HF-D5AIK-EBTBV
 
Tool Versions:
Toolchain:       MDK-ARM Professional  Version: 5.29.0.0
Toolchain Path:  C:\Keil_v5\ARM\ARMCLANG\Bin
C Compiler:      ArmClang.exe V6.13.1
Assembler:       Armasm.exe V6.13.1
Linker/Locator:  ArmLink.exe V6.13.1
Library Manager: ArmAr.exe V6.13.1
Hex Converter:   FromElf.exe V6.13.1
CPU DLL:         SARMCM3.DLL V5.29.0.0
Dialog DLL:      DCM.DLL V1.17.3.0
Target DLL:      CMSIS_AGDI.dll V1.32.0.0
Dialog DLL:      TCM.DLL V1.36.5.0
 
<h2>Project:</h2>
C:\Users\pan39\Desktop\Singlechip\Seekfree_RT1064_Opensource_Library\Project\MDK\RT106X.uvprojx
Project File Date:  02/25/2020

<h2>Output:</h2>
*** Using Compiler 'V6.13.1', folder: 'C:\Keil_v5\ARM\ARMCLANG\Bin'
Rebuild target 'nor_sdram_zf_dtcm'
compiling pin_mux.c...
compiling clock_config.c...
compiling board.c...
compiling generic_list.c...
compiling serial_manager.c...
compiling serial_port_uart.c...
compiling lpuart_adapter.c...
compiling system_MIMXRT1064.c...
compiling fsl_adc.c...
compiling fsl_adc_etc.c...
compiling fsl_aipstz.c...
compiling fsl_aoi.c...
compiling fsl_cache.c...
compiling fsl_bee.c...
compiling fsl_clock.c...
compiling fsl_cmp.c...
compiling fsl_common.c...
compiling fsl_csi.c...
compiling fsl_dcdc.c...
compiling fsl_dcp.c...
compiling fsl_dmamux.c...
compiling fsl_elcdif.c...
compiling fsl_edma.c...
compiling fsl_enc.c...
compiling fsl_enet.c...
compiling fsl_ewm.c...
compiling fsl_flexio_camera.c...
compiling fsl_flexcan.c...
compiling fsl_flexio.c...
compiling fsl_flexio_i2s.c...
compiling fsl_flexio_i2c_master.c...
compiling fsl_flexio_i2s_edma.c...
compiling fsl_flexio_spi_edma.c...
compiling fsl_flexio_spi.c...
compiling fsl_flexio_uart.c...
compiling fsl_flexio_uart_edma.c...
compiling fsl_flexram.c...
compiling fsl_gpio.c...
compiling fsl_flexspi.c...
compiling fsl_gpc.c...
compiling fsl_kpp.c...
compiling fsl_gpt.c...
compiling fsl_lpi2c.c...
compiling fsl_lpi2c_edma.c...
compiling fsl_lpspi.c...
compiling fsl_lpspi_edma.c...
compiling fsl_lpuart.c...
compiling fsl_lpuart_edma.c...
compiling fsl_pit.c...
compiling fsl_pmu.c...
compiling fsl_pwm.c...
compiling fsl_qtmr.c...
compiling fsl_pxp.c...
compiling fsl_rtwdog.c...
compiling fsl_sai_edma.c...
compiling fsl_sai.c...
compiling fsl_semc.c...
compiling fsl_snvs_hp.c...
compiling fsl_snvs_lp.c...
compiling fsl_spdif.c...
compiling fsl_spdif_edma.c...
compiling fsl_src.c...
compiling fsl_tempmon.c...
compiling fsl_tsc.c...
compiling fsl_trng.c...
compiling fsl_wdog.c...
compiling fsl_xbara.c...
../../Libraries/nxp_libraries/drives/fsl_usdhc.c(35): warning: unknown attribute 'zero_init' ignored [-Wunknown-attributes]
AT_NONCACHEABLE_SECTION_ALIGN(uint32_t s_usdhcBootDummy, USDHC_ADMA2_ADDRESS_ALIGN);
^
../../Libraries/nxp_libraries/drives/fsl_common.h(301): note: expanded from macro 'AT_NONCACHEABLE_SECTION_ALIGN'
    __attribute__((section("NonCacheable"), zero_init)) __attribute__((aligned(alignbytes))) var
                                            ^
1 warning generated.
compiling fsl_usdhc.c...
compiling fsl_xbarb.c...
compiling fsl_ocotp.c...
compiling diskio.c...
compiling ffsystem.c...
compiling ffunicode.c...
compiling ff.c...
compiling fsl_sd_disk.c...
compiling fsl_sdmmc_event.c...
../../Libraries/nxp_libraries/middleware/sdmmc/port/usdhc/interrupt/fsl_sdmmc_host.c(82): warning: unknown attribute 'zero_init' ignored [-Wunknown-attributes]
AT_NONCACHEABLE_SECTION_ALIGN(uint32_t g_usdhcAdma2Table[USDHC_ADMA_TABLE_WORDS], USDHC_ADMA2_ADDR_ALIGN);
^
../../Libraries/nxp_libraries/drives/fsl_common.h(301): note: expanded from macro 'AT_NONCACHEABLE_SECTION_ALIGN'
    __attribute__((section("NonCacheable"), zero_init)) __attribute__((aligned(alignbytes))) var
                                            ^
1 warning generated.
compiling fsl_sdmmc_host.c...
compiling fsl_sd.c...
compiling fsl_mmc.c...
compiling fsl_sdmmc_common.c...
compiling fsl_sdio.c...
compiling zf_adc.c...
compiling zf_csi.c...
compiling zf_camera.c...
compiling zf_flash.c...
compiling zf_gpio.c...
compiling zf_iic.c...
compiling zf_iomuxc.c...
compiling zf_pwm.c...
compiling zf_pit.c...
compiling zf_qtimer.c...
compiling zf_rom_api.c...
compiling zf_spi.c...
compiling zf_systick.c...
compiling zf_vector.c...
compiling zf_uart.c...
compiling common.c...
compiling SEEKFREE_PRINTF.c...
compiling zf_usb_cdc.c...
compiling zf_sdcard.c...
compiling SEEKFREE_18TFT.c...
compiling SEEKFREE_FUN.c...
compiling SEEKFREE_FONT.c...
compiling SEEKFREE_ICM20602.c...
compiling SEEKFREE_L3G4200D.c...
compiling SEEKFREE_IIC.c...
compiling SEEKFREE_MMA8451.c...
compiling SEEKFREE_MPU6050.c...
compiling SEEKFREE_NRF24L01.c...
compiling SEEKFREE_OLED.c...
compiling SEEKFREE_VIRSCO.c...
compiling SEEKFREE_WIRELESS.c...
compiling SEEKFREE_W25QXXJV.c...
compiling SEEKFREE_MT9V03X.c...
compiling SEEKFREE_MT9V03X_CSI.c...
../../Libraries/seekfree_peripheral/SEEKFREE_SCC8660.c(53): warning: unknown attribute 'zero_init' ignored [-Wunknown-attributes]
AT_DTCM_SECTION_ALIGN(uint16 scc8660_image[SCC8660_PIC_H][SCC8660_PIC_W],4);
^
../../Libraries/seekfree_libraries/common\common.h(150): note: expanded from macro 'AT_DTCM_SECTION_ALIGN'
            __attribute__((section("NonCacheable"), zero_init)) __attribute__((aligned(alignbytes))) var
                                                    ^
1 warning generated.
compiling SEEKFREE_SCC8660.c...
../../Libraries/seekfree_peripheral/SEEKFREE_SCC8660_CSI.c(54): warning: unknown attribute 'zero_init' ignored [-Wunknown-attributes]
AT_DTCM_SECTION_ALIGN(uint16 scc8660_csi1_image[SCC8660_CSI_PIC_H][SCC8660_CSI_PIC_W],64);
^
../../Libraries/seekfree_libraries/common\common.h(150): note: expanded from macro 'AT_DTCM_SECTION_ALIGN'
            __attribute__((section("NonCacheable"), zero_init)) __attribute__((aligned(alignbytes))) var
                                                    ^
../../Libraries/seekfree_peripheral/SEEKFREE_SCC8660_CSI.c(55): warning: unknown attribute 'zero_init' ignored [-Wunknown-attributes]
AT_DTCM_SECTION_ALIGN(uint16 scc8660_csi2_image[SCC8660_CSI_PIC_H][SCC8660_CSI_PIC_W],64);
^
../../Libraries/seekfree_libraries/common\common.h(150): note: expanded from macro 'AT_DTCM_SECTION_ALIGN'
            __attribute__((section("NonCacheable"), zero_init)) __attribute__((aligned(alignbytes))) var
                                                    ^
2 warnings generated.
compiling SEEKFREE_SCC8660_CSI.c...
compiling SEEKFREE_IPS114_SPI.c...
assembling startup_MIMXRT1064.s...
compiling SEEKFREE_IPS200_PARALLEL8.c...
../../Libraries/nxp_libraries/usb/osa/usb_osa_bm.c(65): warning: unknown attribute 'zero_init' ignored [-Wunknown-attributes]
USB_GLOBAL USB_RAM_ADDRESS_ALIGNMENT(USB_DATA_ALIGN_SIZE) static usb_osa_sem_struct_t
^
../../Libraries/nxp_libraries/usb/include/usb_misc.h(405): note: expanded from macro 'USB_GLOBAL'
#define USB_GLOBAL USB_LINK_USB_GLOBAL_BSS
                   ^
../../Libraries/nxp_libraries/usb/include/usb_misc.h(310): note: expanded from macro 'USB_LINK_USB_GLOBAL_BSS'
#define USB_LINK_USB_GLOBAL_BSS __attribute__((section(".bss.m_usb_global"))) __attribute__((zero_init))
                                                                                             ^
../../Libraries/nxp_libraries/usb/osa/usb_osa_bm.c(67): warning: unknown attribute 'zero_init' ignored [-Wunknown-attributes]
USB_GLOBAL USB_RAM_ADDRESS_ALIGNMENT(USB_DATA_ALIGN_SIZE) static usb_osa_event_struct_t
^
../../Libraries/nxp_libraries/usb/include/usb_misc.h(405): note: expanded from macro 'USB_GLOBAL'
#define USB_GLOBAL USB_LINK_USB_GLOBAL_BSS
                   ^
../../Libraries/nxp_libraries/usb/include/usb_misc.h(310): note: expanded from macro 'USB_LINK_USB_GLOBAL_BSS'
#define USB_LINK_USB_GLOBAL_BSS __attribute__((section(".bss.m_usb_global"))) __attribute__((zero_init))
                                                                                             ^
../../Libraries/nxp_libraries/usb/osa/usb_osa_bm.c(69): warning: unknown attribute 'zero_init' ignored [-Wunknown-attributes]
USB_GLOBAL USB_RAM_ADDRESS_ALIGNMENT(USB_DATA_ALIGN_SIZE) static usb_osa_msgq_struct_t
^
../../Libraries/nxp_libraries/usb/include/usb_misc.h(405): note: expanded from macro 'USB_GLOBAL'
#define USB_GLOBAL USB_LINK_USB_GLOBAL_BSS
                   ^
../../Libraries/nxp_libraries/usb/include/usb_misc.h(310): note: expanded from macro 'USB_LINK_USB_GLOBAL_BSS'
#define USB_LINK_USB_GLOBAL_BSS __attribute__((section(".bss.m_usb_global"))) __attribute__((zero_init))
                                                                                             ^
3 warnings generated.
compiling usb_osa_bm.c...
compiling usb_phy.c...
../../Libraries/nxp_libraries/usb/device/usb_device_cdc_acm.c(36): warning: unknown attribute 'zero_init' ignored [-Wunknown-attributes]
USB_GLOBAL USB_RAM_ADDRESS_ALIGNMENT(USB_DATA_ALIGN_SIZE)
^
../../Libraries/nxp_libraries/usb/include/usb_misc.h(405): note: expanded from macro 'USB_GLOBAL'
#define USB_GLOBAL USB_LINK_USB_GLOBAL_BSS
                   ^
../../Libraries/nxp_libraries/usb/include/usb_misc.h(310): note: expanded from macro 'USB_LINK_USB_GLOBAL_BSS'
#define USB_LINK_USB_GLOBAL_BSS __attribute__((section(".bss.m_usb_global"))) __attribute__((zero_init))
                                                                                             ^
1 warning generated.
compiling usb_device_cdc_acm.c...
compiling usb_device_ch9.c...
../../Libraries/nxp_libraries/usb/device/usb_device_class.c(114): warning: unknown attribute 'zero_init' ignored [-Wunknown-attributes]
USB_GLOBAL USB_RAM_ADDRESS_ALIGNMENT(USB_DATA_ALIGN_SIZE) static usb_device_common_class_struct_t
^
../../Libraries/nxp_libraries/usb/include/usb_misc.h(405): note: expanded from macro 'USB_GLOBAL'
#define USB_GLOBAL USB_LINK_USB_GLOBAL_BSS
                   ^
../../Libraries/nxp_libraries/usb/include/usb_misc.h(310): note: expanded from macro 'USB_LINK_USB_GLOBAL_BSS'
#define USB_LINK_USB_GLOBAL_BSS __attribute__((section(".bss.m_usb_global"))) __attribute__((zero_init))
                                                                                             ^
../../Libraries/nxp_libraries/usb/device/usb_device_class.c(116): warning: unknown attribute 'zero_init' ignored [-Wunknown-attributes]
USB_GLOBAL USB_RAM_ADDRESS_ALIGNMENT(USB_DATA_ALIGN_SIZE) static uint8_t
^
../../Libraries/nxp_libraries/usb/include/usb_misc.h(405): note: expanded from macro 'USB_GLOBAL'
#define USB_GLOBAL USB_LINK_USB_GLOBAL_BSS
                   ^
../../Libraries/nxp_libraries/usb/include/usb_misc.h(310): note: expanded from macro 'USB_LINK_USB_GLOBAL_BSS'
#define USB_LINK_USB_GLOBAL_BSS __attribute__((section(".bss.m_usb_global"))) __attribute__((zero_init))
                                                                                             ^
2 warnings generated.
compiling usb_device_class.c...
../../Libraries/nxp_libraries/usb/device/usb_device_dci.c(86): warning: unknown attribute 'zero_init' ignored [-Wunknown-attributes]
USB_GLOBAL static usb_device_struct_t s_UsbDevice[USB_DEVICE_CONFIG_NUM];
^
../../Libraries/nxp_libraries/usb/include/usb_misc.h(405): note: expanded from macro 'USB_GLOBAL'
#define USB_GLOBAL USB_LINK_USB_GLOBAL_BSS
                   ^
../../Libraries/nxp_libraries/usb/include/usb_misc.h(310): note: expanded from macro 'USB_LINK_USB_GLOBAL_BSS'
#define USB_LINK_USB_GLOBAL_BSS __attribute__((section(".bss.m_usb_global"))) __attribute__((zero_init))
                                                                                             ^
1 warning generated.
compiling usb_device_dci.c...
../../Libraries/nxp_libraries/usb/device/usb_device_descriptor.c(57): warning: expression does not compute the number of elements in this array; element type is 'usb_device_interface_struct_t' (aka 'struct _usb_device_interface_struct'), not 'usb_device_interfaces_struct_t' (aka 'struct _usb_device_interfaces_struct') [-Wsizeof-array-div]
     sizeof(g_UsbDeviceCdcVcomCommunicationInterface) / sizeof(usb_device_interfaces_struct_t)},
            ~~~~~~~~~~~~~~~~~~~~~~~~~~~~~~~~~~~~~~~~  ^
../../Libraries/nxp_libraries/usb/device/usb_device_descriptor.c(38): note: array 'g_UsbDeviceCdcVcomCommunicationInterface' declared here
usb_device_interface_struct_t g_UsbDeviceCdcVcomCommunicationInterface[] = {
                              ^
../../Libraries/nxp_libraries/usb/device/usb_device_descriptor.c(59): warning: expression does not compute the number of elements in this array; element type is 'usb_device_interface_struct_t' (aka 'struct _usb_device_interface_struct'), not 'usb_device_interfaces_struct_t' (aka 'struct _usb_device_interfaces_struct') [-Wsizeof-array-div]
     g_UsbDeviceCdcVcomDataInterface, sizeof(g_UsbDeviceCdcVcomDataInterface) / sizeof(usb_device_interfaces_struct_t)},
                                             ~~~~~~~~~~~~~~~~~~~~~~~~~~~~~~~  ^
../../Libraries/nxp_libraries/usb/device/usb_device_descriptor.c(46): note: array 'g_UsbDeviceCdcVcomDataInterface' declared here
usb_device_interface_struct_t g_UsbDeviceCdcVcomDataInterface[] = {
                              ^
2 warnings generated.
compiling usb_device_descriptor.c...
compiling usb_device_ehci.c...
compiling isr.c...
compiling main.c...
compiling fsl_assert.c...
compiling fsl_notifier.c...
compiling fsl_sbrk.c...
compiling fsl_shell.c...
compiling fsl_debug_console.c...
compiling fsl_str.c...
compiling evkmimxrt1064_sdram_ini_dcd.c...
compiling evkmimxrt1064_flexspi_nor_config.c...
compiling fsl_flexspi_nor_boot.c...
linking...
Program Size: Code=36572 RO-data=4196 RW-data=38484 ZI-data=29392  
".\Objects\RT106X.axf" - 0 Error(s), 14 Warning(s).

<h2>Software Packages used:</h2>

Package Vendor: NXP
                http://mcuxpresso.nxp.com/cmsis_pack/repo/NXP.MIMXRT1064_DFP.12.0.0.pack
                NXP.MIMXRT1064_DFP.12.0.0
                Device Family Pack for MIMXRT1064

<h2>Collection of Component include folders:</h2>
  .\RTE\_nor_sdram_zf_dtcm
  C:\Users\pan39\AppData\Local\Arm\Packs\NXP\MIMXRT1064_DFP\12.0.0

<h2>Collection of Component Files used:</h2>
Build Time Elapsed:  00:00:46
</pre>
</body>
</html>
