Component: ARM Compiler 6.12 Tool: armlink [5d624300]

==============================================================================

Section Cross References

    board.o(.text.BOARD_DebugConsoleSrcFreq) refers to fsl_clock.o(.text.CLOCK_GetPllFreq) for CLOCK_GetPllFreq
    board.o(.text.BOARD_DebugConsoleSrcFreq) refers to fsl_clock.o(.bss.g_xtalFreq) for g_xtalFreq
    board.o(.ARM.exidx.text.BOARD_DebugConsoleSrcFreq) refers to board.o(.text.BOARD_DebugConsoleSrcFreq) for [Anonymous Symbol]
    board.o(.text.BOARD_InitDebugConsole) refers to fsl_clock.o(.text.CLOCK_GetPllFreq) for CLOCK_GetPllFreq
    board.o(.text.BOARD_InitDebugConsole) refers to fsl_clock.o(.bss.g_xtalFreq) for g_xtalFreq
    board.o(.text.BOARD_InitDebugConsole) refers to fsl_debug_console.o(.text.DbgConsole_Init) for DbgConsole_Init
    board.o(.ARM.exidx.text.BOARD_InitDebugConsole) refers to board.o(.text.BOARD_InitDebugConsole) for [Anonymous Symbol]
    board.o(.ARM.exidx.text.BOARD_ConfigMPU) refers to board.o(.text.BOARD_ConfigMPU) for [Anonymous Symbol]
    board.o(.text.board_init) refers to board.o(.text.BOARD_ConfigMPU) for BOARD_ConfigMPU
    board.o(.text.board_init) refers to clock_config.o(.text.BOARD_BootClockRUN) for BOARD_BootClockRUN
    board.o(.text.board_init) refers to fsl_clock.o(.text.CLOCK_GetPllFreq) for CLOCK_GetPllFreq
    board.o(.text.board_init) refers to fsl_clock.o(.bss.g_xtalFreq) for g_xtalFreq
    board.o(.text.board_init) refers to fsl_debug_console.o(.text.DbgConsole_Init) for DbgConsole_Init
    board.o(.text.board_init) refers to zf_uart.o(.text.uart_init) for uart_init
    board.o(.ARM.exidx.text.board_init) refers to board.o(.text.board_init) for [Anonymous Symbol]
    board.o(.ARM.exidx.text.BOARD_SD_Pin_Config) refers to board.o(.text.BOARD_SD_Pin_Config) for [Anonymous Symbol]
    board.o(.ARM.exidx.text.BOARD_MMC_Pin_Config) refers to board.o(.text.BOARD_MMC_Pin_Config) for [Anonymous Symbol]
    clock_config.o(.text.BOARD_InitBootClocks) refers to clock_config.o(.text.BOARD_BootClockRUN) for BOARD_BootClockRUN
    clock_config.o(.ARM.exidx.text.BOARD_InitBootClocks) refers to clock_config.o(.text.BOARD_InitBootClocks) for [Anonymous Symbol]
    clock_config.o(.text.BOARD_BootClockRUN) refers to fsl_clock.o(.bss.g_rtcXtalFreq) for g_rtcXtalFreq
    clock_config.o(.text.BOARD_BootClockRUN) refers to fsl_clock.o(.bss.g_xtalFreq) for g_xtalFreq
    clock_config.o(.text.BOARD_BootClockRUN) refers to fsl_clock.o(.text.CLOCK_InitExternalClk) for CLOCK_InitExternalClk
    clock_config.o(.text.BOARD_BootClockRUN) refers to fsl_clock.o(.text.CLOCK_InitRcOsc24M) for CLOCK_InitRcOsc24M
    clock_config.o(.text.BOARD_BootClockRUN) refers to fsl_clock.o(.text.CLOCK_SwitchOsc) for CLOCK_SwitchOsc
    clock_config.o(.text.BOARD_BootClockRUN) refers to clock_config.o(.rodata.armPllConfig_BOARD_BootClockRUN) for armPllConfig_BOARD_BootClockRUN
    clock_config.o(.text.BOARD_BootClockRUN) refers to fsl_clock.o(.text.CLOCK_InitArmPll) for CLOCK_InitArmPll
    clock_config.o(.text.BOARD_BootClockRUN) refers to fsl_clock.o(.text.CLOCK_DeinitAudioPll) for CLOCK_DeinitAudioPll
    clock_config.o(.text.BOARD_BootClockRUN) refers to fsl_clock.o(.text.CLOCK_DeinitVideoPll) for CLOCK_DeinitVideoPll
    clock_config.o(.text.BOARD_BootClockRUN) refers to fsl_clock.o(.text.CLOCK_DeinitEnetPll) for CLOCK_DeinitEnetPll
    clock_config.o(.text.BOARD_BootClockRUN) refers to fsl_clock.o(.text.CLOCK_DeinitUsb2Pll) for CLOCK_DeinitUsb2Pll
    clock_config.o(.text.BOARD_BootClockRUN) refers to system_mimxrt1064.o(.data.SystemCoreClock) for SystemCoreClock
    clock_config.o(.ARM.exidx.text.BOARD_BootClockRUN) refers to clock_config.o(.text.BOARD_BootClockRUN) for [Anonymous Symbol]
    pin_mux.o(.ARM.exidx.text.BOARD_InitBootPins) refers to pin_mux.o(.text.BOARD_InitBootPins) for [Anonymous Symbol]
    pin_mux.o(.ARM.exidx.text.BOARD_InitPins) refers to pin_mux.o(.text.BOARD_InitPins) for [Anonymous Symbol]
    generic_list.o(.ARM.exidx.text.LIST_Init) refers to generic_list.o(.text.LIST_Init) for [Anonymous Symbol]
    generic_list.o(.ARM.exidx.text.LIST_GetList) refers to generic_list.o(.text.LIST_GetList) for [Anonymous Symbol]
    generic_list.o(.ARM.exidx.text.LIST_AddTail) refers to generic_list.o(.text.LIST_AddTail) for [Anonymous Symbol]
    generic_list.o(.ARM.exidx.text.LIST_AddHead) refers to generic_list.o(.text.LIST_AddHead) for [Anonymous Symbol]
    generic_list.o(.ARM.exidx.text.LIST_RemoveHead) refers to generic_list.o(.text.LIST_RemoveHead) for [Anonymous Symbol]
    generic_list.o(.ARM.exidx.text.LIST_GetHead) refers to generic_list.o(.text.LIST_GetHead) for [Anonymous Symbol]
    generic_list.o(.ARM.exidx.text.LIST_GetNext) refers to generic_list.o(.text.LIST_GetNext) for [Anonymous Symbol]
    generic_list.o(.ARM.exidx.text.LIST_GetPrev) refers to generic_list.o(.text.LIST_GetPrev) for [Anonymous Symbol]
[...]
    .L.str.12                                0x8000d247   Data          23  fsl_usdhc.o(.rodata.str1.1)
    .L.str.14                                0x8000d25e   Data           9  fsl_usdhc.o(.rodata.str1.1)
    .L.str.15                                0x8000d267   Data         115  fsl_usdhc.o(.rodata.str1.1)
    .L.str.18                                0x8000d2da   Data           9  fsl_usdhc.o(.rodata.str1.1)
    .L.str.21                                0x8000d2ea   Data          11  fsl_usdhc.o(.rodata.str1.1)
    .L.str.22                                0x8000d2f5   Data          49  fsl_usdhc.o(.rodata.str1.1)
    .L.str.23                                0x8000d326   Data          35  fsl_usdhc.o(.rodata.str1.1)

    Global Symbols

    Symbol Name                              Value     Ov Type        Size  Object(Section)

    BuildAttributes$$THM_ISAv4$E$P$D$K$B$S$7EM$VFPv5_D16$PE$PLD8$A:L22UL41UL21$X:L11$S22US41US21$IEEE1$IW$~IW$USESV6$~STKCKD$USESV7$~SHL$OTIME$ROPI$IEEEX$EBA8$UX$STANDARDLIB$REQ8$PRES8$EABIv2 0x00000000   Number         0  anon$$obj.o ABSOLUTE
    _printf_flags                            0x00000000   Number         0  printf_stubs.o ABSOLUTE
    _printf_return_value                     0x00000000   Number         0  printf_stubs.o ABSOLUTE
    _printf_sizespec                         0x00000000   Number         0  printf_stubs.o ABSOLUTE
    _printf_widthprec                        0x00000000   Number         0  printf_stubs.o ABSOLUTE
    Image$$ZI$$Limit                          - Undefined Weak Reference
    __ARM_exceptions_init                     - Undefined Weak Reference
    __alloca_initialize                       - Undefined Weak Reference
    __arm_preinit_                            - Undefined Weak Reference
    __cpp_initialize__aeabi_                  - Undefined Weak Reference
    __cxa_finalize                            - Undefined Weak Reference
    __sigvec_lookup                           - Undefined Weak Reference
    __user_heap_extent                        - Undefined Weak Reference
    _atexit_init                              - Undefined Weak Reference
    _call_atexit_fns                          - Undefined Weak Reference
    _clock_init                               - Undefined Weak Reference
    _fp_trap_init                             - Undefined Weak Reference
    _fp_trap_shutdown                         - Undefined Weak Reference
    _get_lc_collate                           - Undefined Weak Reference
    _get_lc_monetary                          - Undefined Weak Reference
    _get_lc_time                              - Undefined Weak Reference
    _getenv_init                              - Undefined Weak Reference
    _handle_redirection                       - Undefined Weak Reference
    _initio                                   - Undefined Weak Reference
    _mutex_acquire                            - Undefined Weak Reference
    _mutex_free                               - Undefined Weak Reference
    _mutex_release                            - Undefined Weak Reference
    _printf_post_padding                      - Undefined Weak Reference
    _printf_pre_padding                       - Undefined Weak Reference
    _printf_truncate_signed                   - Undefined Weak Reference
    _printf_truncate_unsigned                 - Undefined Weak Reference
    _rand_init                                - Undefined Weak Reference
    _signal_finish                            - Undefined Weak Reference
    _signal_init                              - Undefined Weak Reference
    _terminateio                              - Undefined Weak Reference
    __Vectors_Size                           0x00000400   Number         0  startup_mimxrt1064.o ABSOLUTE
    PORTPTR                                  0x20000000   Data          40  zf_gpio.o(.data.PORTPTR)
    SystemCoreClock                          0x20000028   Data           4  system_mimxrt1064.o(.data.SystemCoreClock)
    UARTN                                    0x2000002c   Data          36  zf_uart.o(.data.UARTN)
    __libspace_start                         0x20000050   Data          96  libspace.o(.bss)
    __temporary_stack_top$libspace           0x200000b0   Data           0  libspace.o(.bss)
    s_spdifHandle                            0x20000120   Data           8  fsl_spdif.o(.bss..L_MergedGlobals)
    edma_config                              0x20000138   Data           4  zf_camera.o(.bss..L_MergedGlobals)
    g_EDMA_Handle                            0x2000013c   Data          24  zf_camera.o(.bss..L_MergedGlobals)
    transferConfig                           0x20000154   Data          24  zf_camera.o(.bss..L_MergedGlobals)
    usb_cdc_com_open_flag                    0x20000188   Data           1  zf_usb_cdc.o(.bss..L_MergedGlobals)
    usb_cdc_com_first_flag                   0x20000189   Data           1  zf_usb_cdc.o(.bss..L_MergedGlobals)
    s_cdcVcom                                0x20000198   Data          16  zf_usb_cdc.o(.bss..L_MergedGlobals)
    g_serialHandle                           0x200001bc   Data           4  fsl_debug_console.o(.bss..L_MergedGlobals)
    s_usdhcBootDummy                         0x200001dc   Data           4  fsl_usdhc.o(.bss.NonCacheable)
    scc8660_image                            0x200001e0   Data       38400  seekfree_scc8660.o(.bss.NonCacheable)
    g_rtcXtalFreq                            0x200097e0   Data           4  fsl_clock.o(.bss.g_rtcXtalFreq)
    g_xtalFreq                               0x200097e4   Data           4  fsl_clock.o(.bss.g_xtalFreq)
    Image$$ARM_LIB_HEAP$$ZI$$Base            0x200098bc   Number         0  anon$$obj.o ABSOLUTE
    Image$$ARM_LIB_HEAP$$ZI$$Limit           0x20009cbc   Number         0  anon$$obj.o ABSOLUTE
    Image$$ARM_LIB_STACK$$ZI$$Limit          0x20070000   Number         0  anon$$obj.o ABSOLUTE
    Image$$RW_m_config_text$$Base            0x70000000   Number         0  anon$$obj.o ABSOLUTE
    qspiflash_config                         0x70000000   Data         512  evkmimxrt1064_flexspi_nor_config.o(.boot_hdr.conf)
    image_vector_table                       0x70001000   Data          32  fsl_flexspi_nor_boot.o(.boot_hdr.ivt)
    boot_data                                0x70001020   Data          16  fsl_flexspi_nor_boot.o(.boot_hdr.boot_data)
    dcd_data                                 0x70001030   Data        1072  evkmimxrt1064_sdram_ini_dcd.o(.boot_hdr.dcd_data)
    __Vectors                                0x70002000   Data           4  startup_mimxrt1064.o(RESET)
    __Vectors_End                            0x70002400   Data           0  startup_mimxrt1064.o(RESET)
    __main                                   0x70002401   Thumb Code     8  __main.o(!!!main)
    __scatterload                            0x70002409   Thumb Code     0  __scatter.o(!!!scatter)
    __scatterload_rt2                        0x70002409   Thumb Code    44  __scatter.o(!!!scatter)
    __scatterload_rt2_thumb_only             0x70002409   Thumb Code     0  __scatter.o(!!!scatter)
    __scatterload_null                       0x70002417   Thumb Code     0  __scatter.o(!!!scatter)
    __scatterload_copy                       0x7000243d   Thumb Code    26  __scatter_copy.o(!!handler_copy)
    __scatterload_zeroinit                   0x70002459   Thumb Code    28  __scatter_zi.o(!!handler_zi)
    Reset_Handler                            0x70002475   Thumb Code    76  startup_mimxrt1064.o(.text)
    DMA0_DMA16_IRQHandler                    0x700024d3   Thumb Code     4  startup_mimxrt1064.o(.text)
    DMA1_DMA17_IRQHandler                    0x700024d7   Thumb Code     4  startup_mimxrt1064.o(.text)
    DMA2_DMA18_IRQHandler                    0x700024db   Thumb Code     4  startup_mimxrt1064.o(.text)
    DMA3_DMA19_IRQHandler                    0x700024df   Thumb Code     4  startup_mimxrt1064.o(.text)
    DMA4_DMA20_IRQHandler                    0x700024e3   Thumb Code     4  startup_mimxrt1064.o(.text)
    DMA5_DMA21_IRQHandler                    0x700024e7   Thumb Code     4  startup_mimxrt1064.o(.text)
    DMA6_DMA22_IRQHandler                    0x700024eb   Thumb Code     4  startup_mimxrt1064.o(.text)
    DMA7_DMA23_IRQHandler                    0x700024ef   Thumb Code     4  startup_mimxrt1064.o(.text)
    DMA8_DMA24_IRQHandler                    0x700024f3   Thumb Code     4  startup_mimxrt1064.o(.text)
    DMA9_DMA25_IRQHandler                    0x700024f7   Thumb Code     4  startup_mimxrt1064.o(.text)
    DMA10_DMA26_IRQHandler                   0x700024fb   Thumb Code     4  startup_mimxrt1064.o(.text)
    DMA11_DMA27_IRQHandler                   0x700024ff   Thumb Code     4  startup_mimxrt1064.o(.text)
    DMA12_DMA28_IRQHandler                   0x70002503   Thumb Code     4  startup_mimxrt1064.o(.text)
    DMA13_DMA29_IRQHandler                   0x70002507   Thumb Code     4  startup_mimxrt1064.o(.text)
    DMA14_DMA30_IRQHandler                   0x7000250b   Thumb Code     4  startup_mimxrt1064.o(.text)
    DMA15_DMA31_IRQHandler                   0x7000250f   Thumb Code     4  startup_mimxrt1064.o(.text)
    DMA_ERROR_IRQHandler                     0x70002513   Thumb Code     4  startup_mimxrt1064.o(.text)
    LPUART1_IRQHandler                       0x70002517   Thumb Code     4  startup_mimxrt1064.o(.text)
    LPUART2_IRQHandler                       0x7000251b   Thumb Code     4  startup_mimxrt1064.o(.text)
    LPUART3_IRQHandler                       0x7000251f   Thumb Code     4  startup_mimxrt1064.o(.text)
    LPUART4_IRQHandler                       0x70002523   Thumb Code     4  startup_mimxrt1064.o(.text)
    LPUART5_IRQHandler                       0x70002527   Thumb Code     4  startup_mimxrt1064.o(.text)
    LPUART6_IRQHandler                       0x7000252b   Thumb Code     4  startup_mimxrt1064.o(.text)
    LPUART7_IRQHandler                       0x7000252f   Thumb Code     4  startup_mimxrt1064.o(.text)
    LPUART8_IRQHandler                       0x70002533   Thumb Code     4  startup_mimxrt1064.o(.text)
    LPI2C1_IRQHandler                        0x70002537   Thumb Code     4  startup_mimxrt1064.o(.text)
    LPI2C2_IRQHandler                        0x7000253b   Thumb Code     4  startup_mimxrt1064.o(.text)
    LPI2C3_IRQHandler                        0x7000253f   Thumb Code     4  startup_mimxrt1064.o(.text)
    LPI2C4_IRQHandler                        0x70002543   Thumb Code     4  startup_mimxrt1064.o(.text)
    LPSPI1_IRQHandler                        0x70002547   Thumb Code     4  startup_mimxrt1064.o(.text)
    LPSPI2_IRQHandler                        0x7000254b   Thumb Code     4  startup_mimxrt1064.o(.text)
    LPSPI3_IRQHandler                        0x7000254f   Thumb Code     4  startup_mimxrt1064.o(.text)
    LPSPI4_IRQHandler                        0x70002553   Thumb Code     4  startup_mimxrt1064.o(.text)
    CAN1_IRQHandler                          0x70002557   Thumb Code     4  startup_mimxrt1064.o(.text)
    CAN2_IRQHandler                          0x7000255b   Thumb Code     4  startup_mimxrt1064.o(.text)
    SAI1_IRQHandler                          0x7000255f   Thumb Code     4  startup_mimxrt1064.o(.text)
    SAI2_IRQHandler                          0x70002563   Thumb Code     4  startup_mimxrt1064.o(.text)
    SAI3_RX_IRQHandler                       0x70002567   Thumb Code     4  startup_mimxrt1064.o(.text)
    SAI3_TX_IRQHandler                       0x7000256b   Thumb Code     4  startup_mimxrt1064.o(.text)
    SPDIF_IRQHandler                         0x7000256f   Thumb Code     4  startup_mimxrt1064.o(.text)
    FLEXIO1_IRQHandler                       0x70002573   Thumb Code     4  startup_mimxrt1064.o(.text)
    FLEXIO2_IRQHandler                       0x70002577   Thumb Code     4  startup_mimxrt1064.o(.text)
    FLEXSPI2_IRQHandler                      0x7000257b   Thumb Code     4  startup_mimxrt1064.o(.text)
    FLEXSPI_IRQHandler                       0x7000257f   Thumb Code     4  startup_mimxrt1064.o(.text)
    USDHC1_IRQHandler                        0x70002583   Thumb Code     4  startup_mimxrt1064.o(.text)
    USDHC2_IRQHandler                        0x70002587   Thumb Code     4  startup_mimxrt1064.o(.text)
    ENET_IRQHandler                          0x7000258b   Thumb Code     4  startup_mimxrt1064.o(.text)
    ENET2_IRQHandler                         0x70002593   Thumb Code     4  startup_mimxrt1064.o(.text)
    ENET2_1588_Timer_IRQHandler              0x70002597   Thumb Code     4  startup_mimxrt1064.o(.text)
    CAN3_IRQHandler                          0x7000259b   Thumb Code     4  startup_mimxrt1064.o(.text)
    FLEXIO3_IRQHandler                       0x7000259f   Thumb Code     4  startup_mimxrt1064.o(.text)
    ACMP1_IRQHandler                         0x700025a3   Thumb Code     0  startup_mimxrt1064.o(.text)
    ACMP2_IRQHandler                         0x700025a3   Thumb Code     0  startup_mimxrt1064.o(.text)
    ACMP3_IRQHandler                         0x700025a3   Thumb Code     0  startup_mimxrt1064.o(.text)
    ACMP4_IRQHandler                         0x700025a3   Thumb Code     0  startup_mimxrt1064.o(.text)
    ADC1_IRQHandler                          0x700025a3   Thumb Code     0  startup_mimxrt1064.o(.text)
    ADC2_IRQHandler                          0x700025a3   Thumb Code     0  startup_mimxrt1064.o(.text)
    ADC_ETC_ERROR_IRQ_IRQHandler             0x700025a3   Thumb Code     0  startup_mimxrt1064.o(.text)
    ADC_ETC_IRQ0_IRQHandler                  0x700025a3   Thumb Code     0  startup_mimxrt1064.o(.text)
    ADC_ETC_IRQ1_IRQHandler                  0x700025a3   Thumb Code     0  startup_mimxrt1064.o(.text)
    ADC_ETC_IRQ2_IRQHandler                  0x700025a3   Thumb Code     0  startup_mimxrt1064.o(.text)
    BEE_IRQHandler                           0x700025a3   Thumb Code     0  startup_mimxrt1064.o(.text)
    CCM_1_IRQHandler                         0x700025a3   Thumb Code     0  startup_mimxrt1064.o(.text)
    CCM_2_IRQHandler                         0x700025a3   Thumb Code     0  startup_mimxrt1064.o(.text)
    CORE_IRQHandler                          0x700025a3   Thumb Code     0  startup_mimxrt1064.o(.text)
    CSU_IRQHandler                           0x700025a3   Thumb Code     0  startup_mimxrt1064.o(.text)
    CTI0_ERROR_IRQHandler                    0x700025a3   Thumb Code     0  startup_mimxrt1064.o(.text)
    CTI1_ERROR_IRQHandler                    0x700025a3   Thumb Code     0  startup_mimxrt1064.o(.text)
    DCDC_IRQHandler                          0x700025a3   Thumb Code     0  startup_mimxrt1064.o(.text)
    DCP_IRQHandler                           0x700025a3   Thumb Code     0  startup_mimxrt1064.o(.text)
    DCP_VMI_IRQHandler                       0x700025a3   Thumb Code     0  startup_mimxrt1064.o(.text)
    DMA_ERROR_DriverIRQHandler               0x700025a3   Thumb Code     0  startup_mimxrt1064.o(.text)
    DefaultISR                               0x700025a3   Thumb Code     0  startup_mimxrt1064.o(.text)
    ENC1_IRQHandler                          0x700025a3   Thumb Code     0  startup_mimxrt1064.o(.text)
    ENC2_IRQHandler                          0x700025a3   Thumb Code     0  startup_mimxrt1064.o(.text)
    ENC3_IRQHandler                          0x700025a3   Thumb Code     0  startup_mimxrt1064.o(.text)
    ENC4_IRQHandler                          0x700025a3   Thumb Code     0  startup_mimxrt1064.o(.text)
    ENET2_1588_Timer_DriverIRQHandler        0x700025a3   Thumb Code     0  startup_mimxrt1064.o(.text)
    ENET_1588_Timer_DriverIRQHandler         0x700025a3   Thumb Code     0  startup_mimxrt1064.o(.text)
    EWM_IRQHandler                           0x700025a3   Thumb Code     0  startup_mimxrt1064.o(.text)
    FLEXRAM_IRQHandler                       0x700025a3   Thumb Code     0  startup_mimxrt1064.o(.text)
    FLEXSPI2_DriverIRQHandler                0x700025a3   Thumb Code     0  startup_mimxrt1064.o(.text)
    FLEXSPI_DriverIRQHandler                 0x700025a3   Thumb Code     0  startup_mimxrt1064.o(.text)
    GPC_IRQHandler                           0x700025a3   Thumb Code     0  startup_mimxrt1064.o(.text)
    GPIO1_Combined_0_15_IRQHandler           0x700025a3   Thumb Code     0  startup_mimxrt1064.o(.text)
    GPIO1_Combined_16_31_IRQHandler          0x700025a3   Thumb Code     0  startup_mimxrt1064.o(.text)
    GPIO1_INT0_IRQHandler                    0x700025a3   Thumb Code     0  startup_mimxrt1064.o(.text)
    GPIO1_INT1_IRQHandler                    0x700025a3   Thumb Code     0  startup_mimxrt1064.o(.text)
    GPIO1_INT2_IRQHandler                    0x700025a3   Thumb Code     0  startup_mimxrt1064.o(.text)
    GPIO1_INT3_IRQHandler                    0x700025a3   Thumb Code     0  startup_mimxrt1064.o(.text)
    GPIO1_INT4_IRQHandler                    0x700025a3   Thumb Code     0  startup_mimxrt1064.o(.text)
    GPIO1_INT5_IRQHandler                    0x700025a3   Thumb Code     0  startup_mimxrt1064.o(.text)
    GPIO1_INT6_IRQHandler                    0x700025a3   Thumb Code     0  startup_mimxrt1064.o(.text)
    GPIO1_INT7_IRQHandler                    0x700025a3   Thumb Code     0  startup_mimxrt1064.o(.text)
    GPIO3_Combined_0_15_IRQHandler           0x700025a3   Thumb Code     0  startup_mimxrt1064.o(.text)
    GPIO3_Combined_16_31_IRQHandler          0x700025a3   Thumb Code     0  startup_mimxrt1064.o(.text)
    GPIO4_Combined_0_15_IRQHandler           0x700025a3   Thumb Code     0  startup_mimxrt1064.o(.text)
    GPIO4_Combined_16_31_IRQHandler          0x700025a3   Thumb Code     0  startup_mimxrt1064.o(.text)
    GPIO5_Combined_0_15_IRQHandler           0x700025a3   Thumb Code     0  startup_mimxrt1064.o(.text)
    GPIO5_Combined_16_31_IRQHandler          0x700025a3   Thumb Code     0  startup_mimxrt1064.o(.text)
    GPIO6_7_8_9_IRQHandler                   0x700025a3   Thumb Code     0  startup_mimxrt1064.o(.text)
    GPR_IRQ_IRQHandler                       0x700025a3   Thumb Code     0  startup_mimxrt1064.o(.text)
    GPT1_IRQHandler                          0x700025a3   Thumb Code     0  startup_mimxrt1064.o(.text)
    GPT2_IRQHandler                          0x700025a3   Thumb Code     0  startup_mimxrt1064.o(.text)
    KPP_IRQHandler                           0x700025a3   Thumb Code     0  startup_mimxrt1064.o(.text)
    LCDIF_IRQHandler                         0x700025a3   Thumb Code     0  startup_mimxrt1064.o(.text)
    PMU_EVENT_IRQHandler                     0x700025a3   Thumb Code     0  startup_mimxrt1064.o(.text)
    PWM1_0_IRQHandler                        0x700025a3   Thumb Code     0  startup_mimxrt1064.o(.text)
    PWM1_1_IRQHandler                        0x700025a3   Thumb Code     0  startup_mimxrt1064.o(.text)
    PWM1_2_IRQHandler                        0x700025a3   Thumb Code     0  startup_mimxrt1064.o(.text)
    PWM1_3_IRQHandler                        0x700025a3   Thumb Code     0  startup_mimxrt1064.o(.text)
    PWM1_FAULT_IRQHandler                    0x700025a3   Thumb Code     0  startup_mimxrt1064.o(.text)
    PWM2_0_IRQHandler                        0x700025a3   Thumb Code     0  startup_mimxrt1064.o(.text)
    PWM2_1_IRQHandler                        0x700025a3   Thumb Code     0  startup_mimxrt1064.o(.text)
    PWM2_2_IRQHandler                        0x700025a3   Thumb Code     0  startup_mimxrt1064.o(.text)
    PWM2_3_IRQHandler                        0x700025a3   Thumb Code     0  startup_mimxrt1064.o(.text)
    PWM2_FAULT_IRQHandler                    0x700025a3   Thumb Code     0  startup_mimxrt1064.o(.text)
    PWM3_0_IRQHandler                        0x700025a3   Thumb Code     0  startup_mimxrt1064.o(.text)
    PWM3_1_IRQHandler                        0x700025a3   Thumb Code     0  startup_mimxrt1064.o(.text)
    PWM3_2_IRQHandler                        0x700025a3   Thumb Code     0  startup_mimxrt1064.o(.text)
    PWM3_3_IRQHandler                        0x700025a3   Thumb Code     0  startup_mimxrt1064.o(.text)
    PWM3_FAULT_IRQHandler                    0x700025a3   Thumb Code     0  startup_mimxrt1064.o(.text)
    PWM4_0_IRQHandler                        0x700025a3   Thumb Code     0  startup_mimxrt1064.o(.text)
    PWM4_1_IRQHandler                        0x700025a3   Thumb Code     0  startup_mimxrt1064.o(.text)
    PWM4_2_IRQHandler                        0x700025a3   Thumb Code     0  startup_mimxrt1064.o(.text)
    PWM4_3_IRQHandler                        0x700025a3   Thumb Code     0  startup_mimxrt1064.o(.text)
    PWM4_FAULT_IRQHandler                    0x700025a3   Thumb Code     0  startup_mimxrt1064.o(.text)
    PXP_IRQHandler                           0x700025a3   Thumb Code     0  startup_mimxrt1064.o(.text)
    RTWDOG_IRQHandler                        0x700025a3   Thumb Code     0  startup_mimxrt1064.o(.text)
    Reserved115_IRQHandler                   0x700025a3   Thumb Code     0  startup_mimxrt1064.o(.text)
    Reserved143_IRQHandler                   0x700025a3   Thumb Code     0  startup_mimxrt1064.o(.text)
    Reserved144_IRQHandler                   0x700025a3   Thumb Code     0  startup_mimxrt1064.o(.text)
    Reserved171_IRQHandler                   0x700025a3   Thumb Code     0  startup_mimxrt1064.o(.text)
    Reserved68_IRQHandler                    0x700025a3   Thumb Code     0  startup_mimxrt1064.o(.text)
    Reserved78_IRQHandler                    0x700025a3   Thumb Code     0  startup_mimxrt1064.o(.text)
    Reserved86_IRQHandler                    0x700025a3   Thumb Code     0  startup_mimxrt1064.o(.text)
    Reserved87_IRQHandler                    0x700025a3   Thumb Code     0  startup_mimxrt1064.o(.text)
    SEMC_IRQHandler                          0x700025a3   Thumb Code     0  startup_mimxrt1064.o(.text)
    SJC_IRQHandler                           0x700025a3   Thumb Code     0  startup_mimxrt1064.o(.text)
    SNVS_HP_WRAPPER_IRQHandler               0x700025a3   Thumb Code     0  startup_mimxrt1064.o(.text)
    SNVS_HP_WRAPPER_TZ_IRQHandler            0x700025a3   Thumb Code     0  startup_mimxrt1064.o(.text)
    SNVS_LP_WRAPPER_IRQHandler               0x700025a3   Thumb Code     0  startup_mimxrt1064.o(.text)
    SRC_IRQHandler                           0x700025a3   Thumb Code     0  startup_mimxrt1064.o(.text)
    TEMP_LOW_HIGH_IRQHandler                 0x700025a3   Thumb Code     0  startup_mimxrt1064.o(.text)
    TEMP_PANIC_IRQHandler                    0x700025a3   Thumb Code     0  startup_mimxrt1064.o(.text)
    TMR1_IRQHandler                          0x700025a3   Thumb Code     0  startup_mimxrt1064.o(.text)
    TMR2_IRQHandler                          0x700025a3   Thumb Code     0  startup_mimxrt1064.o(.text)
    TMR3_IRQHandler                          0x700025a3   Thumb Code     0  startup_mimxrt1064.o(.text)
    TMR4_IRQHandler                          0x700025a3   Thumb Code     0  startup_mimxrt1064.o(.text)
    TRNG_IRQHandler                          0x700025a3   Thumb Code     0  startup_mimxrt1064.o(.text)
    TSC_DIG_IRQHandler                       0x700025a3   Thumb Code     0  startup_mimxrt1064.o(.text)
    USB_PHY1_IRQHandler                      0x700025a3   Thumb Code     0  startup_mimxrt1064.o(.text)
    USB_PHY2_IRQHandler                      0x700025a3   Thumb Code     0  startup_mimxrt1064.o(.text)
    WDOG1_IRQHandler                         0x700025a3   Thumb Code     0  startup_mimxrt1064.o(.text)
    WDOG2_IRQHandler                         0x700025a3   Thumb Code     0  startup_mimxrt1064.o(.text)
    XBAR1_IRQ_0_1_IRQHandler                 0x700025a3   Thumb Code     0  startup_mimxrt1064.o(.text)
    XBAR1_IRQ_2_3_IRQHandler                 0x700025a3   Thumb Code     0  startup_mimxrt1064.o(.text)
    SystemInit                               0x70002699   Thumb Code   926  system_mimxrt1064.o(.text.SystemInit)
    SystemInitHook                           0x70002a39   Thumb Code     2  system_mimxrt1064.o(.text.SystemInitHook)
    Long Thumb to Thumb Veneer to __rt_entry 0x70002a3b   Thumb Code    10  anon$$obj.o(Veneer$$Code)
    Region$$Table$$Base                      0x70002a44   Number         0  anon$$obj.o(Region$$Table)
    Region$$Table$$Limit                     0x70002a74   Number         0  anon$$obj.o(Region$$Table)
    __rt_lib_init                            0x80000401   Thumb Code     0  libinit.o(.ARM.Collect$$libinit$$00000000)
    __rt_lib_init_fp_1                       0x80000403   Thumb Code     0  libinit2.o(.ARM.Collect$$libinit$$00000001)
    __rt_lib_init_alloca_1                   0x80000407   Thumb Code     0  libinit2.o(.ARM.Collect$$libinit$$0000002E)
    __rt_lib_init_argv_1                     0x80000407   Thumb Code     0  libinit2.o(.ARM.Collect$$libinit$$0000002C)
    __rt_lib_init_atexit_1                   0x80000407   Thumb Code     0  libinit2.o(.ARM.Collect$$libinit$$0000001B)
    __rt_lib_init_clock_1                    0x80000407   Thumb Code     0  libinit2.o(.ARM.Collect$$libinit$$00000021)
    __rt_lib_init_cpp_1                      0x80000407   Thumb Code     0  libinit2.o(.ARM.Collect$$libinit$$00000032)
    __rt_lib_init_exceptions_1               0x80000407   Thumb Code     0  libinit2.o(.ARM.Collect$$libinit$$00000030)
    __rt_lib_init_fp_trap_1                  0x80000407   Thumb Code     0  libinit2.o(.ARM.Collect$$libinit$$0000001F)
    __rt_lib_init_getenv_1                   0x80000407   Thumb Code     0  libinit2.o(.ARM.Collect$$libinit$$00000023)
    __rt_lib_init_heap_1                     0x80000407   Thumb Code     0  libinit2.o(.ARM.Collect$$libinit$$0000000A)
    __rt_lib_init_lc_collate_1               0x80000407   Thumb Code     0  libinit2.o(.ARM.Collect$$libinit$$00000011)
    __rt_lib_init_lc_ctype_1                 0x80000407   Thumb Code     0  libinit2.o(.ARM.Collect$$libinit$$00000013)
    __rt_lib_init_lc_monetary_1              0x80000407   Thumb Code     0  libinit2.o(.ARM.Collect$$libinit$$00000015)
    __rt_lib_init_lc_numeric_1               0x80000407   Thumb Code     0  libinit2.o(.ARM.Collect$$libinit$$00000017)
    __rt_lib_init_lc_time_1                  0x80000407   Thumb Code     0  libinit2.o(.ARM.Collect$$libinit$$00000019)
    __rt_lib_init_preinit_1                  0x80000407   Thumb Code     0  libinit2.o(.ARM.Collect$$libinit$$00000004)
    __rt_lib_init_rand_1                     0x80000407   Thumb Code     0  libinit2.o(.ARM.Collect$$libinit$$0000000E)
    __rt_lib_init_return                     0x80000407   Thumb Code     0  libinit2.o(.ARM.Collect$$libinit$$00000033)
    __rt_lib_init_signal_1                   0x80000407   Thumb Code     0  libinit2.o(.ARM.Collect$$libinit$$0000001D)
    __rt_lib_init_stdio_1                    0x80000407   Thumb Code     0  libinit2.o(.ARM.Collect$$libinit$$00000025)
    __rt_lib_init_user_alloc_1               0x80000407   Thumb Code     0  libinit2.o(.ARM.Collect$$libinit$$0000000C)
    __rt_lib_shutdown                        0x80000409   Thumb Code     0  libshutdown.o(.ARM.Collect$$libshutdown$$00000000)
    __rt_lib_shutdown_cpp_1                  0x8000040b   Thumb Code     0  libshutdown2.o(.ARM.Collect$$libshutdown$$00000002)
    __rt_lib_shutdown_fp_trap_1              0x8000040b   Thumb Code     0  libshutdown2.o(.ARM.Collect$$libshutdown$$00000007)
    __rt_lib_shutdown_heap_1                 0x8000040b   Thumb Code     0  libshutdown2.o(.ARM.Collect$$libshutdown$$0000000F)
    __rt_lib_shutdown_return                 0x8000040b   Thumb Code     0  libshutdown2.o(.ARM.Collect$$libshutdown$$00000010)
    __rt_lib_shutdown_signal_1               0x8000040b   Thumb Code     0  libshutdown2.o(.ARM.Collect$$libshutdown$$0000000A)
    __rt_lib_shutdown_stdio_1                0x8000040b   Thumb Code     0  libshutdown2.o(.ARM.Collect$$libshutdown$$00000004)
    __rt_lib_shutdown_user_alloc_1           0x8000040b   Thumb Code     0  libshutdown2.o(.ARM.Collect$$libshutdown$$0000000C)
    __rt_entry                               0x8000040d   Thumb Code     0  __rtentry.o(.ARM.Collect$$rtentry$$00000000)
    __rt_entry_presh_1                       0x8000040d   Thumb Code     0  __rtentry2.o(.ARM.Collect$$rtentry$$00000002)
    __rt_entry_sh                            0x8000040d   Thumb Code     0  __rtentry7.o(.ARM.Collect$$rtentry$$00000007)
    __rt_entry_li                            0x80000411   Thumb Code     0  __rtentry2.o(.ARM.Collect$$rtentry$$0000000A)
    __rt_entry_postsh_1                      0x80000411   Thumb Code     0  __rtentry2.o(.ARM.Collect$$rtentry$$00000009)
    __rt_entry_main                          0x80000415   Thumb Code     0  __rtentry2.o(.ARM.Collect$$rtentry$$0000000D)
    __rt_entry_postli_1                      0x80000415   Thumb Code     0  __rtentry2.o(.ARM.Collect$$rtentry$$0000000C)
    __rt_exit                                0x80000421   Thumb Code     0  rtexit.o(.ARM.Collect$$rtexit$$00000000)
    __rt_exit_ls                             0x80000423   Thumb Code     0  rtexit2.o(.ARM.Collect$$rtexit$$00000003)
    __rt_exit_prels_1                        0x80000423   Thumb Code     0  rtexit2.o(.ARM.Collect$$rtexit$$00000002)
    __rt_exit_exit                           0x80000427   Thumb Code     0  rtexit2.o(.ARM.Collect$$rtexit$$00000004)
    __aeabi_uldivmod                         0x8000042d   Thumb Code     0  lludivv7m.o(.text)
    _ll_udiv                                 0x8000042d   Thumb Code   238  lludivv7m.o(.text)
    __aeabi_ldivmod                          0x8000051b   Thumb Code     0  llsdiv.o(.text)
    _ll_sdiv                                 0x8000051b   Thumb Code    72  llsdiv.o(.text)
    strlen                                   0x80000563   Thumb Code    62  strlen.o(.text)
    __aeabi_memclr4                          0x800005a1   Thumb Code     0  rt_memclr_w.o(.text)
    __aeabi_memclr8                          0x800005a1   Thumb Code     0  rt_memclr_w.o(.text)
    __rt_memclr_w                            0x800005a1   Thumb Code    78  rt_memclr_w.o(.text)
    _memset_w                                0x800005a5   Thumb Code     0  rt_memclr_w.o(.text)
    __read_errno                             0x800005ef   Thumb Code    10  _rserrno.o(.text)
    __set_errno                              0x800005f9   Thumb Code    12  _rserrno.o(.text)
    __aeabi_errno_addr                       0x80000605   Thumb Code     8  rt_errno_addr_intlibspace.o(.text)
    __errno$intlibspace                      0x80000605   Thumb Code     0  rt_errno_addr_intlibspace.o(.text)
    __rt_errno_addr$intlibspace              0x80000605   Thumb Code     0  rt_errno_addr_intlibspace.o(.text)
    __I$use$semihosting                      0x8000060d   Thumb Code     0  use_no_semi.o(.text)
    __use_no_semihosting_swi                 0x8000060d   Thumb Code     2  use_no_semi.o(.text)
    __semihosting_library_function           0x8000060f   Thumb Code     0  indicate_semi.o(.text)
    exit                                     0x8000060f   Thumb Code    18  exit.o(.text)
    _sys_exit                                0x80000621   Thumb Code     8  sys_exit.o(.text)
    BOARD_BootClockRUN                       0x80000631   Thumb Code  1572  clock_config.o(.text.BOARD_BootClockRUN)
    BOARD_ConfigMPU                          0x80000c59   Thumb Code   692  board.o(.text.BOARD_ConfigMPU)
    BOARD_DebugConsoleSrcFreq                0x80000f11   Thumb Code    90  board.o(.text.BOARD_DebugConsoleSrcFreq)
    BusFault_Handler                         0x80000f71   Thumb Code     2  common.o(.text.BusFault_Handler)
    CAN1_DriverIRQHandler                    0x80000f79   Thumb Code    64  fsl_flexcan.o(.text.CAN1_DriverIRQHandler)
    CAN2_DriverIRQHandler                    0x80000fb9   Thumb Code    64  fsl_flexcan.o(.text.CAN2_DriverIRQHandler)
    CAN3_DriverIRQHandler                    0x80000ff9   Thumb Code    64  fsl_flexcan.o(.text.CAN3_DriverIRQHandler)
    CLOCK_DeinitAudioPll                     0x80001039   Thumb Code    16  fsl_clock.o(.text.CLOCK_DeinitAudioPll)
    CLOCK_DeinitEnetPll                      0x80001049   Thumb Code    16  fsl_clock.o(.text.CLOCK_DeinitEnetPll)
    CLOCK_DeinitUsb2Pll                      0x80001059   Thumb Code    14  fsl_clock.o(.text.CLOCK_DeinitUsb2Pll)
    CLOCK_DeinitVideoPll                     0x80001069   Thumb Code    16  fsl_clock.o(.text.CLOCK_DeinitVideoPll)
    CLOCK_GetFreq                            0x80001079   Thumb Code  2514  fsl_clock.o(.text.CLOCK_GetFreq)
    CLOCK_GetPllFreq                         0x80001dd9   Thumb Code   602  fsl_clock.o(.text.CLOCK_GetPllFreq)
    CLOCK_GetSemcFreq                        0x80002039   Thumb Code   290  fsl_clock.o(.text.CLOCK_GetSemcFreq)
    CLOCK_InitArmPll                         0x80002161   Thumb Code    88  fsl_clock.o(.text.CLOCK_InitArmPll)
    CLOCK_InitExternalClk                    0x800021b9   Thumb Code   168  fsl_clock.o(.text.CLOCK_InitExternalClk)
    CLOCK_InitRcOsc24M                       0x80002261   Thumb Code    18  fsl_clock.o(.text.CLOCK_InitRcOsc24M)
    CLOCK_SwitchOsc                          0x80002279   Thumb Code    24  fsl_clock.o(.text.CLOCK_SwitchOsc)
    CSI_DriverIRQHandler                     0x80002291   Thumb Code    22  fsl_csi.o(.text.CSI_DriverIRQHandler)
    CSI_IRQHandler                           0x800022a9   Thumb Code    12  isr.o(.text.CSI_IRQHandler)
    CSI_TransferHandleIRQ                    0x800022b9   Thumb Code   260  fsl_csi.o(.text.CSI_TransferHandleIRQ)
    DMA0_DMA16_DriverIRQHandler              0x800023c1   Thumb Code    74  fsl_edma.o(.text.DMA0_DMA16_DriverIRQHandler)
    DMA10_DMA26_DriverIRQHandler             0x80002411   Thumb Code    74  fsl_edma.o(.text.DMA10_DMA26_DriverIRQHandler)
    DMA11_DMA27_DriverIRQHandler             0x80002461   Thumb Code    74  fsl_edma.o(.text.DMA11_DMA27_DriverIRQHandler)
    DMA12_DMA28_DriverIRQHandler             0x800024b1   Thumb Code    74  fsl_edma.o(.text.DMA12_DMA28_DriverIRQHandler)
    DMA13_DMA29_DriverIRQHandler             0x80002501   Thumb Code    74  fsl_edma.o(.text.DMA13_DMA29_DriverIRQHandler)
    DMA14_DMA30_DriverIRQHandler             0x80002551   Thumb Code    74  fsl_edma.o(.text.DMA14_DMA30_DriverIRQHandler)
    DMA15_DMA31_DriverIRQHandler             0x800025a1   Thumb Code    76  fsl_edma.o(.text.DMA15_DMA31_DriverIRQHandler)
    DMA1_DMA17_DriverIRQHandler              0x800025f1   Thumb Code    74  fsl_edma.o(.text.DMA1_DMA17_DriverIRQHandler)
    DMA2_DMA18_DriverIRQHandler              0x80002641   Thumb Code    74  fsl_edma.o(.text.DMA2_DMA18_DriverIRQHandler)
    DMA3_DMA19_DriverIRQHandler              0x80002691   Thumb Code    74  fsl_edma.o(.text.DMA3_DMA19_DriverIRQHandler)
    DMA4_DMA20_DriverIRQHandler              0x800026e1   Thumb Code    74  fsl_edma.o(.text.DMA4_DMA20_DriverIRQHandler)
    DMA5_DMA21_DriverIRQHandler              0x80002731   Thumb Code    74  fsl_edma.o(.text.DMA5_DMA21_DriverIRQHandler)
    DMA6_DMA22_DriverIRQHandler              0x80002781   Thumb Code    74  fsl_edma.o(.text.DMA6_DMA22_DriverIRQHandler)
    DMA7_DMA23_DriverIRQHandler              0x800027d1   Thumb Code    74  fsl_edma.o(.text.DMA7_DMA23_DriverIRQHandler)
    DMA8_DMA24_DriverIRQHandler              0x80002821   Thumb Code    74  fsl_edma.o(.text.DMA8_DMA24_DriverIRQHandler)
    DMA9_DMA25_DriverIRQHandler              0x80002871   Thumb Code    74  fsl_edma.o(.text.DMA9_DMA25_DriverIRQHandler)
    DbgConsole_Init                          0x800028c1   Thumb Code   186  fsl_debug_console.o(.text.DbgConsole_Init)
    DbgConsole_Printf                        0x80002a21   Thumb Code   110  fsl_debug_console.o(.text.DbgConsole_Printf)
    DebugMon_Handler                         0x80002a91   Thumb Code     2  common.o(.text.DebugMon_Handler)
    EDMA_HandleIRQ                           0x80002a99   Thumb Code   186  fsl_edma.o(.text.EDMA_HandleIRQ)
    ENET2_DriverIRQHandler                   0x80002b59   Thumb Code    12  fsl_enet.o(.text.ENET2_DriverIRQHandler)
    ENET_1588_Timer_IRQHandler               0x80002b69   Thumb Code     0  fsl_enet.o(.text.ENET_1588_Timer_IRQHandler)
    ENET_CommonFrame0IRQHandler              0x80002b69   Thumb Code   392  fsl_enet.o(.text.ENET_CommonFrame0IRQHandler)
    ENET_DriverIRQHandler                    0x80002cf1   Thumb Code    12  fsl_enet.o(.text.ENET_DriverIRQHandler)
    FLEXCAN_ReadFDRxMb                       0x80002d01   Thumb Code   496  fsl_flexcan.o(.text.FLEXCAN_ReadFDRxMb)
    FLEXCAN_ReadRxMb                         0x80002ef1   Thumb Code   190  fsl_flexcan.o(.text.FLEXCAN_ReadRxMb)
    FLEXCAN_SetFDTxMbConfig                  0x80002fb1   Thumb Code   388  fsl_flexcan.o(.text.FLEXCAN_SetFDTxMbConfig)
    FLEXCAN_TransferAbortSend                0x80003139   Thumb Code   282  fsl_flexcan.o(.text.FLEXCAN_TransferAbortSend)
    FLEXCAN_TransferHandleIRQ                0x80003259   Thumb Code  1270  fsl_flexcan.o(.text.FLEXCAN_TransferHandleIRQ)
    FLEXIO1_DriverIRQHandler                 0x80003751   Thumb Code    36  fsl_flexio.o(.text.FLEXIO1_DriverIRQHandler)
    FLEXIO2_DriverIRQHandler                 0x80003779   Thumb Code    36  fsl_flexio.o(.text.FLEXIO2_DriverIRQHandler)
    FLEXIO3_DriverIRQHandler                 0x800037a1   Thumb Code    36  fsl_flexio.o(.text.FLEXIO3_DriverIRQHandler)
    FLEXIO_CAMERA_ClearStatusFlags           0x800037c9   Thumb Code    56  fsl_flexio_camera.o(.text.FLEXIO_CAMERA_ClearStatusFlags)
    GPIO2_Combined_0_15_IRQHandler           0x80003801   Thumb Code     4  isr.o(.text.GPIO2_Combined_0_15_IRQHandler)
    GPIO2_Combined_16_31_IRQHandler          0x80003809   Thumb Code    18  isr.o(.text.GPIO2_Combined_16_31_IRQHandler)
    GPIO_PinInit                             0x80003821   Thumb Code   596  fsl_gpio.o(.text.GPIO_PinInit)
    HAL_UartInit                             0x80003a79   Thumb Code   264  lpuart_adapter.o(.text.HAL_UartInit)
    HAL_UartSendBlocking                     0x80003b81   Thumb Code   104  lpuart_adapter.o(.text.HAL_UartSendBlocking)
    HardFault_Handler                        0x80003be9   Thumb Code     2  common.o(.text.HardFault_Handler)
    LPI2C1_DriverIRQHandler                  0x80003bf1   Thumb Code    60  fsl_lpi2c.o(.text.LPI2C1_DriverIRQHandler)
    LPI2C2_DriverIRQHandler                  0x80003c31   Thumb Code    62  fsl_lpi2c.o(.text.LPI2C2_DriverIRQHandler)
    LPI2C3_DriverIRQHandler                  0x80003c71   Thumb Code    62  fsl_lpi2c.o(.text.LPI2C3_DriverIRQHandler)
    LPI2C4_DriverIRQHandler                  0x80003cb1   Thumb Code    62  fsl_lpi2c.o(.text.LPI2C4_DriverIRQHandler)
    LPI2C_MasterTransferHandleIRQ            0x80003cf1   Thumb Code   598  fsl_lpi2c.o(.text.LPI2C_MasterTransferHandleIRQ)
    LPI2C_SlaveTransferHandleIRQ             0x80003f49   Thumb Code   396  fsl_lpi2c.o(.text.LPI2C_SlaveTransferHandleIRQ)
    LPSPI1_DriverIRQHandler                  0x800040d9   Thumb Code    72  fsl_lpspi.o(.text.LPSPI1_DriverIRQHandler)
    LPSPI2_DriverIRQHandler                  0x80004121   Thumb Code    72  fsl_lpspi.o(.text.LPSPI2_DriverIRQHandler)
    LPSPI3_DriverIRQHandler                  0x80004169   Thumb Code    72  fsl_lpspi.o(.text.LPSPI3_DriverIRQHandler)
    LPSPI4_DriverIRQHandler                  0x800041b1   Thumb Code    72  fsl_lpspi.o(.text.LPSPI4_DriverIRQHandler)
    LPSPI_MasterTransferHandleIRQ            0x80004341   Thumb Code   344  fsl_lpspi.o(.text.LPSPI_MasterTransferHandleIRQ)
    LPSPI_SlaveTransferHandleIRQ             0x80004541   Thumb Code   492  fsl_lpspi.o(.text.LPSPI_SlaveTransferHandleIRQ)
    LPUART1_DriverIRQHandler                 0x80004731   Thumb Code    22  fsl_lpuart.o(.text.LPUART1_DriverIRQHandler)
    LPUART2_DriverIRQHandler                 0x80004749   Thumb Code    22  fsl_lpuart.o(.text.LPUART2_DriverIRQHandler)
    LPUART3_DriverIRQHandler                 0x80004761   Thumb Code    22  fsl_lpuart.o(.text.LPUART3_DriverIRQHandler)
    LPUART4_DriverIRQHandler                 0x80004779   Thumb Code    20  fsl_lpuart.o(.text.LPUART4_DriverIRQHandler)
    LPUART5_DriverIRQHandler                 0x80004791   Thumb Code    22  fsl_lpuart.o(.text.LPUART5_DriverIRQHandler)
    LPUART6_DriverIRQHandler                 0x800047a9   Thumb Code    22  fsl_lpuart.o(.text.LPUART6_DriverIRQHandler)
    LPUART7_DriverIRQHandler                 0x800047c1   Thumb Code    22  fsl_lpuart.o(.text.LPUART7_DriverIRQHandler)
    LPUART8_DriverIRQHandler                 0x800047d9   Thumb Code    20  fsl_lpuart.o(.text.LPUART8_DriverIRQHandler)
    LPUART_Deinit                            0x800047f1   Thumb Code   330  fsl_lpuart.o(.text.LPUART_Deinit)
    LPUART_GetDefaultConfig                  0x80004941   Thumb Code    50  fsl_lpuart.o(.text.LPUART_GetDefaultConfig)
    LPUART_Init                              0x80004979   Thumb Code  1172  fsl_lpuart.o(.text.LPUART_Init)
    LPUART_TransferHandleIRQ                 0x80004e11   Thumb Code  1336  fsl_lpuart.o(.text.LPUART_TransferHandleIRQ)
    LPUART_WriteBlocking                     0x80005349   Thumb Code    74  fsl_lpuart.o(.text.LPUART_WriteBlocking)
    MemManage_Handler                        0x80005399   Thumb Code     2  common.o(.text.MemManage_Handler)
    NMI_Handler                              0x800053a1   Thumb Code     2  common.o(.text.NMI_Handler)
    PIT_IRQHandler                           0x800053a9   Thumb Code    78  isr.o(.text.PIT_IRQHandler)
    PendSV_Handler                           0x800053f9   Thumb Code     2  common.o(.text.PendSV_Handler)
    SAI1_DriverIRQHandler                    0x80005401   Thumb Code   114  fsl_sai.o(.text.SAI1_DriverIRQHandler)
    SAI2_DriverIRQHandler                    0x80005479   Thumb Code   114  fsl_sai.o(.text.SAI2_DriverIRQHandler)
    SAI3_RX_DriverIRQHandler                 0x800054f1   Thumb Code    64  fsl_sai.o(.text.SAI3_RX_DriverIRQHandler)
    SAI3_TX_DriverIRQHandler                 0x80005531   Thumb Code    64  fsl_sai.o(.text.SAI3_TX_DriverIRQHandler)
    SAI_TransferRxHandleIRQ                  0x80005571   Thumb Code   784  fsl_sai.o(.text.SAI_TransferRxHandleIRQ)
    SAI_TransferTxHandleIRQ                  0x80005881   Thumb Code   800  fsl_sai.o(.text.SAI_TransferTxHandleIRQ)
    SPDIF_DriverIRQHandler                   0x80005ba1   Thumb Code    52  fsl_spdif.o(.text.SPDIF_DriverIRQHandler)
    SPDIF_TransferRxHandleIRQ                0x80005bd9   Thumb Code   700  fsl_spdif.o(.text.SPDIF_TransferRxHandleIRQ)
    SPDIF_TransferTxHandleIRQ                0x80005e99   Thumb Code   494  fsl_spdif.o(.text.SPDIF_TransferTxHandleIRQ)
    SVC_Handler                              0x80006089   Thumb Code     2  common.o(.text.SVC_Handler)
    SerialManager_Init                       0x80006091   Thumb Code    88  serial_manager.o(.text.SerialManager_Init)
    SerialManager_OpenReadHandle             0x800060e9   Thumb Code    74  serial_manager.o(.text.SerialManager_OpenReadHandle)
    SerialManager_OpenWriteHandle            0x80006139   Thumb Code    72  serial_manager.o(.text.SerialManager_OpenWriteHandle)
    SerialManager_WriteBlocking              0x80006181   Thumb Code   126  serial_manager.o(.text.SerialManager_WriteBlocking)
    Serial_UartInit                          0x80006201   Thumb Code   112  serial_port_uart.o(.text.Serial_UartInit)
    Serial_UartWrite                         0x80006271   Thumb Code    86  serial_port_uart.o(.text.Serial_UartWrite)
    StrFormatPrintf                          0x800062c9   Thumb Code  3226  fsl_str.o(.text.StrFormatPrintf)
    SysTick_Handler                          0x80006f69   Thumb Code     2  common.o(.text.SysTick_Handler)
    USB_DeviceEhciIsrFunction                0x80007051   Thumb Code  1656  usb_device_ehci.o(.text.USB_DeviceEhciIsrFunction)
    USB_DeviceNotificationTrigger            0x800076c9   Thumb Code   252  usb_device_dci.o(.text.USB_DeviceNotificationTrigger)
    USB_OTG1_IRQHandler                      0x800077c9   Thumb Code    14  zf_usb_cdc.o(.text.USB_OTG1_IRQHandler)
    USB_OTG2_IRQHandler                      0x800077d9   Thumb Code    14  zf_usb_cdc.o(.text.USB_OTG2_IRQHandler)
    USDHC1_DriverIRQHandler                  0x800077e9   Thumb Code    20  fsl_usdhc.o(.text.USDHC1_DriverIRQHandler)
    USDHC2_DriverIRQHandler                  0x80007801   Thumb Code    22  fsl_usdhc.o(.text.USDHC2_DriverIRQHandler)
    USDHC_TransferHandleIRQ                  0x80007819   Thumb Code   880  fsl_usdhc.o(.text.USDHC_TransferHandleIRQ)
    UsageFault_Handler                       0x80007b89   Thumb Code     2  common.o(.text.UsageFault_Handler)
    __aeabi_assert                           0x80007b91   Thumb Code    60  fsl_assert.o(.text.__aeabi_assert)
    board_init                               0x80007bd1   Thumb Code   152  board.o(.text.board_init)
    dma_restart                              0x80007c69   Thumb Code    42  zf_camera.o(.text.dma_restart)
    gpio_init                                0x80007c99   Thumb Code    68  zf_gpio.o(.text.gpio_init)
    gpio_set                                 0x80007ce1   Thumb Code    42  zf_gpio.o(.text.gpio_set)
    gpio_toggle                              0x80007d11   Thumb Code    30  zf_gpio.o(.text.gpio_toggle)
    iomuxc_pinconf                           0x80007d31   Thumb Code 15410  zf_iomuxc.o(.text.iomuxc_pinconf)
    main                                     0x8000b969   Thumb Code   106  main.o(.text.main)
    scc8660_vsync                            0x8000b9d9   Thumb Code    26  seekfree_scc8660.o(.text.scc8660_vsync)
    systick_delay_ms                         0x8000b9f9   Thumb Code    92  zf_systick.o(.text.systick_delay_ms)
    uart_init                                0x8000ba59   Thumb Code    84  zf_uart.o(.text.uart_init)
    uart_iomuxc                              0x8000bab1   Thumb Code   692  zf_uart.o(.text.uart_iomuxc)
    __ARM_fpclassify                         0x8000bd65   Thumb Code    48  fpclassify.o(i.__ARM_fpclassify)
    __hardfp_modf                            0x8000bd95   Thumb Code   186  modf.o(i.__hardfp_modf)
    __hardfp_pow                             0x8000be59   Thumb Code  2108  pow.o(i.__hardfp_pow)
    __kernel_poly                            0x8000c71d   Thumb Code   112  poly.o(i.__kernel_poly)
    __mathlib_dbl_divzero                    0x8000c791   Thumb Code    14  dunder.o(i.__mathlib_dbl_divzero)
    __mathlib_dbl_infnan2                    0x8000c7a9   Thumb Code     6  dunder.o(i.__mathlib_dbl_infnan2)
    __mathlib_dbl_invalid                    0x8000c7b1   Thumb Code    10  dunder.o(i.__mathlib_dbl_invalid)
    __mathlib_dbl_overflow                   0x8000c7c9   Thumb Code    10  dunder.o(i.__mathlib_dbl_overflow)
    __mathlib_dbl_underflow                  0x8000c7e1   Thumb Code    10  dunder.o(i.__mathlib_dbl_underflow)
    fabs                                     0x8000c7f9   Thumb Code    24  fabs.o(i.fabs)
    sqrt                                     0x8000c811   Thumb Code   106  sqrt.o(i.sqrt)
    __fpl_dcheck_NaN1                        0x8000c87d   Thumb Code    10  dcheck1.o(x$fpl$dcheck1)
    __aeabi_l2d                              0x8000c88d   Thumb Code     0  dfltll_clz.o(x$fpl$dfltll)
    _ll_sto_d                                0x8000c88d   Thumb Code   162  dfltll_clz.o(x$fpl$dfltll)
    __fpl_dnaninf                            0x8000c92f   Thumb Code   156  dnaninf.o(x$fpl$dnaninf)
    _fp_init                                 0x8000c9cb   Thumb Code    26  fpinit.o(x$fpl$fpinit)
    __fplib_config_fpu_vfp                   0x8000c9e3   Thumb Code     0  fpinit.o(x$fpl$fpinit)
    __fplib_config_pureend_doubles           0x8000c9e3   Thumb Code     0  fpinit.o(x$fpl$fpinit)
    __aeabi_d2lz                             0x8000c9e5   Thumb Code     0  dfixll.o(x$fpl$llsfromd)
    _ll_sfrom_d                              0x8000c9e5   Thumb Code   194  dfixll.o(x$fpl$llsfromd)
    __fpl_return_NaN                         0x8000caa7   Thumb Code   100  retnan.o(x$fpl$retnan)
    __ARM_scalbn                             0x8000cb0b   Thumb Code    92  scalbn.o(x$fpl$scalbn)
    __fpl_cmpreturn                          0x8000cb67   Thumb Code    48  trapv.o(x$fpl$trapveneer)
    __I$use$fp                               0x8000cb96   Number         0  usenofp.o(x$fpl$usenofp)
    __mathlib_zero                           0x8000cc20   Data           8  qnan.o(.constdata)
    armPllConfig_BOARD_BootClockRUN          0x8000cc28   Data           8  clock_config.o(.rodata.armPllConfig_BOARD_BootClockRUN)



==============================================================================

Memory Map of the image

  Image Entry point : 0x70002401

  Load Region LR_m_rom_config (Base: 0x70000000, Size: 0x00000200, Max: 0x00001000, ABSOLUTE)

    Execution Region RW_m_config_text (Exec base: 0x70000000, Load base: 0x70000000, Size: 0x00000200, Max: 0x00001000, ABSOLUTE)

    Exec Addr    Load Addr    Size         Type   Attr      Idx    E Section Name        Object

    0x70000000   0x70000000   0x00000200   Data   RO         4077    .boot_hdr.conf      evkmimxrt1064_flexspi_nor_config.o



  Load Region LR_m_rom_ivt (Base: 0x70001000, Size: 0x00000460, Max: 0x00001000, ABSOLUTE)

    Execution Region RW_m_ivt_text (Exec base: 0x70001000, Load base: 0x70001000, Size: 0x00000460, Max: 0x00001000, ABSOLUTE)

    Exec Addr    Load Addr    Size         Type   Attr      Idx    E Section Name        Object

    0x70001000   0x70001000   0x00000020   Data   RO         4092    .boot_hdr.ivt       fsl_flexspi_nor_boot.o
    0x70001020   0x70001020   0x00000010   Data   RO         4091    .boot_hdr.boot_data  fsl_flexspi_nor_boot.o
    0x70001030   0x70001030   0x00000430   Data   RO         4084    .boot_hdr.dcd_data  evkmimxrt1064_sdram_ini_dcd.o



  Load Region LR_m_text (Base: 0x70002000, Size: 0x0000d84c, Max: 0x703ffc00, ABSOLUTE)

    Execution Region ITCM_ncache (Exec base: 0x00000000, Load base: 0x7000f84c, Size: 0x00000000, Max: 0x00010000, ABSOLUTE)

    **** No section assigned to this execution region ****


    Execution Region RW_m_data (Exec base: 0x20000000, Load base: 0x7000f7fc, Size: 0x000098bc, Max: 0x0006ec00, ABSOLUTE)

    Exec Addr    Load Addr    Size         Type   Attr      Idx    E Section Name        Object

    0x20000000   0x7000f7fc   0x00000028   Data   RW         2684    .data.PORTPTR       zf_gpio.o
    0x20000028   0x7000f824   0x00000004   Data   RW          161    .data.SystemCoreClock  system_mimxrt1064.o
    0x2000002c   0x7000f828   0x00000024   Data   RW         2984    .data.UARTN         zf_uart.o
    0x20000050        -       0x00000060   Zero   RW         4390    .bss                c_w.l(libspace.o)
    0x200000b0        -       0x00000018   Zero   RW         1070    .bss..L_MergedGlobals  fsl_flexio.o
    0x200000c8        -       0x00000030   Zero   RW         1604    .bss..L_MergedGlobals  fsl_lpi2c.o
    0x200000f8        -       0x00000020   Zero   RW         2095    .bss..L_MergedGlobals  fsl_sai.o
    0x20000118        -       0x00000010   Zero   RW         2307    .bss..L_MergedGlobals  fsl_spdif.o
    0x20000128        -       0x0000000c   Zero   RW         2475    .bss..L_MergedGlobals  fsl_usdhc.o
    0x20000134        -       0x00000054   Zero   RW         2606    .bss..L_MergedGlobals  zf_camera.o
    0x20000188        -       0x00000032   Zero   RW         3063    .bss..L_MergedGlobals  zf_usb_cdc.o
    0x200001ba   0x7000f84c   0x00000002   PAD
    0x200001bc        -       0x00000020   Zero   RW         4054    .bss..L_MergedGlobals  fsl_debug_console.o
    0x200001dc        -       0x00000004   Zero   RW         2473    .bss.NonCacheable   fsl_usdhc.o
    0x200001e0        -       0x00009600   Zero   RW         3494    .bss.NonCacheable   seekfree_scc8660.o
    0x200097e0        -       0x00000004   Zero   RW          380    .bss.g_rtcXtalFreq  fsl_clock.o
    0x200097e4        -       0x00000004   Zero   RW          379    .bss.g_xtalFreq     fsl_clock.o
    0x200097e8        -       0x00000080   Zero   RW          776    .bss.s_EDMAHandle   fsl_edma.o
    0x20009868        -       0x00000008   Zero   RW          908    .bss.s_ENETHandle   fsl_enet.o
    0x20009870        -       0x00000004   Zero   RW          472    .bss.s_csiHandle.0  fsl_csi.o
    0x20009874        -       0x00000010   Zero   RW         1023    .bss.s_flexcanHandle  fsl_flexcan.o
    0x20009884        -       0x00000014   Zero   RW         1698    .bss.s_lpspiHandle  fsl_lpspi.o
    0x20009898        -       0x00000024   Zero   RW         1807    .bss.s_lpuartHandle  fsl_lpuart.o


    Execution Region ARM_LIB_HEAP (Exec base: 0x200098bc, Load base: 0x7000f84c, Size: 0x00000400, Max: 0x00000400, ABSOLUTE)

    Exec Addr    Load Addr    Size         Type   Attr      Idx    E Section Name        Object

    0x200098bc        -       0x00000400   Zero   RW            2    ARM_LIB_HEAP.bss    anon$$obj.o


    Execution Region ARM_LIB_STACK (Exec base: 0x2006f000, Load base: 0x7000f84c, Size: 0x00001000, Max: 0x00001000, ABSOLUTE)

    Exec Addr    Load Addr    Size         Type   Attr      Idx    E Section Name        Object

    0x2006f000        -       0x00001000   Zero   RW            3    ARM_LIB_STACK.bss   anon$$obj.o


    Execution Region OCRAM_cache (Exec base: 0x20200000, Load base: 0x7000f84c, Size: 0x00000000, Max: 0x00080000, ABSOLUTE)

    **** No section assigned to this execution region ****


    Execution Region VECTOR_ROM (Exec base: 0x70002000, Load base: 0x70002000, Size: 0x00000400, Max: 0x00000400, ABSOLUTE)

    Exec Addr    Load Addr    Size         Type   Attr      Idx    E Section Name        Object

    0x70002000   0x70002000   0x00000400   Data   RO         3662    RESET               startup_mimxrt1064.o


    Execution Region ER_m_text (Exec base: 0x70002400, Load base: 0x70002400, Size: 0x00000674, Max: 0x003fdc00, ABSOLUTE)

    Exec Addr    Load Addr    Size         Type   Attr      Idx    E Section Name        Object

    0x70002400   0x70002400   0x00000008   Code   RO         4211  * !!!main             c_w.l(__main.o)
    0x70002408   0x70002408   0x00000034   Code   RO         4662    !!!scatter          c_w.l(__scatter.o)
    0x7000243c   0x7000243c   0x0000001a   Code   RO         4664    !!handler_copy      c_w.l(__scatter_copy.o)
    0x70002456   0x70002456   0x00000002   PAD
    0x70002458   0x70002458   0x0000001c   Code   RO         4666    !!handler_zi        c_w.l(__scatter_zi.o)
    0x70002474   0x70002474   0x00000224   Code   RO         3663    .text               startup_mimxrt1064.o
    0x70002698   0x70002698   0x0000039e   Code   RO          155    .text.SystemInit    system_mimxrt1064.o
    0x70002a36   0x70002a36   0x00000002   PAD
    0x70002a38   0x70002a38   0x00000002   Code   RO          157    .text.SystemInitHook  system_mimxrt1064.o
    0x70002a3a   0x70002a3a   0x0000000a   Ven    RO         4668    Veneer$$Code        anon$$obj.o
    0x70002a44   0x70002a44   0x00000030   Data   RO         4661    Region$$Table       anon$$obj.o


    Execution Region VECTOR_RAM (Exec base: 0x80000000, Load base: 0x70002a74, Size: 0x00000400, Max: 0x00000400, ABSOLUTE)

    Exec Addr    Load Addr    Size         Type   Attr      Idx    E Section Name        Object

    0x80000000        -       0x00000400   Zero   RW            1    VECTOR_RAM.bss      anon$$obj.o


    Execution Region ER_m_ram_text (Exec base: 0x80000400, Load base: 0x70002a78, Size: 0x0000cd84, Max: 0x01dfdc00, ABSOLUTE)

    Exec Addr    Load Addr    Size         Type   Attr      Idx    E Section Name        Object

    0x80000400   0x70002a78   0x00000002   Code   RO         4529    .ARM.Collect$$libinit$$00000000  c_w.l(libinit.o)
    0x80000402   0x70002a7a   0x00000004   Code   RO         4298    .ARM.Collect$$libinit$$00000001  c_w.l(libinit2.o)
    0x80000406   0x70002a7e   0x00000000   Code   RO         4301    .ARM.Collect$$libinit$$00000004  c_w.l(libinit2.o)
    0x80000406   0x70002a7e   0x00000000   Code   RO         4304    .ARM.Collect$$libinit$$0000000A  c_w.l(libinit2.o)
    0x80000406   0x70002a7e   0x00000000   Code   RO         4306    .ARM.Collect$$libinit$$0000000C  c_w.l(libinit2.o)
    0x80000406   0x70002a7e   0x00000000   Code   RO         4308    .ARM.Collect$$libinit$$0000000E  c_w.l(libinit2.o)
    0x80000406   0x70002a7e   0x00000000   Code   RO         4311    .ARM.Collect$$libinit$$00000011  c_w.l(libinit2.o)
    0x80000406   0x70002a7e   0x00000000   Code   RO         4313    .ARM.Collect$$libinit$$00000013  c_w.l(libinit2.o)
    0x80000406   0x70002a7e   0x00000000   Code   RO         4315    .ARM.Collect$$libinit$$00000015  c_w.l(libinit2.o)
    0x80000406   0x70002a7e   0x00000000   Code   RO         4317    .ARM.Collect$$libinit$$00000017  c_w.l(libinit2.o)
    0x80000406   0x70002a7e   0x00000000   Code   RO         4319    .ARM.Collect$$libinit$$00000019  c_w.l(libinit2.o)
    0x80000406   0x70002a7e   0x00000000   Code   RO         4321    .ARM.Collect$$libinit$$0000001B  c_w.l(libinit2.o)
    0x80000406   0x70002a7e   0x00000000   Code   RO         4323    .ARM.Collect$$libinit$$0000001D  c_w.l(libinit2.o)
    0x80000406   0x70002a7e   0x00000000   Code   RO         4325    .ARM.Collect$$libinit$$0000001F  c_w.l(libinit2.o)
    0x80000406   0x70002a7e   0x00000000   Code   RO         4327    .ARM.Collect$$libinit$$00000021  c_w.l(libinit2.o)
    0x80000406   0x70002a7e   0x00000000   Code   RO         4329    .ARM.Collect$$libinit$$00000023  c_w.l(libinit2.o)
    0x80000406   0x70002a7e   0x00000000   Code   RO         4331    .ARM.Collect$$libinit$$00000025  c_w.l(libinit2.o)
    0x80000406   0x70002a7e   0x00000000   Code   RO         4335    .ARM.Collect$$libinit$$0000002C  c_w.l(libinit2.o)
    0x80000406   0x70002a7e   0x00000000   Code   RO         4337    .ARM.Collect$$libinit$$0000002E  c_w.l(libinit2.o)
    0x80000406   0x70002a7e   0x00000000   Code   RO         4339    .ARM.Collect$$libinit$$00000030  c_w.l(libinit2.o)
    0x80000406   0x70002a7e   0x00000000   Code   RO         4341    .ARM.Collect$$libinit$$00000032  c_w.l(libinit2.o)
    0x80000406   0x70002a7e   0x00000002   Code   RO         4342    .ARM.Collect$$libinit$$00000033  c_w.l(libinit2.o)
    0x80000408   0x70002a80   0x00000002   Code   RO         4643    .ARM.Collect$$libshutdown$$00000000  c_w.l(libshutdown.o)
    0x8000040a   0x70002a82   0x00000000   Code   RO         4567    .ARM.Collect$$libshutdown$$00000002  c_w.l(libshutdown2.o)
    0x8000040a   0x70002a82   0x00000000   Code   RO         4569    .ARM.Collect$$libshutdown$$00000004  c_w.l(libshutdown2.o)
    0x8000040a   0x70002a82   0x00000000   Code   RO         4572    .ARM.Collect$$libshutdown$$00000007  c_w.l(libshutdown2.o)
    0x8000040a   0x70002a82   0x00000000   Code   RO         4575    .ARM.Collect$$libshutdown$$0000000A  c_w.l(libshutdown2.o)
    0x8000040a   0x70002a82   0x00000000   Code   RO         4577    .ARM.Collect$$libshutdown$$0000000C  c_w.l(libshutdown2.o)
    0x8000040a   0x70002a82   0x00000000   Code   RO         4580    .ARM.Collect$$libshutdown$$0000000F  c_w.l(libshutdown2.o)
    0x8000040a   0x70002a82   0x00000002   Code   RO         4581    .ARM.Collect$$libshutdown$$00000010  c_w.l(libshutdown2.o)
    0x8000040c   0x70002a84   0x00000000   Code   RO         4251    .ARM.Collect$$rtentry$$00000000  c_w.l(__rtentry.o)
    0x8000040c   0x70002a84   0x00000000   Code   RO         4393    .ARM.Collect$$rtentry$$00000002  c_w.l(__rtentry2.o)
    0x8000040c   0x70002a84   0x00000004   Code   RO         4407    .ARM.Collect$$rtentry$$00000007  c_w.l(__rtentry7.o)
    0x80000410   0x70002a88   0x00000000   Code   RO         4395    .ARM.Collect$$rtentry$$00000009  c_w.l(__rtentry2.o)
    0x80000410   0x70002a88   0x00000004   Code   RO         4396    .ARM.Collect$$rtentry$$0000000A  c_w.l(__rtentry2.o)
    0x80000414   0x70002a8c   0x00000000   Code   RO         4398    .ARM.Collect$$rtentry$$0000000C  c_w.l(__rtentry2.o)
    0x80000414   0x70002a8c   0x00000008   Code   RO         4399    .ARM.Collect$$rtentry$$0000000D  c_w.l(__rtentry2.o)
    0x8000041c   0x70002a94   0x00000004   Code   RO         4408    .ARM.Collect$$rtentry$$00002718  c_w.l(__rtentry7.o)
    0x80000420   0x70002a98   0x00000002   Code   RO         4540    .ARM.Collect$$rtexit$$00000000  c_w.l(rtexit.o)
    0x80000422   0x70002a9a   0x00000000   Code   RO         4607    .ARM.Collect$$rtexit$$00000002  c_w.l(rtexit2.o)
    0x80000422   0x70002a9a   0x00000004   Code   RO         4608    .ARM.Collect$$rtexit$$00000003  c_w.l(rtexit2.o)
    0x80000426   0x70002a9e   0x00000006   Code   RO         4609    .ARM.Collect$$rtexit$$00000004  c_w.l(rtexit2.o)
    0x8000042c   0x70002aa4   0x000000ee   Code   RO         4162    .text               c_w.l(lludivv7m.o)
    0x8000051a   0x70002b92   0x00000048   Code   RO         4164    .text               c_w.l(llsdiv.o)
    0x80000562   0x70002bda   0x0000003e   Code   RO         4197    .text               c_w.l(strlen.o)
    0x800005a0   0x70002c18   0x0000004e   Code   RO         4209    .text               c_w.l(rt_memclr_w.o)
    0x800005ee   0x70002c66   0x00000016   Code   RO         4279    .text               c_w.l(_rserrno.o)
    0x80000604   0x70002c7c   0x00000008   Code   RO         4422    .text               c_w.l(rt_errno_addr_intlibspace.o)
    0x8000060c   0x70002c84   0x00000002   Code   RO         4491    .text               c_w.l(use_no_semi.o)
    0x8000060e   0x70002c86   0x00000000   Code   RO         4493    .text               c_w.l(indicate_semi.o)
    0x8000060e   0x70002c86   0x00000012   Code   RO         4508    .text               c_w.l(exit.o)
    0x80000620   0x70002c98   0x0000000c   Code   RO         4532    .text               c_w.l(sys_exit.o)
    0x8000062c   0x70002ca4   0x00000004   PAD
    0x80000630   0x70002ca8   0x00000624   Code   RO           28    .text.BOARD_BootClockRUN  clock_config.o
    0x80000c54   0x700032cc   0x00000004   PAD
    0x80000c58   0x700032d0   0x000002b4   Code   RO            9    .text.BOARD_ConfigMPU  board.o
    0x80000f0c   0x70003584   0x00000004   PAD
    0x80000f10   0x70003588   0x0000005a   Code   RO            5    .text.BOARD_DebugConsoleSrcFreq  board.o
    0x80000f6a   0x700035e2   0x00000006   PAD
    0x80000f70   0x700035e8   0x00000002   Code   RO         3001    .text.BusFault_Handler  common.o
    0x80000f72   0x700035ea   0x00000006   PAD
    0x80000f78   0x700035f0   0x00000040   Code   RO         1015    .text.CAN1_DriverIRQHandler  fsl_flexcan.o
    0x80000fb8   0x70003630   0x00000040   Code   RO         1017    .text.CAN2_DriverIRQHandler  fsl_flexcan.o
    0x80000ff8   0x70003670   0x00000040   Code   RO         1019    .text.CAN3_DriverIRQHandler  fsl_flexcan.o
    0x80001038   0x700036b0   0x00000010   Code   RO          356    .text.CLOCK_DeinitAudioPll  fsl_clock.o
    0x80001048   0x700036c0   0x00000010   Code   RO          364    .text.CLOCK_DeinitEnetPll  fsl_clock.o
    0x80001058   0x700036d0   0x0000000e   Code   RO          352    .text.CLOCK_DeinitUsb2Pll  fsl_clock.o
    0x80001066   0x700036de   0x00000002   PAD
    0x80001068   0x700036e0   0x00000010   Code   RO          360    .text.CLOCK_DeinitVideoPll  fsl_clock.o
    0x80001078   0x700036f0   0x000009d2   Code   RO          326    .text.CLOCK_GetFreq  fsl_clock.o
    0x80001a4a   0x700040c2   0x00000006   PAD
    0x80001a50   0x700040c8   0x00000386   Code   RO          314    .text.CLOCK_GetPeriphClkFreq  fsl_clock.o
    0x80001dd6   0x7000444e   0x00000002   PAD
    0x80001dd8   0x70004450   0x0000025a   Code   RO          328    .text.CLOCK_GetPllFreq  fsl_clock.o
    0x80002032   0x700046aa   0x00000006   PAD
    0x80002038   0x700046b0   0x00000122   Code   RO          316    .text.CLOCK_GetSemcFreq  fsl_clock.o
    0x8000215a   0x700047d2   0x00000006   PAD
    0x80002160   0x700047d8   0x00000058   Code   RO          340    .text.CLOCK_InitArmPll  fsl_clock.o
    0x800021b8   0x70004830   0x000000a8   Code   RO          302    .text.CLOCK_InitExternalClk  fsl_clock.o
    0x80002260   0x700048d8   0x00000012   Code   RO          308    .text.CLOCK_InitRcOsc24M  fsl_clock.o
    0x80002272   0x700048ea   0x00000006   PAD
    0x80002278   0x700048f0   0x00000018   Code   RO          306    .text.CLOCK_SwitchOsc  fsl_clock.o
    0x80002290   0x70004908   0x00000016   Code   RO          469    .text.CSI_DriverIRQHandler  fsl_csi.o
    0x800022a6   0x7000491e   0x00000002   PAD
    0x800022a8   0x70004920   0x0000000c   Code   RO         3940    .text.CSI_IRQHandler  isr.o
    0x800022b4   0x7000492c   0x00000004   PAD
    0x800022b8   0x70004930   0x00000104   Code   RO          459    .text.CSI_TransferHandleIRQ  fsl_csi.o
    0x800023bc   0x70004a34   0x00000004   PAD
    0x800023c0   0x70004a38   0x0000004a   Code   RO          647    .text.DMA0_DMA16_DriverIRQHandler  fsl_edma.o
    0x8000240a   0x70004a82   0x00000006   PAD
    0x80002410   0x70004a88   0x0000004a   Code   RO          667    .text.DMA10_DMA26_DriverIRQHandler  fsl_edma.o
    0x8000245a   0x70004ad2   0x00000006   PAD
    0x80002460   0x70004ad8   0x0000004a   Code   RO          669    .text.DMA11_DMA27_DriverIRQHandler  fsl_edma.o
    0x800024aa   0x70004b22   0x00000006   PAD
    0x800024b0   0x70004b28   0x0000004a   Code   RO          671    .text.DMA12_DMA28_DriverIRQHandler  fsl_edma.o
    0x800024fa   0x70004b72   0x00000006   PAD
    0x80002500   0x70004b78   0x0000004a   Code   RO          673    .text.DMA13_DMA29_DriverIRQHandler  fsl_edma.o
    0x8000254a   0x70004bc2   0x00000006   PAD
    0x80002550   0x70004bc8   0x0000004a   Code   RO          675    .text.DMA14_DMA30_DriverIRQHandler  fsl_edma.o
    0x8000259a   0x70004c12   0x00000006   PAD
    0x800025a0   0x70004c18   0x0000004c   Code   RO          677    .text.DMA15_DMA31_DriverIRQHandler  fsl_edma.o
    0x800025ec   0x70004c64   0x00000004   PAD
    0x800025f0   0x70004c68   0x0000004a   Code   RO          649    .text.DMA1_DMA17_DriverIRQHandler  fsl_edma.o
    0x8000263a   0x70004cb2   0x00000006   PAD
    0x80002640   0x70004cb8   0x0000004a   Code   RO          651    .text.DMA2_DMA18_DriverIRQHandler  fsl_edma.o
    0x8000268a   0x70004d02   0x00000006   PAD
    0x80002690   0x70004d08   0x0000004a   Code   RO          653    .text.DMA3_DMA19_DriverIRQHandler  fsl_edma.o
    0x800026da   0x70004d52   0x00000006   PAD
    0x800026e0   0x70004d58   0x0000004a   Code   RO          655    .text.DMA4_DMA20_DriverIRQHandler  fsl_edma.o
    0x8000272a   0x70004da2   0x00000006   PAD
    0x80002730   0x70004da8   0x0000004a   Code   RO          657    .text.DMA5_DMA21_DriverIRQHandler  fsl_edma.o
    0x8000277a   0x70004df2   0x00000006   PAD
    0x80002780   0x70004df8   0x0000004a   Code   RO          659    .text.DMA6_DMA22_DriverIRQHandler  fsl_edma.o
    0x800027ca   0x70004e42   0x00000006   PAD
    0x800027d0   0x70004e48   0x0000004a   Code   RO          661    .text.DMA7_DMA23_DriverIRQHandler  fsl_edma.o
    0x8000281a   0x70004e92   0x00000006   PAD
    0x80002820   0x70004e98   0x0000004a   Code   RO          663    .text.DMA8_DMA24_DriverIRQHandler  fsl_edma.o
    0x8000286a   0x70004ee2   0x00000006   PAD
    0x80002870   0x70004ee8   0x0000004a   Code   RO          665    .text.DMA9_DMA25_DriverIRQHandler  fsl_edma.o
    0x800028ba   0x70004f32   0x00000006   PAD
    0x800028c0   0x70004f38   0x000000ba   Code   RO         4033    .text.DbgConsole_Init  fsl_debug_console.o
    0x8000297a   0x70004ff2   0x00000006   PAD
    0x80002980   0x70004ff8   0x0000009c   Code   RO         4041    .text.DbgConsole_PrintCallback  fsl_debug_console.o
    0x80002a1c   0x70005094   0x00000004   PAD
    0x80002a20   0x70005098   0x0000006e   Code   RO         4039    .text.DbgConsole_Printf  fsl_debug_console.o
    0x80002a8e   0x70005106   0x00000002   PAD
    0x80002a90   0x70005108   0x00000002   Code   RO         3007    .text.DebugMon_Handler  common.o
    0x80002a92   0x7000510a   0x00000006   PAD
    0x80002a98   0x70005110   0x000000ba   Code   RO          645    .text.EDMA_HandleIRQ  fsl_edma.o
    0x80002b52   0x700051ca   0x00000006   PAD
    0x80002b58   0x700051d0   0x0000000c   Code   RO          904    .text.ENET2_DriverIRQHandler  fsl_enet.o
    0x80002b64   0x700051dc   0x00000004   PAD
    0x80002b68   0x700051e0   0x00000000   Code   RO          900    .text.ENET_1588_Timer_IRQHandler  fsl_enet.o
    0x80002b68   0x700051e0   0x00000188   Code   RO          892    .text.ENET_CommonFrame0IRQHandler  fsl_enet.o
    0x80002cf0   0x70005368   0x0000000c   Code   RO          902    .text.ENET_DriverIRQHandler  fsl_enet.o
    0x80002cfc   0x70005374   0x00000004   PAD
    0x80002d00   0x70005378   0x000001f0   Code   RO          977    .text.FLEXCAN_ReadFDRxMb  fsl_flexcan.o
    0x80002ef0   0x70005568   0x000000be   Code   RO          975    .text.FLEXCAN_ReadRxMb  fsl_flexcan.o
    0x80002fae   0x70005626   0x00000002   PAD
    0x80002fb0   0x70005628   0x00000184   Code   RO          961    .text.FLEXCAN_SetFDTxMbConfig  fsl_flexcan.o
    0x80003134   0x700057ac   0x00000004   PAD
    0x80003138   0x700057b0   0x0000011a   Code   RO         1005    .text.FLEXCAN_TransferAbortSend  fsl_flexcan.o
    0x80003252   0x700058ca   0x00000006   PAD
    0x80003258   0x700058d0   0x000004f6   Code   RO          993    .text.FLEXCAN_TransferHandleIRQ  fsl_flexcan.o
    0x8000374e   0x70005dc6   0x00000002   PAD
    0x80003750   0x70005dc8   0x00000024   Code   RO         1059    .text.FLEXIO1_DriverIRQHandler  fsl_flexio.o
    0x80003774   0x70005dec   0x00000004   PAD
    0x80003778   0x70005df0   0x00000024   Code   RO         1063    .text.FLEXIO2_DriverIRQHandler  fsl_flexio.o
    0x8000379c   0x70005e14   0x00000004   PAD
    0x800037a0   0x70005e18   0x00000024   Code   RO         1065    .text.FLEXIO3_DriverIRQHandler  fsl_flexio.o
    0x800037c4   0x70005e3c   0x00000004   PAD
    0x800037c8   0x70005e40   0x00000038   Code   RO         1090    .text.FLEXIO_CAMERA_ClearStatusFlags  fsl_flexio_camera.o
    0x80003800   0x70005e78   0x00000004   Code   RO         3946    .text.GPIO2_Combined_0_15_IRQHandler  isr.o
    0x80003804   0x70005e7c   0x00000004   PAD
    0x80003808   0x70005e80   0x00000012   Code   RO         3944    .text.GPIO2_Combined_16_31_IRQHandler  isr.o
    0x8000381a   0x70005e92   0x00000006   PAD
    0x80003820   0x70005e98   0x00000254   Code   RO         1488    .text.GPIO_PinInit  fsl_gpio.o
    0x80003a74   0x700060ec   0x00000004   PAD
    0x80003a78   0x700060f0   0x00000108   Code   RO          136    .text.HAL_UartInit  lpuart_adapter.o
    0x80003b80   0x700061f8   0x00000068   Code   RO          142    .text.HAL_UartSendBlocking  lpuart_adapter.o
    0x80003be8   0x70006260   0x00000002   Code   RO         2997    .text.HardFault_Handler  common.o
    0x80003bea   0x70006262   0x00000006   PAD
    0x80003bf0   0x70006268   0x0000003c   Code   RO         1593    .text.LPI2C1_DriverIRQHandler  fsl_lpi2c.o
    0x80003c2c   0x700062a4   0x00000004   PAD
    0x80003c30   0x700062a8   0x0000003e   Code   RO         1595    .text.LPI2C2_DriverIRQHandler  fsl_lpi2c.o
    0x80003c6e   0x700062e6   0x00000002   PAD
    0x80003c70   0x700062e8   0x0000003e   Code   RO         1597    .text.LPI2C3_DriverIRQHandler  fsl_lpi2c.o
    0x80003cae   0x70006326   0x00000002   PAD
    0x80003cb0   0x70006328   0x0000003e   Code   RO         1599    .text.LPI2C4_DriverIRQHandler  fsl_lpi2c.o
    0x80003cee   0x70006366   0x00000002   PAD
    0x80003cf0   0x70006368   0x00000256   Code   RO         1565    .text.LPI2C_MasterTransferHandleIRQ  fsl_lpi2c.o
    0x80003f46   0x700065be   0x00000002   PAD
    0x80003f48   0x700065c0   0x0000018c   Code   RO         1585    .text.LPI2C_SlaveTransferHandleIRQ  fsl_lpi2c.o
    0x800040d4   0x7000674c   0x00000004   PAD
    0x800040d8   0x70006750   0x00000048   Code   RO         1686    .text.LPSPI1_DriverIRQHandler  fsl_lpspi.o
    0x80004120   0x70006798   0x00000048   Code   RO         1688    .text.LPSPI2_DriverIRQHandler  fsl_lpspi.o
    0x80004168   0x700067e0   0x00000048   Code   RO         1690    .text.LPSPI3_DriverIRQHandler  fsl_lpspi.o
    0x800041b0   0x70006828   0x00000048   Code   RO         1692    .text.LPSPI4_DriverIRQHandler  fsl_lpspi.o
    0x800041f8   0x70006870   0x000000a8   Code   RO         1664    .text.LPSPI_CombineWriteData  fsl_lpspi.o
    0x800042a0   0x70006918   0x000000a0   Code   RO         1670    .text.LPSPI_MasterTransferFillUpTxFifo  fsl_lpspi.o
    0x80004340   0x700069b8   0x00000158   Code   RO         1658    .text.LPSPI_MasterTransferHandleIRQ  fsl_lpspi.o
    0x80004498   0x70006b10   0x000000a4   Code   RO         1666    .text.LPSPI_SeparateReadData  fsl_lpspi.o
    0x8000453c   0x70006bb4   0x00000004   PAD
    0x80004540   0x70006bb8   0x000001ec   Code   RO         1678    .text.LPSPI_SlaveTransferHandleIRQ  fsl_lpspi.o
    0x8000472c   0x70006da4   0x00000004   PAD
    0x80004730   0x70006da8   0x00000016   Code   RO         1789    .text.LPUART1_DriverIRQHandler  fsl_lpuart.o
    0x80004746   0x70006dbe   0x00000002   PAD
    0x80004748   0x70006dc0   0x00000016   Code   RO         1791    .text.LPUART2_DriverIRQHandler  fsl_lpuart.o
    0x8000475e   0x70006dd6   0x00000002   PAD
    0x80004760   0x70006dd8   0x00000016   Code   RO         1793    .text.LPUART3_DriverIRQHandler  fsl_lpuart.o
    0x80004776   0x70006dee   0x00000002   PAD
    0x80004778   0x70006df0   0x00000014   Code   RO         1795    .text.LPUART4_DriverIRQHandler  fsl_lpuart.o
    0x8000478c   0x70006e04   0x00000004   PAD
    0x80004790   0x70006e08   0x00000016   Code   RO         1797    .text.LPUART5_DriverIRQHandler  fsl_lpuart.o
    0x800047a6   0x70006e1e   0x00000002   PAD
    0x800047a8   0x70006e20   0x00000016   Code   RO         1799    .text.LPUART6_DriverIRQHandler  fsl_lpuart.o
    0x800047be   0x70006e36   0x00000002   PAD
    0x800047c0   0x70006e38   0x00000016   Code   RO         1801    .text.LPUART7_DriverIRQHandler  fsl_lpuart.o
    0x800047d6   0x70006e4e   0x00000002   PAD
    0x800047d8   0x70006e50   0x00000014   Code   RO         1803    .text.LPUART8_DriverIRQHandler  fsl_lpuart.o
    0x800047ec   0x70006e64   0x00000004   PAD
    0x800047f0   0x70006e68   0x0000014a   Code   RO         1747    .text.LPUART_Deinit  fsl_lpuart.o
    0x8000493a   0x70006fb2   0x00000006   PAD
    0x80004940   0x70006fb8   0x00000032   Code   RO         1749    .text.LPUART_GetDefaultConfig  fsl_lpuart.o
    0x80004972   0x70006fea   0x00000006   PAD
    0x80004978   0x70006ff0   0x00000494   Code   RO         1745    .text.LPUART_Init   fsl_lpuart.o
    0x80004e0c   0x70007484   0x00000004   PAD
    0x80004e10   0x70007488   0x00000538   Code   RO         1769    .text.LPUART_TransferHandleIRQ  fsl_lpuart.o
    0x80005348   0x700079c0   0x0000004a   Code   RO         1763    .text.LPUART_WriteBlocking  fsl_lpuart.o
    0x80005392   0x70007a0a   0x00000006   PAD
    0x80005398   0x70007a10   0x00000002   Code   RO         2999    .text.MemManage_Handler  common.o
    0x8000539a   0x70007a12   0x00000006   PAD
    0x800053a0   0x70007a18   0x00000002   Code   RO         2995    .text.NMI_Handler   common.o
    0x800053a2   0x70007a1a   0x00000006   PAD
    0x800053a8   0x70007a20   0x0000004e   Code   RO         3942    .text.PIT_IRQHandler  isr.o
    0x800053f6   0x70007a6e   0x00000002   PAD
    0x800053f8   0x70007a70   0x00000002   Code   RO         3009    .text.PendSV_Handler  common.o
    0x800053fa   0x70007a72   0x00000006   PAD
    0x80005400   0x70007a78   0x00000072   Code   RO         2083    .text.SAI1_DriverIRQHandler  fsl_sai.o
    0x80005472   0x70007aea   0x00000006   PAD
    0x80005478   0x70007af0   0x00000072   Code   RO         2085    .text.SAI2_DriverIRQHandler  fsl_sai.o
    0x800054ea   0x70007b62   0x00000006   PAD
    0x800054f0   0x70007b68   0x00000040   Code   RO         2091    .text.SAI3_RX_DriverIRQHandler  fsl_sai.o
    0x80005530   0x70007ba8   0x00000040   Code   RO         2089    .text.SAI3_TX_DriverIRQHandler  fsl_sai.o
    0x80005570   0x70007be8   0x00000310   Code   RO         2061    .text.SAI_TransferRxHandleIRQ  fsl_sai.o
    0x80005880   0x70007ef8   0x00000320   Code   RO         2057    .text.SAI_TransferTxHandleIRQ  fsl_sai.o
    0x80005ba0   0x70008218   0x00000034   Code   RO         2304    .text.SPDIF_DriverIRQHandler  fsl_spdif.o
    0x80005bd4   0x7000824c   0x00000004   PAD
    0x80005bd8   0x70008250   0x000002bc   Code   RO         2290    .text.SPDIF_TransferRxHandleIRQ  fsl_spdif.o
    0x80005e94   0x7000850c   0x00000004   PAD
    0x80005e98   0x70008510   0x000001ee   Code   RO         2286    .text.SPDIF_TransferTxHandleIRQ  fsl_spdif.o
    0x80006086   0x700086fe   0x00000002   PAD
    0x80006088   0x70008700   0x00000002   Code   RO         3005    .text.SVC_Handler   common.o
    0x8000608a   0x70008702   0x00000006   PAD
    0x80006090   0x70008708   0x00000058   Code   RO           88    .text.SerialManager_Init  serial_manager.o
    0x800060e8   0x70008760   0x0000004a   Code   RO           96    .text.SerialManager_OpenReadHandle  serial_manager.o
    0x80006132   0x700087aa   0x00000006   PAD
    0x80006138   0x700087b0   0x00000048   Code   RO           92    .text.SerialManager_OpenWriteHandle  serial_manager.o
    0x80006180   0x700087f8   0x0000007e   Code   RO          100    .text.SerialManager_WriteBlocking  serial_manager.o
    0x800061fe   0x70008876   0x00000002   PAD
    0x80006200   0x70008878   0x00000070   Code   RO          118    .text.Serial_UartInit  serial_port_uart.o
    0x80006270   0x700088e8   0x00000056   Code   RO          122    .text.Serial_UartWrite  serial_port_uart.o
    0x800062c6   0x7000893e   0x00000002   PAD
    0x800062c8   0x70008940   0x00000c9a   Code   RO         4064    .text.StrFormatPrintf  fsl_str.o
    0x80006f62   0x700095da   0x00000006   PAD
    0x80006f68   0x700095e0   0x00000002   Code   RO         3011    .text.SysTick_Handler  common.o
    0x80006f6a   0x700095e2   0x00000006   PAD
    0x80006f70   0x700095e8   0x000000da   Code   RO         3925    .text.USB_DeviceEhciCancelControlPipe  usb_device_ehci.o
    0x8000704a   0x700096c2   0x00000006   PAD
    0x80007050   0x700096c8   0x00000678   Code   RO         3923    .text.USB_DeviceEhciIsrFunction  usb_device_ehci.o
    0x800076c8   0x70009d40   0x000000fc   Code   RO         3831    .text.USB_DeviceNotificationTrigger  usb_device_dci.o
    0x800077c4   0x70009e3c   0x00000004   PAD
    0x800077c8   0x70009e40   0x0000000e   Code   RO         3036    .text.USB_OTG1_IRQHandler  zf_usb_cdc.o
    0x800077d6   0x70009e4e   0x00000002   PAD
    0x800077d8   0x70009e50   0x0000000e   Code   RO         3038    .text.USB_OTG2_IRQHandler  zf_usb_cdc.o
    0x800077e6   0x70009e5e   0x00000002   PAD
    0x800077e8   0x70009e60   0x00000014   Code   RO         2467    .text.USDHC1_DriverIRQHandler  fsl_usdhc.o
    0x800077fc   0x70009e74   0x00000004   PAD
    0x80007800   0x70009e78   0x00000016   Code   RO         2469    .text.USDHC2_DriverIRQHandler  fsl_usdhc.o
    0x80007816   0x70009e8e   0x00000002   PAD
    0x80007818   0x70009e90   0x00000370   Code   RO         2465    .text.USDHC_TransferHandleIRQ  fsl_usdhc.o
    0x80007b88   0x7000a200   0x00000002   Code   RO         3003    .text.UsageFault_Handler  common.o
    0x80007b8a   0x7000a202   0x00000006   PAD
    0x80007b90   0x7000a208   0x0000003c   Code   RO         3967    .text.__aeabi_assert  fsl_assert.o
    0x80007bcc   0x7000a244   0x00000004   PAD
    0x80007bd0   0x7000a248   0x00000098   Code   RO           11    .text.board_init    board.o
    0x80007c68   0x7000a2e0   0x0000002a   Code   RO         2602    .text.dma_restart   zf_camera.o
    0x80007c92   0x7000a30a   0x00000006   PAD
    0x80007c98   0x7000a310   0x00000044   Code   RO         2662    .text.gpio_init     zf_gpio.o
    0x80007cdc   0x7000a354   0x00000004   PAD
    0x80007ce0   0x7000a358   0x0000002a   Code   RO         2664    .text.gpio_set      zf_gpio.o
    0x80007d0a   0x7000a382   0x00000006   PAD
    0x80007d10   0x7000a388   0x0000001e   Code   RO         2670    .text.gpio_toggle   zf_gpio.o
    0x80007d2e   0x7000a3a6   0x00000002   PAD
    0x80007d30   0x7000a3a8   0x00003c32   Code   RO         2715    .text.iomuxc_pinconf  zf_iomuxc.o
    0x8000b962   0x7000dfda   0x00000006   PAD
    0x8000b968   0x7000dfe0   0x0000006a   Code   RO         3956    .text.main          main.o
    0x8000b9d2   0x7000e04a   0x00000006   PAD
    0x8000b9d8   0x7000e050   0x0000001a   Code   RO         3492    .text.scc8660_vsync  seekfree_scc8660.o
    0x8000b9f2   0x7000e06a   0x00000006   PAD
    0x8000b9f8   0x7000e070   0x0000005c   Code   RO         2946    .text.systick_delay_ms  zf_systick.o
    0x8000ba54   0x7000e0cc   0x00000004   PAD
    0x8000ba58   0x7000e0d0   0x00000054   Code   RO         2966    .text.uart_init     zf_uart.o
    0x8000baac   0x7000e124   0x00000004   PAD
    0x8000bab0   0x7000e128   0x000002b4   Code   RO         2964    .text.uart_iomuxc   zf_uart.o
    0x8000bd64   0x7000e3dc   0x00000030   Code   RO         4368    i.__ARM_fpclassify  m_wv.l(fpclassify.o)
    0x8000bd94   0x7000e40c   0x000000c0   Code   RO         4223    i.__hardfp_modf     m_wv.l(modf.o)
    0x8000be54   0x7000e4cc   0x00000004   PAD
    0x8000be58   0x7000e4d0   0x000008c4   Code   RO         4229    i.__hardfp_pow      m_wv.l(pow.o)
    0x8000c71c   0x7000ed94   0x00000070   Code   RO         4370    i.__kernel_poly     m_wv.l(poly.o)
    0x8000c78c   0x7000ee04   0x00000004   PAD
    0x8000c790   0x7000ee08   0x00000018   Code   RO         4348    i.__mathlib_dbl_divzero  m_wv.l(dunder.o)
    0x8000c7a8   0x7000ee20   0x00000006   Code   RO         4350    i.__mathlib_dbl_infnan2  m_wv.l(dunder.o)
    0x8000c7ae   0x7000ee26   0x00000002   PAD
    0x8000c7b0   0x7000ee28   0x00000018   Code   RO         4351    i.__mathlib_dbl_invalid  m_wv.l(dunder.o)
    0x8000c7c8   0x7000ee40   0x00000018   Code   RO         4352    i.__mathlib_dbl_overflow  m_wv.l(dunder.o)
    0x8000c7e0   0x7000ee58   0x00000018   Code   RO         4354    i.__mathlib_dbl_underflow  m_wv.l(dunder.o)
    0x8000c7f8   0x7000ee70   0x00000018   Code   RO         4364    i.fabs              m_wv.l(fabs.o)
    0x8000c810   0x7000ee88   0x0000006a   Code   RO         4375    i.sqrt              m_wv.l(sqrt.o)
    0x8000c87a   0x7000eef2   0x00000002   PAD
    0x8000c87c   0x7000eef4   0x00000010   Code   RO         4483    x$fpl$dcheck1       fz_wv.l(dcheck1.o)
    0x8000c88c   0x7000ef04   0x000000a2   Code   RO         4217    x$fpl$dfltll        fz_wv.l(dfltll_clz.o)
    0x8000c92e   0x7000efa6   0x0000009c   Code   RO         4343    x$fpl$dnaninf       fz_wv.l(dnaninf.o)
    0x8000c9ca   0x7000f042   0x0000001a   Code   RO         4485    x$fpl$fpinit        fz_wv.l(fpinit.o)
    0x8000c9e4   0x7000f05c   0x000000c2   Code   RO         4213    x$fpl$llsfromd      fz_wv.l(dfixll.o)
    0x8000caa6   0x7000f11e   0x00000064   Code   RO         4530    x$fpl$retnan        fz_wv.l(retnan.o)
    0x8000cb0a   0x7000f182   0x0000005c   Code   RO         4345    x$fpl$scalbn        fz_wv.l(scalbn.o)
    0x8000cb66   0x7000f1de   0x00000030   Code   RO         4592    x$fpl$trapveneer    fz_wv.l(trapv.o)
    0x8000cb96   0x7000f20e   0x00000000   Code   RO         4347    x$fpl$usenofp       fz_wv.l(usenofp.o)
    0x8000cb96   0x7000f20e   0x00000002   PAD
    0x8000cb98   0x7000f210   0x00000088   Data   RO         4232    .constdata          m_wv.l(pow.o)
    0x8000cc20   0x7000f298   0x00000008   Data   RO         4372    .constdata          m_wv.l(qnan.o)
    0x8000cc28   0x7000f2a0   0x00000008   Data   RO           30    .rodata.armPllConfig_BOARD_BootClockRUN  clock_config.o
    0x8000cc30   0x7000f2a8   0x00000010   Data   RO          378    .rodata.cst16       fsl_clock.o
    0x8000cc40   0x7000f2b8   0x00000024   Data   RO          145    .rodata.s_LpuartAdapterBase  lpuart_adapter.o
    0x8000cc64   0x7000f2dc   0x00000012   Data   RO         1806    .rodata.s_lpuartClock  fsl_lpuart.o
    0x8000cc76   0x7000f2ee   0x00000082   Data   RO          108    .rodata.str1.1      serial_manager.o
    0x8000ccf8   0x7000f370   0x0000004b   Data   RO          126    .rodata.str1.1      serial_port_uart.o
    0x8000cd43   0x7000f3bb   0x0000008d   Data   RO          144    .rodata.str1.1      lpuart_adapter.o
    0x8000cdd0   0x7000f448   0x0000003f   Data   RO          775    .rodata.str1.1      fsl_edma.o
    0x8000ce0f   0x7000f487   0x00000053   Data   RO          907    .rodata.str1.1      fsl_enet.o
    0x8000ce62   0x7000f4da   0x00000088   Data   RO         1021    .rodata.str1.1      fsl_flexcan.o
    0x8000ceea   0x7000f562   0x00000039   Data   RO         1494    .rodata.str1.1      fsl_gpio.o
    0x8000cf23   0x7000f59b   0x00000037   Data   RO         1601    .rodata.str1.1      fsl_lpi2c.o
    0x8000cf5a   0x7000f5d2   0x00000031   Data   RO         1695    .rodata.str1.1      fsl_lpspi.o
    0x8000cf8b   0x7000f603   0x000000af   Data   RO         1805    .rodata.str1.1      fsl_lpuart.o
    0x8000d03a   0x7000f6b2   0x0000002f   Data   RO         2094    .rodata.str1.1      fsl_sai.o
    0x8000d069   0x7000f6e1   0x00000031   Data   RO         2306    .rodata.str1.1      fsl_spdif.o
    0x8000d09a   0x7000f712   0x00000031   Data   RO         2471    .rodata.str1.1      fsl_usdhc.o
    0x8000d0cb   0x7000f743   0x00000031   Data   RO         2717    .rodata.str1.1      zf_iomuxc.o
    0x8000d0fc   0x7000f774   0x00000087   Data   RO         4053    .rodata.str1.1      fsl_debug_console.o


    Execution Region SDRAM_ncache (Exec base: 0x81e00000, Load base: 0x7000f84c, Size: 0x00000000, Max: 0x00200000, ABSOLUTE)

    **** No section assigned to this execution region ****


==============================================================================

Image component sizes


      Code (inc. data)   RO Data    RW Data    ZI Data      Debug   Object Name

       934          0          0          0          0      10078   board.o
      1572          0          8          0          0      23083   clock_config.o
        18          0          0          0          0       1096   common.o
         0          0        512          0          0       2507   evkmimxrt1064_flexspi_nor_config.o
         0          0       1072          0          0        602   evkmimxrt1064_sdram_ini_dcd.o
        60         44          0          0          0        703   fsl_assert.o
      4668        116         16          0          8      31902   fsl_clock.o
       282          0          0          0          4      21445   fsl_csi.o
       452          0        135          0         32       8632   fsl_debug_console.o
      1372          0         63          0        128      39175   fsl_edma.o
       416          0         83          0          8      34635   fsl_enet.o
      2818         64        136          0         16      52292   fsl_flexcan.o
       108          0          0          0         24      16861   fsl_flexio.o
        56          0          0          0          0      14076   fsl_flexio_camera.o
         0          0         48          0          0        909   fsl_flexspi_nor_boot.o
       596        118         57          0          0       7726   fsl_gpio.o
      1240         12         55          0         48      49888   fsl_lpi2c.o
      1616        104         49          0         20      44061   fsl_lpspi.o
      3134        128        193          0         36      31866   fsl_lpuart.o
      1940         40         47          0         32      39545   fsl_sai.o
      1246          0         49          0         16      27294   fsl_spdif.o
      3226        128          0          0          0      15715   fsl_str.o
       922         60         49          0         16      46034   fsl_usdhc.o
       112          0          0          0          0       5964   isr.o
       368         48        177          0          0       5878   lpuart_adapter.o
       106          0          0          0          0       4615   main.o
        26          0          0          0      38400      18346   seekfree_scc8660.o
       360          8        130          0          0       6203   serial_manager.o
       198         16         75          0          0       4098   serial_port_uart.o
       548        242       1024          0          0       3528   startup_mimxrt1064.o
       928          0          0          4          0       6634   system_mimxrt1064.o
       252          0          0          0          0      17676   usb_device_dci.o
      1874          0          0          0          0      22117   usb_device_ehci.o
        42          0          0          0         84      22039   zf_camera.o
       140          0          0         40          0      13810   zf_gpio.o
     15410       1564         49          0          0      48011   zf_iomuxc.o
        92          0          0          0          0       2476   zf_systick.o
       776         60          0         36          0      12502   zf_uart.o
        28          0          0          0         50      16797   zf_usb_cdc.o

    ----------------------------------------------------------------------
     48388       2768       4076         80      45068     730819   Object Totals
        10          0         48          0       6144          0   (incl. Generated)
       442         16          1          0          2          0   (incl. Padding)

    ----------------------------------------------------------------------

      Code (inc. data)   RO Data    RW Data    ZI Data      Debug   Library Member Name

         8          0          0          0          0         68   __main.o
         0          0          0          0          0          0   __rtentry.o
        12          0          0          0          0          0   __rtentry2.o
         8          4          0          0          0          0   __rtentry7.o
        52          8          0          0          0          0   __scatter.o
        26          0          0          0          0          0   __scatter_copy.o
        28          0          0          0          0          0   __scatter_zi.o
        22          0          0          0          0        100   _rserrno.o
        18          0          0          0          0         80   exit.o
         0          0          0          0          0          0   indicate_semi.o
         2          0          0          0          0          0   libinit.o
         6          0          0          0          0          0   libinit2.o
         2          0          0          0          0          0   libshutdown.o
         2          0          0          0          0          0   libshutdown2.o
         0          0          0          0         96          0   libspace.o
        72          0          0          0          0         76   llsdiv.o
       238          0          0          0          0        100   lludivv7m.o
         8          4          0          0          0         68   rt_errno_addr_intlibspace.o
        78          0          0          0          0         80   rt_memclr_w.o
         2          0          0          0          0          0   rtexit.o
        10          0          0          0          0          0   rtexit2.o
        62          0          0          0          0         76   strlen.o
        12          4          0          0          0         68   sys_exit.o
         2          0          0          0          0         68   use_no_semi.o
        16          4          0          0          0        116   dcheck1.o
       194          4          0          0          0        164   dfixll.o
       162          0          0          0          0        132   dfltll_clz.o
       156          4          0          0          0        140   dnaninf.o
        26          0          0          0          0        116   fpinit.o
       100          0          0          0          0        116   retnan.o
        92          0          0          0          0        116   scalbn.o
        48          0          0          0          0        116   trapv.o
         0          0          0          0          0          0   usenofp.o
       102         52          0          0          0        580   dunder.o
        24          0          0          0          0        124   fabs.o
        48          0          0          0          0        124   fpclassify.o
       192          6          0          0          0        176   modf.o
       112          0          0          0          0        116   poly.o
      2244        252        136          0          0        320   pow.o
         0          0          8          0          0          0   qnan.o
       106          0          0          0          0        140   sqrt.o

    ----------------------------------------------------------------------
      4312        350        144          0         96       3380   Library Totals
        20          8          0          0          0          0   (incl. Padding)

    ----------------------------------------------------------------------

      Code (inc. data)   RO Data    RW Data    ZI Data      Debug   Library Name

       670         20          0          0         96        784   c_w.l
       794         12          0          0          0       1016   fz_wv.l
      2828        310        144          0          0       1580   m_wv.l

    ----------------------------------------------------------------------
      4312        350        144          0         96       3380   Library Totals

    ----------------------------------------------------------------------

==============================================================================


      Code (inc. data)   RO Data    RW Data    ZI Data      Debug   

     52700       3118       4220         80      45164     731643   Grand Totals
     52700       3118       4220         80      45164     731643   ELF Image Totals
     52700       3118       4220         80          0          0   ROM Totals

==============================================================================

    Total RO  Size (Code + RO Data)                56920 (  55.59kB)
    Total RW  Size (RW Data + ZI Data)             45244 (  44.18kB)
    Total ROM Size (Code + RO Data + RW Data)      57000 (  55.66kB)

==============================================================================

